

================================================================
== Vitis HLS Report for 'dft'
================================================================
* Date:           Sat Nov  8 22:19:27 2025

* Version:        2024.2 (Build 5238294 on Nov  8 2024)
* Project:        dft.comp
* Solution:       hls (Vivado IP Flow Target)
* Product family: zynq
* Target device:  xc7z020-clg400-1


================================================================
== Performance Estimates
================================================================
+ Timing: 
    * Summary: 
    +--------+----------+----------+------------+
    |  Clock |  Target  | Estimated| Uncertainty|
    +--------+----------+----------+------------+
    |ap_clk  |  10.00 ns|  7.256 ns|     2.70 ns|
    +--------+----------+----------+------------+

+ Latency: 
    * Summary: 
    +---------+---------+-----------+-----------+---------+---------+---------+
    |  Latency (cycles) |   Latency (absolute)  |      Interval     | Pipeline|
    |   min   |   max   |    min    |    max    |   min   |   max   |   Type  |
    +---------+---------+-----------+-----------+---------+---------+---------+
    |  6292502|  6292502|  62.925 ms|  62.925 ms|  6292503|  6292503|       no|
    +---------+---------+-----------+-----------+---------+---------+---------+

    + Detail: 
        * Instance: 
        +--------------------------------------------------------------+----------------------------------------------------+---------+---------+-----------+-----------+---------+---------+------------------------------------------------+
        |                                                              |                                                    |  Latency (cycles) |   Latency (absolute)  |      Interval     |                    Pipeline                    |
        |                           Instance                           |                       Module                       |   min   |   max   |    min    |    max    |   min   |   max   |                      Type                      |
        +--------------------------------------------------------------+----------------------------------------------------+---------+---------+-----------+-----------+---------+---------+------------------------------------------------+
        |grp_dft_Pipeline_read_loop_fu_42                              |dft_Pipeline_read_loop                              |     1026|     1026|  10.260 us|  10.260 us|     1025|     1025|  loop auto-rewind stp (delay=0 clock cycles(s))|
        |grp_dft_Pipeline_compute_write_loop_inner_compute_loop_fu_54  |dft_Pipeline_compute_write_loop_inner_compute_loop  |  6291473|  6291473|  62.915 ms|  62.915 ms|  6291462|  6291462|  loop auto-rewind stp (delay=0 clock cycles(s))|
        +--------------------------------------------------------------+----------------------------------------------------+---------+---------+-----------+-----------+---------+---------+------------------------------------------------+

        * Loop: 
        N/A



================================================================
== Utilization Estimates
================================================================
* Summary: 
+-----------------+---------+-----+--------+-------+-----+
|       Name      | BRAM_18K| DSP |   FF   |  LUT  | URAM|
+-----------------+---------+-----+--------+-------+-----+
|DSP              |        -|    -|       -|      -|    -|
|Expression       |        -|    -|       -|      -|    -|
|FIFO             |        -|    -|       -|      -|    -|
|Instance         |        4|    5|    1127|   1439|    -|
|Memory           |        4|    -|       0|      0|    0|
|Multiplexer      |        -|    -|       0|     99|    -|
|Register         |        -|    -|       6|      -|    -|
+-----------------+---------+-----+--------+-------+-----+
|Total            |        8|    5|    1133|   1538|    0|
+-----------------+---------+-----+--------+-------+-----+
|Available        |      280|  220|  106400|  53200|    0|
+-----------------+---------+-----+--------+-------+-----+
|Utilization (%)  |        2|    2|       1|      2|    0|
+-----------------+---------+-----+--------+-------+-----+

+ Detail: 
    * Instance: 
    +--------------------------------------------------------------+----------------------------------------------------+---------+----+------+------+-----+
    |                           Instance                           |                       Module                       | BRAM_18K| DSP|  FF  |  LUT | URAM|
    +--------------------------------------------------------------+----------------------------------------------------+---------+----+------+------+-----+
    |grp_dft_Pipeline_compute_write_loop_inner_compute_loop_fu_54  |dft_Pipeline_compute_write_loop_inner_compute_loop  |        4|   5|  1102|  1355|    0|
    |grp_dft_Pipeline_read_loop_fu_42                              |dft_Pipeline_read_loop                              |        0|   0|    25|    84|    0|
    +--------------------------------------------------------------+----------------------------------------------------+---------+----+------+------+-----+
    |Total                                                         |                                                    |        4|   5|  1127|  1439|    0|
    +--------------------------------------------------------------+----------------------------------------------------+---------+----+------+------+-----+

    * DSP: 
    N/A

    * Memory: 
    +--------------+--------------------------+---------+---+----+-----+------+-----+------+-------------+
    |    Memory    |          Module          | BRAM_18K| FF| LUT| URAM| Words| Bits| Banks| W*Bits*Banks|
    +--------------+--------------------------+---------+---+----+-----+------+-----+------+-------------+
    |In_R_local_U  |In_R_local_RAM_AUTO_1R1W  |        2|  0|   0|    0|  1024|   32|     1|        32768|
    |In_I_local_U  |In_R_local_RAM_AUTO_1R1W  |        2|  0|   0|    0|  1024|   32|     1|        32768|
    +--------------+--------------------------+---------+---+----+-----+------+-----+------+-------------+
    |Total         |                          |        4|  0|   0|    0|  2048|   64|     2|        65536|
    +--------------+--------------------------+---------+---+----+-----+------+-----+------+-------------+

    * FIFO: 
    N/A

    * Expression: 
    N/A

    * Multiplexer: 
    +---------------------+----+-----------+-----+-----------+
    |         Name        | LUT| Input Size| Bits| Total Bits|
    +---------------------+----+-----------+-----+-----------+
    |In_I_local_address0  |  14|          3|   10|         30|
    |In_I_local_ce0       |  14|          3|    1|          3|
    |In_I_local_we0       |   9|          2|    1|          2|
    |In_R_local_address0  |  14|          3|   10|         30|
    |In_R_local_ce0       |  14|          3|    1|          3|
    |In_R_local_we0       |   9|          2|    1|          2|
    |ap_NS_fsm            |  25|          5|    1|          5|
    +---------------------+----+-----------+-----+-----------+
    |Total                |  99|         21|   25|         75|
    +---------------------+----+-----------+-----+-----------+

    * Register: 
    +---------------------------------------------------------------------------+---+----+-----+-----------+
    |                                    Name                                   | FF| LUT| Bits| Const Bits|
    +---------------------------------------------------------------------------+---+----+-----+-----------+
    |ap_CS_fsm                                                                  |  4|   0|    4|          0|
    |grp_dft_Pipeline_compute_write_loop_inner_compute_loop_fu_54_ap_start_reg  |  1|   0|    1|          0|
    |grp_dft_Pipeline_read_loop_fu_42_ap_start_reg                              |  1|   0|    1|          0|
    +---------------------------------------------------------------------------+---+----+-----+-----------+
    |Total                                                                      |  6|   0|    6|          0|
    +---------------------------------------------------------------------------+---+----+-----+-----------+



================================================================
== Interface
================================================================
* Summary: 
+-----------------+-----+-----+------------+--------------+--------------+
|    RTL Ports    | Dir | Bits|  Protocol  | Source Object|    C Type    |
+-----------------+-----+-----+------------+--------------+--------------+
|ap_clk           |   in|    1|  ap_ctrl_hs|           dft|  return value|
|ap_rst           |   in|    1|  ap_ctrl_hs|           dft|  return value|
|ap_start         |   in|    1|  ap_ctrl_hs|           dft|  return value|
|ap_done          |  out|    1|  ap_ctrl_hs|           dft|  return value|
|ap_idle          |  out|    1|  ap_ctrl_hs|           dft|  return value|
|ap_ready         |  out|    1|  ap_ctrl_hs|           dft|  return value|
|xx_R_dout        |   in|   32|     ap_fifo|          xx_R|       pointer|
|xx_R_empty_n     |   in|    1|     ap_fifo|          xx_R|       pointer|
|xx_R_read        |  out|    1|     ap_fifo|          xx_R|       pointer|
|xx_I_dout        |   in|   32|     ap_fifo|          xx_I|       pointer|
|xx_I_empty_n     |   in|    1|     ap_fifo|          xx_I|       pointer|
|xx_I_read        |  out|    1|     ap_fifo|          xx_I|       pointer|
|XX_R_r_r_din     |  out|   32|     ap_fifo|      XX_R_r_r|       pointer|
|XX_R_r_r_full_n  |   in|    1|     ap_fifo|      XX_R_r_r|       pointer|
|XX_R_r_r_write   |  out|    1|     ap_fifo|      XX_R_r_r|       pointer|
|XX_I_r_r_din     |  out|   32|     ap_fifo|      XX_I_r_r|       pointer|
|XX_I_r_r_full_n  |   in|    1|     ap_fifo|      XX_I_r_r|       pointer|
|XX_I_r_r_write   |  out|    1|     ap_fifo|      XX_I_r_r|       pointer|
+-----------------+-----+-----+------------+--------------+--------------+

