

================================================================
== Vitis HLS Report for 'dft'
================================================================
* Date:           Sat Nov  8 22:09:09 2025

* Version:        2024.2 (Build 5238294 on Nov  8 2024)
* Project:        dft.comp
* Solution:       hls (Vivado IP Flow Target)
* Product family: zynq
* Target device:  xc7z020-clg400-1


================================================================
== Performance Estimates
================================================================
+ Timing: 
    * Summary: 
    +--------+----------+----------+------------+
    |  Clock |  Target  | Estimated| Uncertainty|
    +--------+----------+----------+------------+
    |ap_clk  |  10.00 ns|  7.256 ns|     2.70 ns|
    +--------+----------+----------+------------+

+ Latency: 
    * Summary: 
    +---------+---------+----------+----------+-------+-------+---------+
    |  Latency (cycles) |  Latency (absolute) |    Interval   | Pipeline|
    |   min   |   max   |    min   |    max   |  min  |  max  |   Type  |
    +---------+---------+----------+----------+-------+-------+---------+
    |    67044|    68068|  0.670 ms|  0.681 ms|  67045|  68069|       no|
    +---------+---------+----------+----------+-------+-------+---------+

    + Detail: 
        * Instance: 
        +-----------------------------------------+------------------------------+---------+---------+----------+----------+-----+-----+------------------------------------------------+
        |                                         |                              |  Latency (cycles) |  Latency (absolute) |  Interval |                    Pipeline                    |
        |                 Instance                |            Module            |   min   |   max   |    min   |    max   | min | max |                      Type                      |
        +-----------------------------------------+------------------------------+---------+---------+----------+----------+-----+-----+------------------------------------------------+
        |grp_dft_Pipeline_VITIS_LOOP_26_3_fu_164  |dft_Pipeline_VITIS_LOOP_26_3  |       34|       34|  0.340 us|  0.340 us|   33|   33|  loop auto-rewind stp (delay=0 clock cycles(s))|
        |grp_sin_or_cos_float_s_fu_174            |sin_or_cos_float_s            |       27|       28|  0.270 us|  0.280 us|   27|   28|                                              no|
        |grp_sin_or_cos_float_s_fu_189            |sin_or_cos_float_s            |       27|       28|  0.270 us|  0.280 us|   27|   28|                                              no|
        +-----------------------------------------+------------------------------+---------+---------+----------+----------+-----+-----+------------------------------------------------+

        * Loop: 
        +--------------------+---------+---------+-------------+-----------+-----------+------+----------+
        |                    |  Latency (cycles) |  Iteration  |  Initiation Interval  | Trip |          |
        |      Loop Name     |   min   |   max   |   Latency   |  achieved |   target  | Count| Pipelined|
        +--------------------+---------+---------+-------------+-----------+-----------+------+----------+
        |- VITIS_LOOP_11_1   |    67008|    68032|  2094 ~ 2126|          -|          -|    32|        no|
        | + VITIS_LOOP_15_2  |     2080|     2112|      65 ~ 66|          -|          -|    32|        no|
        +--------------------+---------+---------+-------------+-----------+-----------+------+----------+



================================================================
== Utilization Estimates
================================================================
* Summary: 
+-----------------+---------+-----+--------+-------+-----+
|       Name      | BRAM_18K| DSP |   FF   |  LUT  | URAM|
+-----------------+---------+-----+--------+-------+-----+
|DSP              |        -|    -|       -|      -|    -|
|Expression       |        -|    -|       0|     58|    -|
|FIFO             |        -|    -|       -|      -|    -|
|Instance         |        -|   53|    4621|   8612|    -|
|Memory           |        2|    -|       0|      0|    0|
|Multiplexer      |        -|    -|       0|    483|    -|
|Register         |        -|    -|     694|      -|    -|
+-----------------+---------+-----+--------+-------+-----+
|Total            |        2|   53|    5315|   9153|    0|
+-----------------+---------+-----+--------+-------+-----+
|Available        |      280|  220|  106400|  53200|    0|
+-----------------+---------+-----+--------+-------+-----+
|Utilization (%)  |       ~0|   24|       4|     17|    0|
+-----------------+---------+-----+--------+-------+-----+

+ Detail: 
    * Instance: 
    +-----------------------------------------+------------------------------------+---------+----+------+------+-----+
    |                 Instance                |               Module               | BRAM_18K| DSP|  FF  |  LUT | URAM|
    +-----------------------------------------+------------------------------------+---------+----+------+------+-----+
    |grp_dft_Pipeline_VITIS_LOOP_26_3_fu_164  |dft_Pipeline_VITIS_LOOP_26_3        |        0|   0|    15|    66|    0|
    |dmul_64ns_64ns_64_7_max_dsp_1_U47        |dmul_64ns_64ns_64_7_max_dsp_1       |        0|  11|   342|   586|    0|
    |fadd_32ns_32ns_32_5_full_dsp_1_U40       |fadd_32ns_32ns_32_5_full_dsp_1      |        0|   2|   205|   390|    0|
    |faddfsub_32ns_32ns_32_5_full_dsp_1_U41   |faddfsub_32ns_32ns_32_5_full_dsp_1  |        0|   2|   205|   390|    0|
    |fmul_32ns_32ns_32_4_max_dsp_1_U42        |fmul_32ns_32ns_32_4_max_dsp_1       |        0|   3|   143|   321|    0|
    |fmul_32ns_32ns_32_4_max_dsp_1_U43        |fmul_32ns_32ns_32_4_max_dsp_1       |        0|   3|   143|   321|    0|
    |fmul_32ns_32ns_32_4_max_dsp_1_U44        |fmul_32ns_32ns_32_4_max_dsp_1       |        0|   3|   143|   321|    0|
    |fmul_32ns_32ns_32_4_max_dsp_1_U45        |fmul_32ns_32ns_32_4_max_dsp_1       |        0|   3|   143|   321|    0|
    |fptrunc_64ns_32_2_no_dsp_1_U46           |fptrunc_64ns_32_2_no_dsp_1          |        0|   0|     0|     0|    0|
    |grp_sin_or_cos_float_s_fu_174            |sin_or_cos_float_s                  |        0|  13|  1641|  2948|    0|
    |grp_sin_or_cos_float_s_fu_189            |sin_or_cos_float_s                  |        0|  13|  1641|  2948|    0|
    |sitodp_32ns_64_6_no_dsp_1_U48            |sitodp_32ns_64_6_no_dsp_1           |        0|   0|     0|     0|    0|
    +-----------------------------------------+------------------------------------+---------+----+------+------+-----+
    |Total                                    |                                    |        0|  53|  4621|  8612|    0|
    +-----------------------------------------+------------------------------------+---------+----+------+------+-----+

    * DSP: 
    N/A

    * Memory: 
    +-------+-------------------+---------+---+----+-----+------+-----+------+-------------+
    | Memory|       Module      | BRAM_18K| FF| LUT| URAM| Words| Bits| Banks| W*Bits*Banks|
    +-------+-------------------+---------+---+----+-----+------+-----+------+-------------+
    |X_R_U  |X_R_RAM_AUTO_1R1W  |        1|  0|   0|    0|    32|   32|     1|         1024|
    |X_I_U  |X_R_RAM_AUTO_1R1W  |        1|  0|   0|    0|    32|   32|     1|         1024|
    +-------+-------------------+---------+---+----+-----+------+-----+------+-------------+
    |Total  |                   |        2|  0|   0|    0|    64|   64|     2|         2048|
    +-------+-------------------+---------+---+----+-----+------+-----+------+-------------+

    * FIFO: 
    N/A

    * Expression: 
    +----------------------------------+----------+----+---+----+------------+------------+
    |           Variable Name          | Operation| DSP| FF| LUT| Bitwidth P0| Bitwidth P1|
    +----------------------------------+----------+----+---+----+------------+------------+
    |add_ln11_fu_268_p2                |         +|   0|  0|  14|           6|           1|
    |add_ln15_fu_292_p2                |         +|   0|  0|  14|           6|           1|
    |icmp_ln11_fu_262_p2               |      icmp|   0|  0|  14|           6|           7|
    |icmp_ln15_fu_286_p2               |      icmp|   0|  0|  14|           6|           7|
    |ap_block_state38_on_subcall_done  |        or|   0|  0|   2|           1|           1|
    +----------------------------------+----------+----+---+----+------------+------------+
    |Total                             |          |   0|  0|  58|          25|          17|
    +----------------------------------+----------+----+---+----+------------+------------+

    * Multiplexer: 
    +----------------------+-----+-----------+-----+-----------+
    |         Name         | LUT | Input Size| Bits| Total Bits|
    +----------------------+-----+-----------+-----+-----------+
    |X_I_address0          |    9|          2|    5|         10|
    |X_I_ce0               |    9|          2|    1|          2|
    |X_R_address0          |    9|          2|    5|         10|
    |X_R_ce0               |    9|          2|    1|          2|
    |ap_NS_fsm             |  233|         54|    1|         54|
    |grp_fu_204_p0         |   14|          3|   32|         96|
    |grp_fu_204_p1         |   14|          3|   32|         96|
    |grp_fu_208_opcode     |   14|          3|    2|          6|
    |grp_fu_208_p0         |   14|          3|   32|         96|
    |grp_fu_208_p1         |   14|          3|   32|         96|
    |grp_fu_233_p0         |   20|          4|   64|        256|
    |grp_fu_233_p1         |   20|          4|   64|        256|
    |grp_fu_239_p0         |   14|          3|   32|         96|
    |imag_sample_address0  |    9|          2|    5|         10|
    |imag_sample_ce0       |    9|          2|    1|          2|
    |imag_sample_we0       |    9|          2|    1|          2|
    |k_fu_64               |    9|          2|    6|         12|
    |n_reg_126             |    9|          2|    6|         12|
    |real_sample_address0  |    9|          2|    5|         10|
    |real_sample_ce0       |    9|          2|    1|          2|
    |real_sample_we0       |    9|          2|    1|          2|
    |sum_imag_reg_151      |    9|          2|   32|         64|
    |sum_real_reg_138      |    9|          2|   32|         64|
    +----------------------+-----+-----------+-----+-----------+
    |Total                 |  483|        108|  393|       1256|
    +----------------------+-----+-----------+-----+-----------+

    * Register: 
    +------------------------------------------------------+----+----+-----+-----------+
    |                         Name                         | FF | LUT| Bits| Const Bits|
    +------------------------------------------------------+----+----+-----+-----------+
    |add_ln11_reg_340                                      |   6|   0|    6|          0|
    |add_ln15_reg_364                                      |   6|   0|    6|          0|
    |add_reg_444                                           |  32|   0|   32|          0|
    |angle_reg_374                                         |  32|   0|   32|          0|
    |ap_CS_fsm                                             |  53|   0|   53|          0|
    |grp_dft_Pipeline_VITIS_LOOP_26_3_fu_164_ap_start_reg  |   1|   0|    1|          0|
    |grp_sin_or_cos_float_s_fu_174_ap_start_reg            |   1|   0|    1|          0|
    |grp_sin_or_cos_float_s_fu_189_ap_start_reg            |   1|   0|    1|          0|
    |imag_sample_load_reg_401                              |  32|   0|   32|          0|
    |k_fu_64                                               |   6|   0|    6|          0|
    |mul1_reg_429                                          |  32|   0|   32|          0|
    |mul2_reg_434                                          |  32|   0|   32|          0|
    |mul3_reg_439                                          |  32|   0|   32|          0|
    |mul8_reg_424                                          |  32|   0|   32|          0|
    |mul_reg_356                                           |  64|   0|   64|          0|
    |n_reg_126                                             |   6|   0|    6|          0|
    |real_sample_load_reg_390                              |  32|   0|   32|          0|
    |reg_242                                               |  64|   0|   64|          0|
    |reg_248                                               |  64|   0|   64|          0|
    |sub_reg_449                                           |  32|   0|   32|          0|
    |sum_imag_reg_151                                      |  32|   0|   32|          0|
    |sum_real_reg_138                                      |  32|   0|   32|          0|
    |tmp_reg_395                                           |  32|   0|   32|          0|
    |tmp_s_reg_406                                         |  32|   0|   32|          0|
    |zext_ln11_reg_350                                     |   6|   0|   64|         58|
    +------------------------------------------------------+----+----+-----+-----------+
    |Total                                                 | 694|   0|  752|         58|
    +------------------------------------------------------+----+----+-----+-----------+



================================================================
== Interface
================================================================
* Summary: 
+----------------------+-----+-----+------------+--------------+--------------+
|       RTL Ports      | Dir | Bits|  Protocol  | Source Object|    C Type    |
+----------------------+-----+-----+------------+--------------+--------------+
|ap_clk                |   in|    1|  ap_ctrl_hs|           dft|  return value|
|ap_rst                |   in|    1|  ap_ctrl_hs|           dft|  return value|
|ap_start              |   in|    1|  ap_ctrl_hs|           dft|  return value|
|ap_done               |  out|    1|  ap_ctrl_hs|           dft|  return value|
|ap_idle               |  out|    1|  ap_ctrl_hs|           dft|  return value|
|ap_ready              |  out|    1|  ap_ctrl_hs|           dft|  return value|
|real_sample_address0  |  out|    5|   ap_memory|   real_sample|         array|
|real_sample_ce0       |  out|    1|   ap_memory|   real_sample|         array|
|real_sample_we0       |  out|    1|   ap_memory|   real_sample|         array|
|real_sample_d0        |  out|   32|   ap_memory|   real_sample|         array|
|real_sample_q0        |   in|   32|   ap_memory|   real_sample|         array|
|imag_sample_address0  |  out|    5|   ap_memory|   imag_sample|         array|
|imag_sample_ce0       |  out|    1|   ap_memory|   imag_sample|         array|
|imag_sample_we0       |  out|    1|   ap_memory|   imag_sample|         array|
|imag_sample_d0        |  out|   32|   ap_memory|   imag_sample|         array|
|imag_sample_q0        |   in|   32|   ap_memory|   imag_sample|         array|
+----------------------+-----+-----+------------+--------------+--------------+

