

================================================================
== Vitis HLS Report for 'dft_Pipeline_VITIS_LOOP_67_4'
================================================================
* Date:           Sun Nov  9 02:12:22 2025

* Version:        2024.2 (Build 5238294 on Nov  8 2024)
* Project:        dft.comp
* Solution:       hls (Vivado IP Flow Target)
* Product family: zynq
* Target device:  xc7z020-clg400-1


================================================================
== Performance Estimates
================================================================
+ Timing: 
    * Summary: 
    +--------+----------+----------+------------+
    |  Clock |  Target  | Estimated| Uncertainty|
    +--------+----------+----------+------------+
    |ap_clk  |  10.00 ns|  4.842 ns|     2.70 ns|
    +--------+----------+----------+------------+

+ Latency: 
    * Summary: 
    +---------+---------+-----------+-----------+------+------+------------------------------------------------+
    |  Latency (cycles) |   Latency (absolute)  |   Interval  |                    Pipeline                    |
    |   min   |   max   |    min    |    max    |  min |  max |                      Type                      |
    +---------+---------+-----------+-----------+------+------+------------------------------------------------+
    |     1026|     1026|  10.260 us|  10.260 us|  1025|  1025|  loop auto-rewind stp (delay=0 clock cycles(s))|
    +---------+---------+-----------+-----------+------+------+------------------------------------------------+

    + Detail: 
        * Instance: 
        N/A

        * Loop: 
        +-------------------+---------+---------+----------+-----------+-----------+------+----------+
        |                   |  Latency (cycles) | Iteration|  Initiation Interval  | Trip |          |
        |     Loop Name     |   min   |   max   |  Latency |  achieved |   target  | Count| Pipelined|
        +-------------------+---------+---------+----------+-----------+-----------+------+----------+
        |- VITIS_LOOP_67_4  |     1024|     1024|         2|          1|          1|  1024|       yes|
        +-------------------+---------+---------+----------+-----------+-----------+------+----------+



================================================================
== Utilization Estimates
================================================================
* Summary: 
+-----------------+---------+-----+--------+-------+-----+
|       Name      | BRAM_18K| DSP |   FF   |  LUT  | URAM|
+-----------------+---------+-----+--------+-------+-----+
|DSP              |        -|    -|       -|      -|    -|
|Expression       |        -|    -|       0|     42|    -|
|FIFO             |        -|    -|       -|      -|    -|
|Instance         |        -|    -|       -|      -|    -|
|Memory           |        -|    -|       -|      -|    -|
|Multiplexer      |        -|    -|       0|     54|    -|
|Register         |        -|    -|      15|      -|    -|
+-----------------+---------+-----+--------+-------+-----+
|Total            |        0|    0|      15|     96|    0|
+-----------------+---------+-----+--------+-------+-----+
|Available        |      280|  220|  106400|  53200|    0|
+-----------------+---------+-----+--------+-------+-----+
|Utilization (%)  |        0|    0|      ~0|     ~0|    0|
+-----------------+---------+-----+--------+-------+-----+

+ Detail: 
    * Instance: 
    N/A

    * DSP: 
    N/A

    * Memory: 
    N/A

    * FIFO: 
    N/A

    * Expression: 
    +----------------------------------+----------+----+---+----+------------+------------+
    |           Variable Name          | Operation| DSP| FF| LUT| Bitwidth P0| Bitwidth P1|
    +----------------------------------+----------+----+---+----+------------+------------+
    |add_ln67_fu_148_p2                |         +|   0|  0|  12|          11|           1|
    |ap_block_pp0_stage0_01001         |       and|   0|  0|   2|           1|           1|
    |icmp_ln67_fu_142_p2               |      icmp|   0|  0|  12|          11|          12|
    |imag_op_pkt_last_fu_160_p2        |      icmp|   0|  0|  12|          11|          10|
    |ap_block_state2_pp0_stage0_iter1  |        or|   0|  0|   2|           1|           1|
    |ap_enable_pp0                     |       xor|   0|  0|   2|           1|           2|
    +----------------------------------+----------+----+---+----+------------+------------+
    |Total                             |          |   0|  0|  42|          36|          27|
    +----------------------------------+----------+----+---+----+------------+------------+

    * Multiplexer: 
    +-------------------------+----+-----------+-----+-----------+
    |           Name          | LUT| Input Size| Bits| Total Bits|
    +-------------------------+----+-----------+-----+-----------+
    |ap_done_int              |   9|          2|    1|          2|
    |ap_enable_reg_pp0_iter1  |   9|          2|    1|          2|
    |ap_sig_allocacmp_i_1     |   9|          2|   11|         22|
    |i_fu_68                  |   9|          2|   11|         22|
    |imag_op_TDATA_blk_n      |   9|          2|    1|          2|
    |real_op_TDATA_blk_n      |   9|          2|    1|          2|
    +-------------------------+----+-----------+-----+-----------+
    |Total                    |  54|         12|   26|         52|
    +-------------------------+----+-----------+-----+-----------+

    * Register: 
    +--------------------------+----+----+-----+-----------+
    |           Name           | FF | LUT| Bits| Const Bits|
    +--------------------------+----+----+-----+-----------+
    |ap_CS_fsm                 |   1|   0|    1|          0|
    |ap_done_reg               |   1|   0|    1|          0|
    |ap_enable_reg_pp0_iter1   |   1|   0|    1|          0|
    |i_fu_68                   |  11|   0|   11|          0|
    |imag_op_pkt_last_reg_201  |   1|   0|    1|          0|
    +--------------------------+----+----+-----+-----------+
    |Total                     |  15|   0|   15|          0|
    +--------------------------+----+----+-----+-----------+



================================================================
== Interface
================================================================
* Summary: 
+-----------------------+-----+-----+------------+------------------------------+--------------+
|       RTL Ports       | Dir | Bits|  Protocol  |         Source Object        |    C Type    |
+-----------------------+-----+-----+------------+------------------------------+--------------+
|ap_clk                 |   in|    1|  ap_ctrl_hs|  dft_Pipeline_VITIS_LOOP_67_4|  return value|
|ap_rst                 |   in|    1|  ap_ctrl_hs|  dft_Pipeline_VITIS_LOOP_67_4|  return value|
|ap_start               |   in|    1|  ap_ctrl_hs|  dft_Pipeline_VITIS_LOOP_67_4|  return value|
|ap_done                |  out|    1|  ap_ctrl_hs|  dft_Pipeline_VITIS_LOOP_67_4|  return value|
|ap_idle                |  out|    1|  ap_ctrl_hs|  dft_Pipeline_VITIS_LOOP_67_4|  return value|
|ap_ready               |  out|    1|  ap_ctrl_hs|  dft_Pipeline_VITIS_LOOP_67_4|  return value|
|real_op_TREADY         |   in|    1|        axis|              real_op_V_data_V|       pointer|
|real_op_TDATA          |  out|   32|        axis|              real_op_V_data_V|       pointer|
|imag_op_TREADY         |   in|    1|        axis|              imag_op_V_data_V|       pointer|
|imag_op_TDATA          |  out|   32|        axis|              imag_op_V_data_V|       pointer|
|real_op_data_address0  |  out|   10|   ap_memory|                  real_op_data|         array|
|real_op_data_ce0       |  out|    1|   ap_memory|                  real_op_data|         array|
|real_op_data_q0        |   in|   32|   ap_memory|                  real_op_data|         array|
|imag_op_data_address0  |  out|   10|   ap_memory|                  imag_op_data|         array|
|imag_op_data_ce0       |  out|    1|   ap_memory|                  imag_op_data|         array|
|imag_op_data_q0        |   in|   32|   ap_memory|                  imag_op_data|         array|
|real_op_TVALID         |  out|    1|        axis|              real_op_V_last_V|       pointer|
|real_op_TLAST          |  out|    1|        axis|              real_op_V_last_V|       pointer|
|real_op_TKEEP          |  out|    4|        axis|              real_op_V_keep_V|       pointer|
|real_op_TSTRB          |  out|    4|        axis|              real_op_V_strb_V|       pointer|
|imag_op_TVALID         |  out|    1|        axis|              imag_op_V_last_V|       pointer|
|imag_op_TLAST          |  out|    1|        axis|              imag_op_V_last_V|       pointer|
|imag_op_TKEEP          |  out|    4|        axis|              imag_op_V_keep_V|       pointer|
|imag_op_TSTRB          |  out|    4|        axis|              imag_op_V_strb_V|       pointer|
+-----------------------+-----+-----+------------+------------------------------+--------------+

