

================================================================
== Vitis HLS Report for 'dft'
================================================================
* Date:           Fri Nov  7 12:57:09 2025

* Version:        2024.2 (Build 5238294 on Nov  8 2024)
* Project:        dft.comp
* Solution:       hls (Vivado IP Flow Target)
* Product family: zynq
* Target device:  xc7z020-clg400-1


================================================================
== Performance Estimates
================================================================
+ Timing: 
    * Summary: 
    +--------+----------+----------+------------+
    |  Clock |  Target  | Estimated| Uncertainty|
    +--------+----------+----------+------------+
    |ap_clk  |  10.00 ns|  7.256 ns|     2.70 ns|
    +--------+----------+----------+------------+

+ Latency: 
    * Summary: 
    +---------+---------+----------+----------+-----+-----+---------+
    |  Latency (cycles) |  Latency (absolute) |  Interval | Pipeline|
    |   min   |   max   |    min   |    max   | min | max |   Type  |
    +---------+---------+----------+----------+-----+-----+---------+
    |      216|      216|  2.160 us|  2.160 us|  217|  217|       no|
    +---------+---------+----------+----------+-----+-----+---------+

    + Detail: 
        * Instance: 
        +-----------------------------------------+------------------------------+---------+---------+----------+----------+-----+-----+------------------------------------------------+
        |                                         |                              |  Latency (cycles) |  Latency (absolute) |  Interval |                    Pipeline                    |
        |                 Instance                |            Module            |   min   |   max   |    min   |    max   | min | max |                      Type                      |
        +-----------------------------------------+------------------------------+---------+---------+----------+----------+-----+-----+------------------------------------------------+
        |grp_dft_Pipeline_VITIS_LOOP_12_1_fu_816  |dft_Pipeline_VITIS_LOOP_12_1  |      199|      199|  1.990 us|  1.990 us|   32|   32|  loop auto-rewind stp (delay=0 clock cycles(s))|
        +-----------------------------------------+------------------------------+---------+---------+----------+----------+-----+-----+------------------------------------------------+

        * Loop: 
        N/A



================================================================
== Utilization Estimates
================================================================
* Summary: 
+-----------------+---------+-----+--------+-------+-----+
|       Name      | BRAM_18K| DSP |   FF   |  LUT  | URAM|
+-----------------+---------+-----+--------+-------+-----+
|DSP              |        -|    -|       -|      -|    -|
|Expression       |        -|    -|       -|      -|    -|
|FIFO             |        -|    -|       -|      -|    -|
|Instance         |       64|  620|   54047|  88890|    -|
|Memory           |        -|    -|       -|      -|    -|
|Multiplexer      |        -|    -|       0|    717|    -|
|Register         |        -|    -|    3155|      -|    -|
+-----------------+---------+-----+--------+-------+-----+
|Total            |       64|  620|   57202|  89607|    0|
+-----------------+---------+-----+--------+-------+-----+
|Available        |      280|  220|  106400|  53200|    0|
+-----------------+---------+-----+--------+-------+-----+
|Utilization (%)  |       22|  281|      53|    168|    0|
+-----------------+---------+-----+--------+-------+-----+

+ Detail: 
    * Instance: 
    +-----------------------------------------+------------------------------------+---------+-----+-------+-------+-----+
    |                 Instance                |               Module               | BRAM_18K| DSP |   FF  |  LUT  | URAM|
    +-----------------------------------------+------------------------------------+---------+-----+-------+-------+-----+
    |grp_dft_Pipeline_VITIS_LOOP_12_1_fu_816  |dft_Pipeline_VITIS_LOOP_12_1        |       64|  610|  53351|  87468|    0|
    |fadd_32ns_32ns_32_5_full_dsp_1_U335      |fadd_32ns_32ns_32_5_full_dsp_1      |        0|    2|    205|    390|    0|
    |faddfsub_32ns_32ns_32_5_full_dsp_1_U334  |faddfsub_32ns_32ns_32_5_full_dsp_1  |        0|    2|    205|    390|    0|
    |fmul_32ns_32ns_32_4_max_dsp_1_U336       |fmul_32ns_32ns_32_4_max_dsp_1       |        0|    3|    143|    321|    0|
    |fmul_32ns_32ns_32_4_max_dsp_1_U337       |fmul_32ns_32ns_32_4_max_dsp_1       |        0|    3|    143|    321|    0|
    +-----------------------------------------+------------------------------------+---------+-----+-------+-------+-----+
    |Total                                    |                                    |       64|  620|  54047|  88890|    0|
    +-----------------------------------------+------------------------------------+---------+-----+-------+-------+-----+

    * DSP: 
    N/A

    * Memory: 
    N/A

    * FIFO: 
    N/A

    * Expression: 
    N/A

    * Multiplexer: 
    +------------------------------+----+-----------+-----+-----------+
    |             Name             | LUT| Input Size| Bits| Total Bits|
    +------------------------------+----+-----------+-----+-----------+
    |ap_NS_fsm                     |  93|         19|    1|         19|
    |grp_fu_920_ce                 |   9|          2|    1|          2|
    |grp_fu_920_opcode             |  20|          4|    2|          8|
    |grp_fu_920_p0                 |  20|          4|   32|        128|
    |grp_fu_920_p1                 |  20|          4|   32|        128|
    |grp_fu_924_ce                 |   9|          2|    1|          2|
    |grp_fu_924_p0                 |  20|          4|   32|        128|
    |grp_fu_924_p1                 |  20|          4|   32|        128|
    |grp_fu_930_ce                 |   9|          2|    1|          2|
    |grp_fu_930_p0                 |  14|          3|   32|         96|
    |grp_fu_930_p1                 |  14|          3|   32|         96|
    |grp_fu_935_ce                 |   9|          2|    1|          2|
    |grp_fu_935_p0                 |  14|          3|   32|         96|
    |grp_fu_935_p1                 |  14|          3|   32|         96|
    |imag_sample_0_address0_local  |  20|          4|    2|          8|
    |imag_sample_1_address0_local  |  14|          3|    2|          6|
    |imag_sample_1_address1_local  |  14|          3|    2|          6|
    |imag_sample_2_address0_local  |  14|          3|    2|          6|
    |imag_sample_2_address1_local  |  14|          3|    2|          6|
    |imag_sample_3_address0_local  |  14|          3|    2|          6|
    |imag_sample_3_address1_local  |  14|          3|    2|          6|
    |imag_sample_4_address0_local  |  14|          3|    2|          6|
    |imag_sample_4_address1_local  |  14|          3|    2|          6|
    |imag_sample_5_address0_local  |  14|          3|    2|          6|
    |imag_sample_5_address1_local  |  14|          3|    2|          6|
    |imag_sample_6_address0_local  |  14|          3|    2|          6|
    |imag_sample_6_address1_local  |  14|          3|    2|          6|
    |imag_sample_7_address0_local  |  14|          3|    2|          6|
    |imag_sample_7_address1_local  |  14|          3|    2|          6|
    |real_sample_0_address0_local  |  20|          4|    2|          8|
    |real_sample_1_address0_local  |  14|          3|    2|          6|
    |real_sample_1_address1_local  |  14|          3|    2|          6|
    |real_sample_2_address0_local  |  14|          3|    2|          6|
    |real_sample_2_address1_local  |  14|          3|    2|          6|
    |real_sample_3_address0_local  |  14|          3|    2|          6|
    |real_sample_3_address1_local  |  14|          3|    2|          6|
    |real_sample_4_address0_local  |  14|          3|    2|          6|
    |real_sample_4_address1_local  |  14|          3|    2|          6|
    |real_sample_5_address0_local  |  14|          3|    2|          6|
    |real_sample_5_address1_local  |  14|          3|    2|          6|
    |real_sample_6_address0_local  |  14|          3|    2|          6|
    |real_sample_6_address1_local  |  14|          3|    2|          6|
    |real_sample_7_address0_local  |  14|          3|    2|          6|
    |real_sample_7_address1_local  |  14|          3|    2|          6|
    +------------------------------+----+-----------+-----+-----------+
    |Total                         | 717|        151|  323|       1115|
    +------------------------------+----+-----------+-----+-----------+

    * Register: 
    +------------------------------------------------------+----+----+-----+-----------+
    |                         Name                         | FF | LUT| Bits| Const Bits|
    +------------------------------------------------------+----+----+-----+-----------+
    |ap_CS_fsm                                             |  18|   0|   18|          0|
    |grp_dft_Pipeline_VITIS_LOOP_12_1_fu_816_ap_start_reg  |   1|   0|    1|          0|
    |imag_sample_1_load_1_reg_1469                         |  32|   0|   32|          0|
    |imag_sample_1_load_reg_1459                           |  32|   0|   32|          0|
    |imag_sample_2_load_1_reg_1509                         |  32|   0|   32|          0|
    |imag_sample_2_load_reg_1499                           |  32|   0|   32|          0|
    |imag_sample_3_load_1_reg_1549                         |  32|   0|   32|          0|
    |imag_sample_3_load_reg_1539                           |  32|   0|   32|          0|
    |imag_sample_4_load_1_reg_1589                         |  32|   0|   32|          0|
    |imag_sample_4_load_reg_1579                           |  32|   0|   32|          0|
    |imag_sample_5_load_1_reg_1629                         |  32|   0|   32|          0|
    |imag_sample_5_load_reg_1619                           |  32|   0|   32|          0|
    |imag_sample_6_load_1_reg_1669                         |  32|   0|   32|          0|
    |imag_sample_6_load_reg_1659                           |  32|   0|   32|          0|
    |imag_sample_7_load_1_reg_1709                         |  32|   0|   32|          0|
    |imag_sample_7_load_reg_1699                           |  32|   0|   32|          0|
    |mul1_reg_1279                                         |  32|   0|   32|          0|
    |mul_reg_1274                                          |  32|   0|   32|          0|
    |real_sample_1_load_1_reg_1464                         |  32|   0|   32|          0|
    |real_sample_1_load_reg_1454                           |  32|   0|   32|          0|
    |real_sample_2_load_1_reg_1504                         |  32|   0|   32|          0|
    |real_sample_2_load_reg_1494                           |  32|   0|   32|          0|
    |real_sample_3_load_1_reg_1544                         |  32|   0|   32|          0|
    |real_sample_3_load_reg_1534                           |  32|   0|   32|          0|
    |real_sample_4_load_1_reg_1584                         |  32|   0|   32|          0|
    |real_sample_4_load_reg_1574                           |  32|   0|   32|          0|
    |real_sample_5_load_1_reg_1624                         |  32|   0|   32|          0|
    |real_sample_5_load_reg_1614                           |  32|   0|   32|          0|
    |real_sample_6_load_1_reg_1664                         |  32|   0|   32|          0|
    |real_sample_6_load_reg_1654                           |  32|   0|   32|          0|
    |real_sample_7_load_1_reg_1704                         |  32|   0|   32|          0|
    |real_sample_7_load_reg_1694                           |  32|   0|   32|          0|
    |reg_940                                               |  32|   0|   32|          0|
    |reg_944                                               |  32|   0|   32|          0|
    |reg_948                                               |  32|   0|   32|          0|
    |reg_954                                               |  32|   0|   32|          0|
    |xi_10_reg_1829                                        |  32|   0|   32|          0|
    |xi_11_reg_1839                                        |  32|   0|   32|          0|
    |xi_12_reg_1849                                        |  32|   0|   32|          0|
    |xi_13_reg_1859                                        |  32|   0|   32|          0|
    |xi_14_reg_1869                                        |  32|   0|   32|          0|
    |xi_15_reg_1879                                        |  32|   0|   32|          0|
    |xi_16_reg_1889                                        |  32|   0|   32|          0|
    |xi_17_reg_1899                                        |  32|   0|   32|          0|
    |xi_18_reg_1909                                        |  32|   0|   32|          0|
    |xi_19_reg_1919                                        |  32|   0|   32|          0|
    |xi_1_reg_1739                                         |  32|   0|   32|          0|
    |xi_20_reg_1929                                        |  32|   0|   32|          0|
    |xi_21_reg_1939                                        |  32|   0|   32|          0|
    |xi_22_reg_1949                                        |  32|   0|   32|          0|
    |xi_23_reg_1959                                        |  32|   0|   32|          0|
    |xi_24_reg_1969                                        |  32|   0|   32|          0|
    |xi_25_reg_1979                                        |  32|   0|   32|          0|
    |xi_26_reg_1989                                        |  32|   0|   32|          0|
    |xi_27_reg_1999                                        |  32|   0|   32|          0|
    |xi_28_reg_2009                                        |  32|   0|   32|          0|
    |xi_29_reg_2019                                        |  32|   0|   32|          0|
    |xi_2_reg_1749                                         |  32|   0|   32|          0|
    |xi_30_reg_2029                                        |  32|   0|   32|          0|
    |xi_31_reg_2039                                        |  32|   0|   32|          0|
    |xi_3_reg_1759                                         |  32|   0|   32|          0|
    |xi_4_reg_1769                                         |  32|   0|   32|          0|
    |xi_5_reg_1779                                         |  32|   0|   32|          0|
    |xi_6_reg_1789                                         |  32|   0|   32|          0|
    |xi_7_reg_1799                                         |  32|   0|   32|          0|
    |xi_8_reg_1809                                         |  32|   0|   32|          0|
    |xi_9_reg_1819                                         |  32|   0|   32|          0|
    |xi_reg_1268                                           |  32|   0|   32|          0|
    |xr_10_reg_1824                                        |  32|   0|   32|          0|
    |xr_11_reg_1834                                        |  32|   0|   32|          0|
    |xr_12_reg_1844                                        |  32|   0|   32|          0|
    |xr_13_reg_1854                                        |  32|   0|   32|          0|
    |xr_14_reg_1864                                        |  32|   0|   32|          0|
    |xr_15_reg_1874                                        |  32|   0|   32|          0|
    |xr_16_reg_1884                                        |  32|   0|   32|          0|
    |xr_17_reg_1894                                        |  32|   0|   32|          0|
    |xr_18_reg_1904                                        |  32|   0|   32|          0|
    |xr_19_reg_1914                                        |  32|   0|   32|          0|
    |xr_1_reg_1734                                         |  32|   0|   32|          0|
    |xr_20_reg_1924                                        |  32|   0|   32|          0|
    |xr_21_reg_1934                                        |  32|   0|   32|          0|
    |xr_22_reg_1944                                        |  32|   0|   32|          0|
    |xr_23_reg_1954                                        |  32|   0|   32|          0|
    |xr_24_reg_1964                                        |  32|   0|   32|          0|
    |xr_25_reg_1974                                        |  32|   0|   32|          0|
    |xr_26_reg_1984                                        |  32|   0|   32|          0|
    |xr_27_reg_1994                                        |  32|   0|   32|          0|
    |xr_28_reg_2004                                        |  32|   0|   32|          0|
    |xr_29_reg_2014                                        |  32|   0|   32|          0|
    |xr_2_reg_1744                                         |  32|   0|   32|          0|
    |xr_30_reg_2024                                        |  32|   0|   32|          0|
    |xr_31_reg_2034                                        |  32|   0|   32|          0|
    |xr_3_reg_1754                                         |  32|   0|   32|          0|
    |xr_4_reg_1764                                         |  32|   0|   32|          0|
    |xr_5_reg_1774                                         |  32|   0|   32|          0|
    |xr_6_reg_1784                                         |  32|   0|   32|          0|
    |xr_7_reg_1794                                         |  32|   0|   32|          0|
    |xr_8_reg_1804                                         |  32|   0|   32|          0|
    |xr_9_reg_1814                                         |  32|   0|   32|          0|
    |xr_reg_1262                                           |  32|   0|   32|          0|
    +------------------------------------------------------+----+----+-----+-----------+
    |Total                                                 |3155|   0| 3155|          0|
    +------------------------------------------------------+----+----+-----+-----------+



================================================================
== Interface
================================================================
* Summary: 
+------------------------+-----+-----+------------+---------------+--------------+
|        RTL Ports       | Dir | Bits|  Protocol  | Source Object |    C Type    |
+------------------------+-----+-----+------------+---------------+--------------+
|ap_clk                  |   in|    1|  ap_ctrl_hs|            dft|  return value|
|ap_rst                  |   in|    1|  ap_ctrl_hs|            dft|  return value|
|ap_start                |   in|    1|  ap_ctrl_hs|            dft|  return value|
|ap_done                 |  out|    1|  ap_ctrl_hs|            dft|  return value|
|ap_idle                 |  out|    1|  ap_ctrl_hs|            dft|  return value|
|ap_ready                |  out|    1|  ap_ctrl_hs|            dft|  return value|
|real_sample_0_address0  |  out|    2|   ap_memory|  real_sample_0|         array|
|real_sample_0_ce0       |  out|    1|   ap_memory|  real_sample_0|         array|
|real_sample_0_q0        |   in|   32|   ap_memory|  real_sample_0|         array|
|real_sample_0_address1  |  out|    2|   ap_memory|  real_sample_0|         array|
|real_sample_0_ce1       |  out|    1|   ap_memory|  real_sample_0|         array|
|real_sample_0_q1        |   in|   32|   ap_memory|  real_sample_0|         array|
|real_sample_1_address0  |  out|    2|   ap_memory|  real_sample_1|         array|
|real_sample_1_ce0       |  out|    1|   ap_memory|  real_sample_1|         array|
|real_sample_1_q0        |   in|   32|   ap_memory|  real_sample_1|         array|
|real_sample_1_address1  |  out|    2|   ap_memory|  real_sample_1|         array|
|real_sample_1_ce1       |  out|    1|   ap_memory|  real_sample_1|         array|
|real_sample_1_q1        |   in|   32|   ap_memory|  real_sample_1|         array|
|real_sample_2_address0  |  out|    2|   ap_memory|  real_sample_2|         array|
|real_sample_2_ce0       |  out|    1|   ap_memory|  real_sample_2|         array|
|real_sample_2_q0        |   in|   32|   ap_memory|  real_sample_2|         array|
|real_sample_2_address1  |  out|    2|   ap_memory|  real_sample_2|         array|
|real_sample_2_ce1       |  out|    1|   ap_memory|  real_sample_2|         array|
|real_sample_2_q1        |   in|   32|   ap_memory|  real_sample_2|         array|
|real_sample_3_address0  |  out|    2|   ap_memory|  real_sample_3|         array|
|real_sample_3_ce0       |  out|    1|   ap_memory|  real_sample_3|         array|
|real_sample_3_q0        |   in|   32|   ap_memory|  real_sample_3|         array|
|real_sample_3_address1  |  out|    2|   ap_memory|  real_sample_3|         array|
|real_sample_3_ce1       |  out|    1|   ap_memory|  real_sample_3|         array|
|real_sample_3_q1        |   in|   32|   ap_memory|  real_sample_3|         array|
|real_sample_4_address0  |  out|    2|   ap_memory|  real_sample_4|         array|
|real_sample_4_ce0       |  out|    1|   ap_memory|  real_sample_4|         array|
|real_sample_4_q0        |   in|   32|   ap_memory|  real_sample_4|         array|
|real_sample_4_address1  |  out|    2|   ap_memory|  real_sample_4|         array|
|real_sample_4_ce1       |  out|    1|   ap_memory|  real_sample_4|         array|
|real_sample_4_q1        |   in|   32|   ap_memory|  real_sample_4|         array|
|real_sample_5_address0  |  out|    2|   ap_memory|  real_sample_5|         array|
|real_sample_5_ce0       |  out|    1|   ap_memory|  real_sample_5|         array|
|real_sample_5_q0        |   in|   32|   ap_memory|  real_sample_5|         array|
|real_sample_5_address1  |  out|    2|   ap_memory|  real_sample_5|         array|
|real_sample_5_ce1       |  out|    1|   ap_memory|  real_sample_5|         array|
|real_sample_5_q1        |   in|   32|   ap_memory|  real_sample_5|         array|
|real_sample_6_address0  |  out|    2|   ap_memory|  real_sample_6|         array|
|real_sample_6_ce0       |  out|    1|   ap_memory|  real_sample_6|         array|
|real_sample_6_q0        |   in|   32|   ap_memory|  real_sample_6|         array|
|real_sample_6_address1  |  out|    2|   ap_memory|  real_sample_6|         array|
|real_sample_6_ce1       |  out|    1|   ap_memory|  real_sample_6|         array|
|real_sample_6_q1        |   in|   32|   ap_memory|  real_sample_6|         array|
|real_sample_7_address0  |  out|    2|   ap_memory|  real_sample_7|         array|
|real_sample_7_ce0       |  out|    1|   ap_memory|  real_sample_7|         array|
|real_sample_7_q0        |   in|   32|   ap_memory|  real_sample_7|         array|
|real_sample_7_address1  |  out|    2|   ap_memory|  real_sample_7|         array|
|real_sample_7_ce1       |  out|    1|   ap_memory|  real_sample_7|         array|
|real_sample_7_q1        |   in|   32|   ap_memory|  real_sample_7|         array|
|imag_sample_0_address0  |  out|    2|   ap_memory|  imag_sample_0|         array|
|imag_sample_0_ce0       |  out|    1|   ap_memory|  imag_sample_0|         array|
|imag_sample_0_q0        |   in|   32|   ap_memory|  imag_sample_0|         array|
|imag_sample_0_address1  |  out|    2|   ap_memory|  imag_sample_0|         array|
|imag_sample_0_ce1       |  out|    1|   ap_memory|  imag_sample_0|         array|
|imag_sample_0_q1        |   in|   32|   ap_memory|  imag_sample_0|         array|
|imag_sample_1_address0  |  out|    2|   ap_memory|  imag_sample_1|         array|
|imag_sample_1_ce0       |  out|    1|   ap_memory|  imag_sample_1|         array|
|imag_sample_1_q0        |   in|   32|   ap_memory|  imag_sample_1|         array|
|imag_sample_1_address1  |  out|    2|   ap_memory|  imag_sample_1|         array|
|imag_sample_1_ce1       |  out|    1|   ap_memory|  imag_sample_1|         array|
|imag_sample_1_q1        |   in|   32|   ap_memory|  imag_sample_1|         array|
|imag_sample_2_address0  |  out|    2|   ap_memory|  imag_sample_2|         array|
|imag_sample_2_ce0       |  out|    1|   ap_memory|  imag_sample_2|         array|
|imag_sample_2_q0        |   in|   32|   ap_memory|  imag_sample_2|         array|
|imag_sample_2_address1  |  out|    2|   ap_memory|  imag_sample_2|         array|
|imag_sample_2_ce1       |  out|    1|   ap_memory|  imag_sample_2|         array|
|imag_sample_2_q1        |   in|   32|   ap_memory|  imag_sample_2|         array|
|imag_sample_3_address0  |  out|    2|   ap_memory|  imag_sample_3|         array|
|imag_sample_3_ce0       |  out|    1|   ap_memory|  imag_sample_3|         array|
|imag_sample_3_q0        |   in|   32|   ap_memory|  imag_sample_3|         array|
|imag_sample_3_address1  |  out|    2|   ap_memory|  imag_sample_3|         array|
|imag_sample_3_ce1       |  out|    1|   ap_memory|  imag_sample_3|         array|
|imag_sample_3_q1        |   in|   32|   ap_memory|  imag_sample_3|         array|
|imag_sample_4_address0  |  out|    2|   ap_memory|  imag_sample_4|         array|
|imag_sample_4_ce0       |  out|    1|   ap_memory|  imag_sample_4|         array|
|imag_sample_4_q0        |   in|   32|   ap_memory|  imag_sample_4|         array|
|imag_sample_4_address1  |  out|    2|   ap_memory|  imag_sample_4|         array|
|imag_sample_4_ce1       |  out|    1|   ap_memory|  imag_sample_4|         array|
|imag_sample_4_q1        |   in|   32|   ap_memory|  imag_sample_4|         array|
|imag_sample_5_address0  |  out|    2|   ap_memory|  imag_sample_5|         array|
|imag_sample_5_ce0       |  out|    1|   ap_memory|  imag_sample_5|         array|
|imag_sample_5_q0        |   in|   32|   ap_memory|  imag_sample_5|         array|
|imag_sample_5_address1  |  out|    2|   ap_memory|  imag_sample_5|         array|
|imag_sample_5_ce1       |  out|    1|   ap_memory|  imag_sample_5|         array|
|imag_sample_5_q1        |   in|   32|   ap_memory|  imag_sample_5|         array|
|imag_sample_6_address0  |  out|    2|   ap_memory|  imag_sample_6|         array|
|imag_sample_6_ce0       |  out|    1|   ap_memory|  imag_sample_6|         array|
|imag_sample_6_q0        |   in|   32|   ap_memory|  imag_sample_6|         array|
|imag_sample_6_address1  |  out|    2|   ap_memory|  imag_sample_6|         array|
|imag_sample_6_ce1       |  out|    1|   ap_memory|  imag_sample_6|         array|
|imag_sample_6_q1        |   in|   32|   ap_memory|  imag_sample_6|         array|
|imag_sample_7_address0  |  out|    2|   ap_memory|  imag_sample_7|         array|
|imag_sample_7_ce0       |  out|    1|   ap_memory|  imag_sample_7|         array|
|imag_sample_7_q0        |   in|   32|   ap_memory|  imag_sample_7|         array|
|imag_sample_7_address1  |  out|    2|   ap_memory|  imag_sample_7|         array|
|imag_sample_7_ce1       |  out|    1|   ap_memory|  imag_sample_7|         array|
|imag_sample_7_q1        |   in|   32|   ap_memory|  imag_sample_7|         array|
|X_R_0_address0          |  out|    2|   ap_memory|          X_R_0|         array|
|X_R_0_ce0               |  out|    1|   ap_memory|          X_R_0|         array|
|X_R_0_we0               |  out|    1|   ap_memory|          X_R_0|         array|
|X_R_0_d0                |  out|   32|   ap_memory|          X_R_0|         array|
|X_R_1_address0          |  out|    2|   ap_memory|          X_R_1|         array|
|X_R_1_ce0               |  out|    1|   ap_memory|          X_R_1|         array|
|X_R_1_we0               |  out|    1|   ap_memory|          X_R_1|         array|
|X_R_1_d0                |  out|   32|   ap_memory|          X_R_1|         array|
|X_R_2_address0          |  out|    2|   ap_memory|          X_R_2|         array|
|X_R_2_ce0               |  out|    1|   ap_memory|          X_R_2|         array|
|X_R_2_we0               |  out|    1|   ap_memory|          X_R_2|         array|
|X_R_2_d0                |  out|   32|   ap_memory|          X_R_2|         array|
|X_R_3_address0          |  out|    2|   ap_memory|          X_R_3|         array|
|X_R_3_ce0               |  out|    1|   ap_memory|          X_R_3|         array|
|X_R_3_we0               |  out|    1|   ap_memory|          X_R_3|         array|
|X_R_3_d0                |  out|   32|   ap_memory|          X_R_3|         array|
|X_R_4_address0          |  out|    2|   ap_memory|          X_R_4|         array|
|X_R_4_ce0               |  out|    1|   ap_memory|          X_R_4|         array|
|X_R_4_we0               |  out|    1|   ap_memory|          X_R_4|         array|
|X_R_4_d0                |  out|   32|   ap_memory|          X_R_4|         array|
|X_R_5_address0          |  out|    2|   ap_memory|          X_R_5|         array|
|X_R_5_ce0               |  out|    1|   ap_memory|          X_R_5|         array|
|X_R_5_we0               |  out|    1|   ap_memory|          X_R_5|         array|
|X_R_5_d0                |  out|   32|   ap_memory|          X_R_5|         array|
|X_R_6_address0          |  out|    2|   ap_memory|          X_R_6|         array|
|X_R_6_ce0               |  out|    1|   ap_memory|          X_R_6|         array|
|X_R_6_we0               |  out|    1|   ap_memory|          X_R_6|         array|
|X_R_6_d0                |  out|   32|   ap_memory|          X_R_6|         array|
|X_R_7_address0          |  out|    2|   ap_memory|          X_R_7|         array|
|X_R_7_ce0               |  out|    1|   ap_memory|          X_R_7|         array|
|X_R_7_we0               |  out|    1|   ap_memory|          X_R_7|         array|
|X_R_7_d0                |  out|   32|   ap_memory|          X_R_7|         array|
|X_I_0_address0          |  out|    2|   ap_memory|          X_I_0|         array|
|X_I_0_ce0               |  out|    1|   ap_memory|          X_I_0|         array|
|X_I_0_we0               |  out|    1|   ap_memory|          X_I_0|         array|
|X_I_0_d0                |  out|   32|   ap_memory|          X_I_0|         array|
|X_I_1_address0          |  out|    2|   ap_memory|          X_I_1|         array|
|X_I_1_ce0               |  out|    1|   ap_memory|          X_I_1|         array|
|X_I_1_we0               |  out|    1|   ap_memory|          X_I_1|         array|
|X_I_1_d0                |  out|   32|   ap_memory|          X_I_1|         array|
|X_I_2_address0          |  out|    2|   ap_memory|          X_I_2|         array|
|X_I_2_ce0               |  out|    1|   ap_memory|          X_I_2|         array|
|X_I_2_we0               |  out|    1|   ap_memory|          X_I_2|         array|
|X_I_2_d0                |  out|   32|   ap_memory|          X_I_2|         array|
|X_I_3_address0          |  out|    2|   ap_memory|          X_I_3|         array|
|X_I_3_ce0               |  out|    1|   ap_memory|          X_I_3|         array|
|X_I_3_we0               |  out|    1|   ap_memory|          X_I_3|         array|
|X_I_3_d0                |  out|   32|   ap_memory|          X_I_3|         array|
|X_I_4_address0          |  out|    2|   ap_memory|          X_I_4|         array|
|X_I_4_ce0               |  out|    1|   ap_memory|          X_I_4|         array|
|X_I_4_we0               |  out|    1|   ap_memory|          X_I_4|         array|
|X_I_4_d0                |  out|   32|   ap_memory|          X_I_4|         array|
|X_I_5_address0          |  out|    2|   ap_memory|          X_I_5|         array|
|X_I_5_ce0               |  out|    1|   ap_memory|          X_I_5|         array|
|X_I_5_we0               |  out|    1|   ap_memory|          X_I_5|         array|
|X_I_5_d0                |  out|   32|   ap_memory|          X_I_5|         array|
|X_I_6_address0          |  out|    2|   ap_memory|          X_I_6|         array|
|X_I_6_ce0               |  out|    1|   ap_memory|          X_I_6|         array|
|X_I_6_we0               |  out|    1|   ap_memory|          X_I_6|         array|
|X_I_6_d0                |  out|   32|   ap_memory|          X_I_6|         array|
|X_I_7_address0          |  out|    2|   ap_memory|          X_I_7|         array|
|X_I_7_ce0               |  out|    1|   ap_memory|          X_I_7|         array|
|X_I_7_we0               |  out|    1|   ap_memory|          X_I_7|         array|
|X_I_7_d0                |  out|   32|   ap_memory|          X_I_7|         array|
+------------------------+-----+-----+------------+---------------+--------------+

