Sun Nov  9 02:12:05 2025: Running xcd server. This server was built by gradle.
Sun Nov  9 02:12:05 2025: Server was asked to start on port: '36479'
Sun Nov  9 02:12:05 2025: Server is using token UUID: '3da76c27-2257-4311-8383-07127bc98303'
Sun Nov  9 02:12:05 2025: SESSION_MGR: creating session with session uuid: '6d04a3e9-ade5-4ab9-8d63-1f78fcd2ec76' and name 'default'
Sun Nov  9 02:12:05 2025: Attempting to start server on port '36479'
Sun Nov  9 02:12:05 2025: XCD main fifo: created main fifo '/tmp/xcdmain3da76c27-2257-4311-8383-07127bc98303', fd read = 15
Sun Nov  9 02:12:05 2025: Running Dispatch Server
Sun Nov  9 02:12:05 2025: Version 2.2.0
Sun Nov  9 02:12:06 2025: Dispatch Server: Accepted socket connection from client
Sun Nov  9 02:12:06 2025: Starting Socket connection
Sun Nov  9 02:12:06 2025: EXCHANGE_TOKEN received, server token: 3da76c27-2257-4311-8383-07127bc98303, passed token: 3da76c27-2257-4311-8383-07127bc98303
Sun Nov  9 02:12:06 2025: SESSION_MGR: creating session with session uuid: 'ddee4e98-5aed-4891-acf6-8cc929de6503' and name 'vitis_hls'
Sun Nov  9 02:12:06 2025: KERNEL_SVC: creating session with uuid: 'ddee4e98-5aed-4891-acf6-8cc929de6503' and name 'vitis_hls'
Sun Nov  9 02:12:06 2025: GUIDANCE_SMGR: creating guidance session with uuid: 'ddee4e98-5aed-4891-acf6-8cc929de6503' and name 'vitis_hls'
Sun Nov  9 02:12:25 2025: STOP_SERVER received, server token: 3da76c27-2257-4311-8383-07127bc98303, passed token: 3da76c27-2257-4311-8383-07127bc98303
Sun Nov  9 02:12:25 2025: Socket received request to stop server.
Sun Nov  9 02:12:25 2025: Dispatch Server: do_await_stop
Sun Nov  9 02:12:25 2025: Dispatch Server: stopping mainFifo_
Sun Nov  9 02:12:25 2025: XCD main fifo: Stopping
Sun Nov  9 02:12:25 2025: XCD main fifo: do_read error code: Operation canceled
Sun Nov  9 02:12:25 2025: XCD main fifo: bytes_transferred: 0
Sun Nov  9 02:12:25 2025: SERVER: destructor for server bound to port 36479
Sun Nov  9 02:12:25 2025: XCD main fifo: Good unlink of /tmp/xcdmain3da76c27-2257-4311-8383-07127bc98303
Sun Nov  9 02:12:25 2025: Server exiting with status 0.
Sun Nov  9 02:12:25 2025: Closing log file.
Sun Nov  9 02:12:39 2025: Running xcd server. This server was built by gradle.
Sun Nov  9 02:12:39 2025: Server was asked to start on port: '44233'
Sun Nov  9 02:12:39 2025: Server is using token UUID: '0493f23c-9b9d-44e9-9c89-322ffa30db40'
Sun Nov  9 02:12:39 2025: SESSION_MGR: creating session with session uuid: '6d04a3e9-ade5-4ab9-8d63-1f78fcd2ec76' and name 'default'
Sun Nov  9 02:12:39 2025: Attempting to start server on port '44233'
Sun Nov  9 02:12:39 2025: XCD main fifo: created main fifo '/tmp/xcdmain0493f23c-9b9d-44e9-9c89-322ffa30db40', fd read = 15
Sun Nov  9 02:12:39 2025: Running Dispatch Server
Sun Nov  9 02:12:39 2025: Version 2.2.0
Sun Nov  9 02:12:39 2025: Dispatch Server: Accepted socket connection from client
Sun Nov  9 02:12:39 2025: Starting Socket connection
Sun Nov  9 02:12:39 2025: EXCHANGE_TOKEN received, server token: 0493f23c-9b9d-44e9-9c89-322ffa30db40, passed token: 0493f23c-9b9d-44e9-9c89-322ffa30db40
Sun Nov  9 02:12:39 2025: SESSION_MGR: creating session with session uuid: '5313c6c9-a8f7-47e7-a84a-f899c6c021cb' and name 'vitis_hls'
Sun Nov  9 02:12:39 2025: KERNEL_SVC: creating session with uuid: '5313c6c9-a8f7-47e7-a84a-f899c6c021cb' and name 'vitis_hls'
Sun Nov  9 02:12:39 2025: GUIDANCE_SMGR: creating guidance session with uuid: '5313c6c9-a8f7-47e7-a84a-f899c6c021cb' and name 'vitis_hls'
Sun Nov  9 02:13:24 2025: STOP_SERVER received, server token: 0493f23c-9b9d-44e9-9c89-322ffa30db40, passed token: 0493f23c-9b9d-44e9-9c89-322ffa30db40
Sun Nov  9 02:13:24 2025: Socket received request to stop server.
Sun Nov  9 02:13:24 2025: Dispatch Server: do_await_stop
Sun Nov  9 02:13:24 2025: Dispatch Server: stopping mainFifo_
Sun Nov  9 02:13:24 2025: XCD main fifo: Stopping
Sun Nov  9 02:13:24 2025: XCD main fifo: do_read error code: Operation canceled
Sun Nov  9 02:13:24 2025: XCD main fifo: bytes_transferred: 0
Sun Nov  9 02:13:24 2025: SERVER: destructor for server bound to port 44233
Sun Nov  9 02:13:24 2025: XCD main fifo: Good unlink of /tmp/xcdmain0493f23c-9b9d-44e9-9c89-322ffa30db40
Sun Nov  9 02:13:24 2025: Server exiting with status 0.
Sun Nov  9 02:13:24 2025: Closing log file.
