/home/linux/ieng6/students/186/dnwadhwani/Desktop/project3/Read_the_docs/project_files/project3/dft_1024_precomputed/dft.comp/hls/.autopilot/db/dft.pp.0.cpp:8911:5: warning: Added loop label VITIS_LOOP_676_1:   [xilinx-label-all-loops]
    for (unsigned i = low; i != high+1; ++i) {
    ^~~
    VITIS_LOOP_676_1: 
/home/linux/ieng6/students/186/dnwadhwani/Desktop/project3/Read_the_docs/project_files/project3/dft_1024_precomputed/dft.comp/hls/.autopilot/db/dft.pp.0.cpp:8911:5: note: FIX-IT applied suggested code changes
/home/linux/ieng6/students/186/dnwadhwani/Desktop/project3/Read_the_docs/project_files/project3/dft_1024_precomputed/dft.comp/hls/.autopilot/db/dft.pp.0.cpp:8925:5: warning: Added loop label VITIS_LOOP_690_1:   [xilinx-label-all-loops]
    for (unsigned i = low; i != high+1; ++i) {
    ^~~
    VITIS_LOOP_690_1: 
/home/linux/ieng6/students/186/dnwadhwani/Desktop/project3/Read_the_docs/project_files/project3/dft_1024_precomputed/dft.comp/hls/.autopilot/db/dft.pp.0.cpp:8925:5: note: FIX-IT applied suggested code changes
/home/linux/ieng6/students/186/dnwadhwani/Desktop/project3/Read_the_docs/project_files/project3/dft_1024_precomputed/dft.comp/hls/.autopilot/db/dft.pp.0.cpp:8939:5: warning: Added loop label VITIS_LOOP_704_1:   [xilinx-label-all-loops]
    for (unsigned i = low; i != high+1; ++i) {
    ^~~
    VITIS_LOOP_704_1: 
/home/linux/ieng6/students/186/dnwadhwani/Desktop/project3/Read_the_docs/project_files/project3/dft_1024_precomputed/dft.comp/hls/.autopilot/db/dft.pp.0.cpp:8939:5: note: FIX-IT applied suggested code changes
/home/linux/ieng6/students/186/dnwadhwani/Desktop/project3/Read_the_docs/project_files/project3/dft_1024_precomputed/dft.comp/hls/.autopilot/db/dft.pp.0.cpp:10573:7: warning: Added loop label VITIS_LOOP_1248_1:   [xilinx-label-all-loops]
      for (i = 0; i < __N - 1; ++i) {
      ^~~
      VITIS_LOOP_1248_1: 
/home/linux/ieng6/students/186/dnwadhwani/Desktop/project3/Read_the_docs/project_files/project3/dft_1024_precomputed/dft.comp/hls/.autopilot/db/dft.pp.0.cpp:10573:7: note: FIX-IT applied suggested code changes
/home/linux/ieng6/students/186/dnwadhwani/Desktop/project3/Read_the_docs/project_files/project3/dft_1024_precomputed/dft.comp/hls/.autopilot/db/dft.pp.0.cpp:15495:2: warning: Added loop label VITIS_LOOP_21_1:   [xilinx-label-all-loops]
 for (int i = 0; i < 1024; i++) {
 ^~~
 VITIS_LOOP_21_1: 
/home/linux/ieng6/students/186/dnwadhwani/Desktop/project3/Read_the_docs/project_files/project3/dft_1024_precomputed/dft.comp/hls/.autopilot/db/dft.pp.0.cpp:15495:2: note: FIX-IT applied suggested code changes
/home/linux/ieng6/students/186/dnwadhwani/Desktop/project3/Read_the_docs/project_files/project3/dft_1024_precomputed/dft.comp/hls/.autopilot/db/dft.pp.0.cpp:15508:3: warning: Added loop label VITIS_LOOP_43_2:   [xilinx-label-all-loops]
  for (int i = 0; i < 1024; i++) {
  ^~~
  VITIS_LOOP_43_2: 
/home/linux/ieng6/students/186/dnwadhwani/Desktop/project3/Read_the_docs/project_files/project3/dft_1024_precomputed/dft.comp/hls/.autopilot/db/dft.pp.0.cpp:15508:3: note: FIX-IT applied suggested code changes
/home/linux/ieng6/students/186/dnwadhwani/Desktop/project3/Read_the_docs/project_files/project3/dft_1024_precomputed/dft.comp/hls/.autopilot/db/dft.pp.0.cpp:15509:4: warning: Added loop label VITIS_LOOP_44_3:   [xilinx-label-all-loops]
   for (int j = 0; j < 1024; j++) {
   ^~~
   VITIS_LOOP_44_3: 
/home/linux/ieng6/students/186/dnwadhwani/Desktop/project3/Read_the_docs/project_files/project3/dft_1024_precomputed/dft.comp/hls/.autopilot/db/dft.pp.0.cpp:15509:4: note: FIX-IT applied suggested code changes
/home/linux/ieng6/students/186/dnwadhwani/Desktop/project3/Read_the_docs/project_files/project3/dft_1024_precomputed/dft.comp/hls/.autopilot/db/dft.pp.0.cpp:15519:2: warning: Added loop label VITIS_LOOP_67_4:   [xilinx-label-all-loops]
 for (int i = 0; i < 1024; i++) {
 ^~~
 VITIS_LOOP_67_4: 
/home/linux/ieng6/students/186/dnwadhwani/Desktop/project3/Read_the_docs/project_files/project3/dft_1024_precomputed/dft.comp/hls/.autopilot/db/dft.pp.0.cpp:15519:2: note: FIX-IT applied suggested code changes
