

================================================================
== Vitis HLS Report for 'dft'
================================================================
* Date:           Sun Nov  9 02:12:22 2025

* Version:        2024.2 (Build 5238294 on Nov  8 2024)
* Project:        dft.comp
* Solution:       hls (Vivado IP Flow Target)
* Product family: zynq
* Target device:  xc7z020-clg400-1


================================================================
== Performance Estimates
================================================================
+ Timing: 
    * Summary: 
    +--------+----------+----------+------------+
    |  Clock |  Target  | Estimated| Uncertainty|
    +--------+----------+----------+------------+
    |ap_clk  |  10.00 ns|  7.256 ns|     2.70 ns|
    +--------+----------+----------+------------+

+ Latency: 
    * Summary: 
    +---------+---------+-----------+-----------+---------+---------+---------+
    |  Latency (cycles) |   Latency (absolute)  |      Interval     | Pipeline|
    |   min   |   max   |    min    |    max    |   min   |   max   |   Type  |
    +---------+---------+-----------+-----------+---------+---------+---------+
    |  6293532|  6293532|  62.935 ms|  62.935 ms|  6293533|  6293533|       no|
    +---------+---------+-----------+-----------+---------+---------+---------+

    + Detail: 
        * Instance: 
        N/A

        * Loop: 
        N/A

============================================================
+ Verbose Summary: Synthesis Manager
============================================================
InlineROM: 1
ExposeGlobal: 0
============================================================
+ Verbose Summary: CDFG Model
============================================================
IsTopModel: 1
ResetActiveHigh: 1
IsCombinational: 0
IsDatapathOnly: 0
HasWiredReturn: 1
HasMFsm: 0
HasVarLatency: 1
IsPipeline: 0
IsRtlPipelined: 0
IsInstanceOverlapped: 0
IsDontTouch: 0
HasImplIP: 0
IsGatedGlobalClock: 0


============================================================
+ Verbose Summary: Schedule
============================================================
* Number of FSM states : 8
* Pipeline : 0
* Dataflow Pipeline: 0

* FSM state transitions: 
1 --> 2 
2 --> 3 
3 --> 4 
4 --> 5 
5 --> 6 
6 --> 7 
7 --> 8 
8 --> 

* FSM state operations: 

State 1 <SV = 0> <Delay = 0.00>
ST_1 : Operation 9 [1/1] (0.00ns)   --->   "%real_sample_data = alloca i64 1" [dft.cpp:17]   --->   Operation 9 'alloca' 'real_sample_data' <Predicate = true> <Delay = 0.00>
ST_1 : Operation 10 [1/1] (0.00ns)   --->   "%imag_sample_data = alloca i64 1" [dft.cpp:17]   --->   Operation 10 'alloca' 'imag_sample_data' <Predicate = true> <Delay = 0.00>
ST_1 : Operation 11 [1/1] (0.00ns)   --->   "%real_op_data = alloca i64 1" [dft.cpp:17]   --->   Operation 11 'alloca' 'real_op_data' <Predicate = true> <Delay = 0.00>
ST_1 : Operation 12 [1/1] (0.00ns)   --->   "%imag_op_data = alloca i64 1" [dft.cpp:17]   --->   Operation 12 'alloca' 'imag_op_data' <Predicate = true> <Delay = 0.00>

State 2 <SV = 1> <Delay = 3.77>
ST_2 : Operation 13 [2/2] (3.77ns)   --->   "%call_ln0 = call void @dft_Pipeline_VITIS_LOOP_21_1, i32 %real_sample_V_data_V, i4 %real_sample_V_keep_V, i4 %real_sample_V_strb_V, i1 %real_sample_V_last_V, i32 %imag_sample_V_data_V, i4 %imag_sample_V_keep_V, i4 %imag_sample_V_strb_V, i1 %imag_sample_V_last_V, i32 %real_sample_data, i32 %imag_sample_data, i32 %real_op_data, i32 %imag_op_data"   --->   Operation 13 'call' 'call_ln0' <Predicate = true> <Delay = 3.77> <CoreType = "Generic">   --->   Generic Core

State 3 <SV = 2> <Delay = 4.81>
ST_3 : Operation 14 [1/2] (4.81ns)   --->   "%call_ln0 = call void @dft_Pipeline_VITIS_LOOP_21_1, i32 %real_sample_V_data_V, i4 %real_sample_V_keep_V, i4 %real_sample_V_strb_V, i1 %real_sample_V_last_V, i32 %imag_sample_V_data_V, i4 %imag_sample_V_keep_V, i4 %imag_sample_V_strb_V, i1 %imag_sample_V_last_V, i32 %real_sample_data, i32 %imag_sample_data, i32 %real_op_data, i32 %imag_op_data"   --->   Operation 14 'call' 'call_ln0' <Predicate = true> <Delay = 4.81> <CoreType = "Generic">   --->   Generic Core

State 4 <SV = 3> <Delay = 0.00>
ST_4 : Operation 15 [2/2] (0.00ns)   --->   "%call_ln0 = call void @dft_Pipeline_VITIS_LOOP_43_2_VITIS_LOOP_44_3, i32 %real_sample_data, i32 %imag_sample_data, i32 %real_op_data, i32 %imag_op_data, i32 %cos_coefficients_table, i32 %sin_coefficients_table"   --->   Operation 15 'call' 'call_ln0' <Predicate = true> <Delay = 0.00> <CoreType = "Generic">   --->   Generic Core

State 5 <SV = 4> <Delay = 0.00>
ST_5 : Operation 16 [1/2] (0.00ns)   --->   "%call_ln0 = call void @dft_Pipeline_VITIS_LOOP_43_2_VITIS_LOOP_44_3, i32 %real_sample_data, i32 %imag_sample_data, i32 %real_op_data, i32 %imag_op_data, i32 %cos_coefficients_table, i32 %sin_coefficients_table"   --->   Operation 16 'call' 'call_ln0' <Predicate = true> <Delay = 0.00> <CoreType = "Generic">   --->   Generic Core

State 6 <SV = 5> <Delay = 0.00>
ST_6 : Operation 17 [2/2] (0.00ns)   --->   "%call_ln0 = call void @dft_Pipeline_VITIS_LOOP_67_4, i32 %real_op_data, i32 %imag_op_data, i32 %real_op_V_data_V, i4 %real_op_V_keep_V, i4 %real_op_V_strb_V, i1 %real_op_V_last_V, i32 %imag_op_V_data_V, i4 %imag_op_V_keep_V, i4 %imag_op_V_strb_V, i1 %imag_op_V_last_V"   --->   Operation 17 'call' 'call_ln0' <Predicate = true> <Delay = 0.00> <CoreType = "Generic">   --->   Generic Core

State 7 <SV = 6> <Delay = 4.81>
ST_7 : Operation 18 [1/2] (4.81ns)   --->   "%call_ln0 = call void @dft_Pipeline_VITIS_LOOP_67_4, i32 %real_op_data, i32 %imag_op_data, i32 %real_op_V_data_V, i4 %real_op_V_keep_V, i4 %real_op_V_strb_V, i1 %real_op_V_last_V, i32 %imag_op_V_data_V, i4 %imag_op_V_keep_V, i4 %imag_op_V_strb_V, i1 %imag_op_V_last_V"   --->   Operation 18 'call' 'call_ln0' <Predicate = true> <Delay = 4.81> <CoreType = "Generic">   --->   Generic Core

State 8 <SV = 7> <Delay = 0.00>
ST_8 : Operation 19 [1/1] (0.00ns)   --->   "%spectopmodule_ln7 = spectopmodule void @_ssdm_op_SpecTopModule, void @empty_1" [dft.cpp:7]   --->   Operation 19 'spectopmodule' 'spectopmodule_ln7' <Predicate = true> <Delay = 0.00>
ST_8 : Operation 20 [1/1] (0.00ns)   --->   "%specinterface_ln0 = specinterface void @_ssdm_op_SpecInterface, i32 %real_sample_V_data_V, i4 %real_sample_V_keep_V, i4 %real_sample_V_strb_V, i1 %real_sample_V_last_V, void @empty_9, i32 1, i32 1, void @empty_8, i32 0, i32 0, void @empty_7, void @empty_7, void @empty_7, i32 0, i32 0, i32 0, i32 0, void @empty_7, void @empty_7, i32 4294967295, i32 0, i32 0"   --->   Operation 20 'specinterface' 'specinterface_ln0' <Predicate = true> <Delay = 0.00>
ST_8 : Operation 21 [1/1] (0.00ns)   --->   "%specbitsmap_ln0 = specbitsmap void @_ssdm_op_SpecBitsMap, i32 %real_sample_V_data_V"   --->   Operation 21 'specbitsmap' 'specbitsmap_ln0' <Predicate = true> <Delay = 0.00>
ST_8 : Operation 22 [1/1] (0.00ns)   --->   "%specbitsmap_ln0 = specbitsmap void @_ssdm_op_SpecBitsMap, i4 %real_sample_V_keep_V"   --->   Operation 22 'specbitsmap' 'specbitsmap_ln0' <Predicate = true> <Delay = 0.00>
ST_8 : Operation 23 [1/1] (0.00ns)   --->   "%specbitsmap_ln0 = specbitsmap void @_ssdm_op_SpecBitsMap, i4 %real_sample_V_strb_V"   --->   Operation 23 'specbitsmap' 'specbitsmap_ln0' <Predicate = true> <Delay = 0.00>
ST_8 : Operation 24 [1/1] (0.00ns)   --->   "%specbitsmap_ln0 = specbitsmap void @_ssdm_op_SpecBitsMap, i1 %real_sample_V_last_V"   --->   Operation 24 'specbitsmap' 'specbitsmap_ln0' <Predicate = true> <Delay = 0.00>
ST_8 : Operation 25 [1/1] (0.00ns)   --->   "%specinterface_ln0 = specinterface void @_ssdm_op_SpecInterface, i32 %imag_sample_V_data_V, i4 %imag_sample_V_keep_V, i4 %imag_sample_V_strb_V, i1 %imag_sample_V_last_V, void @empty_9, i32 1, i32 1, void @empty_8, i32 0, i32 0, void @empty_7, void @empty_7, void @empty_7, i32 0, i32 0, i32 0, i32 0, void @empty_7, void @empty_7, i32 4294967295, i32 0, i32 0"   --->   Operation 25 'specinterface' 'specinterface_ln0' <Predicate = true> <Delay = 0.00>
ST_8 : Operation 26 [1/1] (0.00ns)   --->   "%specbitsmap_ln0 = specbitsmap void @_ssdm_op_SpecBitsMap, i32 %imag_sample_V_data_V"   --->   Operation 26 'specbitsmap' 'specbitsmap_ln0' <Predicate = true> <Delay = 0.00>
ST_8 : Operation 27 [1/1] (0.00ns)   --->   "%specbitsmap_ln0 = specbitsmap void @_ssdm_op_SpecBitsMap, i4 %imag_sample_V_keep_V"   --->   Operation 27 'specbitsmap' 'specbitsmap_ln0' <Predicate = true> <Delay = 0.00>
ST_8 : Operation 28 [1/1] (0.00ns)   --->   "%specbitsmap_ln0 = specbitsmap void @_ssdm_op_SpecBitsMap, i4 %imag_sample_V_strb_V"   --->   Operation 28 'specbitsmap' 'specbitsmap_ln0' <Predicate = true> <Delay = 0.00>
ST_8 : Operation 29 [1/1] (0.00ns)   --->   "%specbitsmap_ln0 = specbitsmap void @_ssdm_op_SpecBitsMap, i1 %imag_sample_V_last_V"   --->   Operation 29 'specbitsmap' 'specbitsmap_ln0' <Predicate = true> <Delay = 0.00>
ST_8 : Operation 30 [1/1] (0.00ns)   --->   "%specinterface_ln0 = specinterface void @_ssdm_op_SpecInterface, i32 %real_op_V_data_V, i4 %real_op_V_keep_V, i4 %real_op_V_strb_V, i1 %real_op_V_last_V, void @empty_9, i32 1, i32 1, void @empty_8, i32 0, i32 0, void @empty_7, void @empty_7, void @empty_7, i32 0, i32 0, i32 0, i32 0, void @empty_7, void @empty_7, i32 4294967295, i32 0, i32 0"   --->   Operation 30 'specinterface' 'specinterface_ln0' <Predicate = true> <Delay = 0.00>
ST_8 : Operation 31 [1/1] (0.00ns)   --->   "%specbitsmap_ln0 = specbitsmap void @_ssdm_op_SpecBitsMap, i32 %real_op_V_data_V"   --->   Operation 31 'specbitsmap' 'specbitsmap_ln0' <Predicate = true> <Delay = 0.00>
ST_8 : Operation 32 [1/1] (0.00ns)   --->   "%specbitsmap_ln0 = specbitsmap void @_ssdm_op_SpecBitsMap, i4 %real_op_V_keep_V"   --->   Operation 32 'specbitsmap' 'specbitsmap_ln0' <Predicate = true> <Delay = 0.00>
ST_8 : Operation 33 [1/1] (0.00ns)   --->   "%specbitsmap_ln0 = specbitsmap void @_ssdm_op_SpecBitsMap, i4 %real_op_V_strb_V"   --->   Operation 33 'specbitsmap' 'specbitsmap_ln0' <Predicate = true> <Delay = 0.00>
ST_8 : Operation 34 [1/1] (0.00ns)   --->   "%specbitsmap_ln0 = specbitsmap void @_ssdm_op_SpecBitsMap, i1 %real_op_V_last_V"   --->   Operation 34 'specbitsmap' 'specbitsmap_ln0' <Predicate = true> <Delay = 0.00>
ST_8 : Operation 35 [1/1] (0.00ns)   --->   "%specinterface_ln0 = specinterface void @_ssdm_op_SpecInterface, i32 %imag_op_V_data_V, i4 %imag_op_V_keep_V, i4 %imag_op_V_strb_V, i1 %imag_op_V_last_V, void @empty_9, i32 1, i32 1, void @empty_8, i32 0, i32 0, void @empty_7, void @empty_7, void @empty_7, i32 0, i32 0, i32 0, i32 0, void @empty_7, void @empty_7, i32 4294967295, i32 0, i32 0"   --->   Operation 35 'specinterface' 'specinterface_ln0' <Predicate = true> <Delay = 0.00>
ST_8 : Operation 36 [1/1] (0.00ns)   --->   "%specbitsmap_ln0 = specbitsmap void @_ssdm_op_SpecBitsMap, i32 %imag_op_V_data_V"   --->   Operation 36 'specbitsmap' 'specbitsmap_ln0' <Predicate = true> <Delay = 0.00>
ST_8 : Operation 37 [1/1] (0.00ns)   --->   "%specbitsmap_ln0 = specbitsmap void @_ssdm_op_SpecBitsMap, i4 %imag_op_V_keep_V"   --->   Operation 37 'specbitsmap' 'specbitsmap_ln0' <Predicate = true> <Delay = 0.00>
ST_8 : Operation 38 [1/1] (0.00ns)   --->   "%specbitsmap_ln0 = specbitsmap void @_ssdm_op_SpecBitsMap, i4 %imag_op_V_strb_V"   --->   Operation 38 'specbitsmap' 'specbitsmap_ln0' <Predicate = true> <Delay = 0.00>
ST_8 : Operation 39 [1/1] (0.00ns)   --->   "%specbitsmap_ln0 = specbitsmap void @_ssdm_op_SpecBitsMap, i1 %imag_op_V_last_V"   --->   Operation 39 'specbitsmap' 'specbitsmap_ln0' <Predicate = true> <Delay = 0.00>
ST_8 : Operation 40 [1/1] (0.00ns)   --->   "%specinterface_ln0 = specinterface void @_ssdm_op_SpecInterface, i32 0, void @empty_6, i32 0, i32 0, void @empty_7, i32 0, i32 0, void @empty_5, void @empty_7, void @empty_7, i32 0, i32 0, i32 0, i32 0, void @empty_7, void @empty_7, i32 4294967295, i32 0, i32 0"   --->   Operation 40 'specinterface' 'specinterface_ln0' <Predicate = true> <Delay = 0.00>
ST_8 : Operation 41 [1/1] (0.00ns)   --->   "%specaxissidechannel_ln21 = specaxissidechannel void @_ssdm_op_SpecAXISSideChannel, i32 %real_op_V_data_V, i4 %real_op_V_keep_V, i4 %real_op_V_strb_V, i1 0, i1 %real_op_V_last_V, i1 0, i1 0, void @empty_4" [dft.cpp:21]   --->   Operation 41 'specaxissidechannel' 'specaxissidechannel_ln21' <Predicate = true> <Delay = 0.00>
ST_8 : Operation 42 [1/1] (0.00ns)   --->   "%specaxissidechannel_ln21 = specaxissidechannel void @_ssdm_op_SpecAXISSideChannel, i32 %imag_op_V_data_V, i4 %imag_op_V_keep_V, i4 %imag_op_V_strb_V, i1 0, i1 %imag_op_V_last_V, i1 0, i1 0, void @empty_3" [dft.cpp:21]   --->   Operation 42 'specaxissidechannel' 'specaxissidechannel_ln21' <Predicate = true> <Delay = 0.00>
ST_8 : Operation 43 [1/1] (0.00ns)   --->   "%specaxissidechannel_ln21 = specaxissidechannel void @_ssdm_op_SpecAXISSideChannel, i32 %imag_sample_V_data_V, i4 %imag_sample_V_keep_V, i4 %imag_sample_V_strb_V, i1 0, i1 %imag_sample_V_last_V, i1 0, i1 0, void @empty_2" [dft.cpp:21]   --->   Operation 43 'specaxissidechannel' 'specaxissidechannel_ln21' <Predicate = true> <Delay = 0.00>
ST_8 : Operation 44 [1/1] (0.00ns)   --->   "%specaxissidechannel_ln21 = specaxissidechannel void @_ssdm_op_SpecAXISSideChannel, i32 %real_sample_V_data_V, i4 %real_sample_V_keep_V, i4 %real_sample_V_strb_V, i1 0, i1 %real_sample_V_last_V, i1 0, i1 0, void @empty_10" [dft.cpp:21]   --->   Operation 44 'specaxissidechannel' 'specaxissidechannel_ln21' <Predicate = true> <Delay = 0.00>
ST_8 : Operation 45 [1/1] (0.00ns)   --->   "%ret_ln92 = ret" [dft.cpp:92]   --->   Operation 45 'ret' 'ret_ln92' <Predicate = true> <Delay = 0.00>


============================================================
+ Verbose Summary: Timing violations
============================================================
Target clock period: 10.000ns, clock uncertainty: 2.700ns.

 <State 1>: 0.000ns
The critical path consists of the following:

 <State 2>: 3.772ns
The critical path consists of the following:
	'call' operation 0 bit ('call_ln0') to 'dft_Pipeline_VITIS_LOOP_21_1' [49]  (3.772 ns)

 <State 3>: 4.815ns
The critical path consists of the following:
	'call' operation 0 bit ('call_ln0') to 'dft_Pipeline_VITIS_LOOP_21_1' [49]  (4.815 ns)

 <State 4>: 0.000ns
The critical path consists of the following:

 <State 5>: 0.000ns
The critical path consists of the following:

 <State 6>: 0.000ns
The critical path consists of the following:

 <State 7>: 4.815ns
The critical path consists of the following:
	'call' operation 0 bit ('call_ln0') to 'dft_Pipeline_VITIS_LOOP_67_4' [51]  (4.815 ns)

 <State 8>: 0.000ns
The critical path consists of the following:


============================================================
+ Verbose Summary: Binding
============================================================
N/A
* FSMD analyzer results:
  - Output states:
 - Input state : 
  - Chain level:
	State 1
	State 2
	State 3
	State 4
	State 5
	State 6
	State 7
	State 8


============================================================
+ Verbose Summary: Datapath Resource usage 
============================================================
N/A
