

================================================================
== Vitis HLS Report for 'dft'
================================================================
* Date:           Sun Nov  9 02:12:22 2025

* Version:        2024.2 (Build 5238294 on Nov  8 2024)
* Project:        dft.comp
* Solution:       hls (Vivado IP Flow Target)
* Product family: zynq
* Target device:  xc7z020-clg400-1


================================================================
== Performance Estimates
================================================================
+ Timing: 
    * Summary: 
    +--------+----------+----------+------------+
    |  Clock |  Target  | Estimated| Uncertainty|
    +--------+----------+----------+------------+
    |ap_clk  |  10.00 ns|  7.256 ns|     2.70 ns|
    +--------+----------+----------+------------+

+ Latency: 
    * Summary: 
    +---------+---------+-----------+-----------+---------+---------+---------+
    |  Latency (cycles) |   Latency (absolute)  |      Interval     | Pipeline|
    |   min   |   max   |    min    |    max    |   min   |   max   |   Type  |
    +---------+---------+-----------+-----------+---------+---------+---------+
    |  6293532|  6293532|  62.935 ms|  62.935 ms|  6293533|  6293533|       no|
    +---------+---------+-----------+-----------+---------+---------+---------+

    + Detail: 
        * Instance: 
        +---------------------------------------------------------+----------------------------------------------+---------+---------+-----------+-----------+---------+---------+------------------------------------------------+
        |                                                         |                                              |  Latency (cycles) |   Latency (absolute)  |      Interval     |                    Pipeline                    |
        |                         Instance                        |                    Module                    |   min   |   max   |    min    |    max    |   min   |   max   |                      Type                      |
        +---------------------------------------------------------+----------------------------------------------+---------+---------+-----------+-----------+---------+---------+------------------------------------------------+
        |grp_dft_Pipeline_VITIS_LOOP_21_1_fu_96                   |dft_Pipeline_VITIS_LOOP_21_1                  |     1026|     1026|  10.260 us|  10.260 us|     1025|     1025|  loop auto-rewind stp (delay=0 clock cycles(s))|
        |grp_dft_Pipeline_VITIS_LOOP_43_2_VITIS_LOOP_44_3_fu_120  |dft_Pipeline_VITIS_LOOP_43_2_VITIS_LOOP_44_3  |  6291473|  6291473|  62.915 ms|  62.915 ms|  6291462|  6291462|  loop auto-rewind stp (delay=0 clock cycles(s))|
        |grp_dft_Pipeline_VITIS_LOOP_67_4_fu_132                  |dft_Pipeline_VITIS_LOOP_67_4                  |     1026|     1026|  10.260 us|  10.260 us|     1025|     1025|  loop auto-rewind stp (delay=0 clock cycles(s))|
        +---------------------------------------------------------+----------------------------------------------+---------+---------+-----------+-----------+---------+---------+------------------------------------------------+

        * Loop: 
        N/A

============================================================
+ Verbose Summary: Synthesis Manager
============================================================
InlineROM: 1
ExposeGlobal: 0
============================================================
+ Verbose Summary: CDFG Model
============================================================
IsTopModel: 1
ResetActiveHigh: 1
IsCombinational: 0
IsDatapathOnly: 0
HasWiredReturn: 1
HasMFsm: 0
HasVarLatency: 1
IsPipeline: 0
IsRtlPipelined: 0
IsInstanceOverlapped: 0
IsDontTouch: 0
HasImplIP: 0
IsGatedGlobalClock: 0


============================================================
+ Verbose Summary: Schedule
============================================================
* Number of FSM states : 8
* Pipeline : 0
* Dataflow Pipeline: 0

* FSM state transitions: 
1 --> 2 
2 --> 3 
3 --> 4 
4 --> 5 
5 --> 6 
6 --> 7 
7 --> 8 
8 --> 

* FSM state operations: 

State 1 <SV = 0> <Delay = 3.25>
ST_1 : Operation 9 [1/1] (3.25ns)   --->   "%real_sample_data = alloca i64 1" [dft.cpp:17]   --->   Operation 9 'alloca' 'real_sample_data' <Predicate = true> <Delay = 3.25>
ST_1 : Operation 10 [1/1] (3.25ns)   --->   "%imag_sample_data = alloca i64 1" [dft.cpp:17]   --->   Operation 10 'alloca' 'imag_sample_data' <Predicate = true> <Delay = 3.25>
ST_1 : Operation 11 [1/1] (3.25ns)   --->   "%real_op_data = alloca i64 1" [dft.cpp:17]   --->   Operation 11 'alloca' 'real_op_data' <Predicate = true> <Delay = 3.25>
ST_1 : Operation 12 [1/1] (3.25ns)   --->   "%imag_op_data = alloca i64 1" [dft.cpp:17]   --->   Operation 12 'alloca' 'imag_op_data' <Predicate = true> <Delay = 3.25>

State 2 <SV = 1> <Delay = 3.77>
ST_2 : Operation 13 [2/2] (3.77ns)   --->   "%call_ln0 = call void @dft_Pipeline_VITIS_LOOP_21_1, i32 %real_sample_V_data_V, i4 %real_sample_V_keep_V, i4 %real_sample_V_strb_V, i1 %real_sample_V_last_V, i32 %imag_sample_V_data_V, i4 %imag_sample_V_keep_V, i4 %imag_sample_V_strb_V, i1 %imag_sample_V_last_V, i32 %real_sample_data, i32 %imag_sample_data, i32 %real_op_data, i32 %imag_op_data"   --->   Operation 13 'call' 'call_ln0' <Predicate = true> <Delay = 3.77> <CoreType = "Generic">   --->   Generic Core

State 3 <SV = 2> <Delay = 4.81>
ST_3 : Operation 14 [1/2] (4.81ns)   --->   "%call_ln0 = call void @dft_Pipeline_VITIS_LOOP_21_1, i32 %real_sample_V_data_V, i4 %real_sample_V_keep_V, i4 %real_sample_V_strb_V, i1 %real_sample_V_last_V, i32 %imag_sample_V_data_V, i4 %imag_sample_V_keep_V, i4 %imag_sample_V_strb_V, i1 %imag_sample_V_last_V, i32 %real_sample_data, i32 %imag_sample_data, i32 %real_op_data, i32 %imag_op_data"   --->   Operation 14 'call' 'call_ln0' <Predicate = true> <Delay = 4.81> <CoreType = "Generic">   --->   Generic Core

State 4 <SV = 3> <Delay = 0.00>
ST_4 : Operation 15 [2/2] (0.00ns)   --->   "%call_ln0 = call void @dft_Pipeline_VITIS_LOOP_43_2_VITIS_LOOP_44_3, i32 %real_sample_data, i32 %imag_sample_data, i32 %real_op_data, i32 %imag_op_data, i32 %cos_coefficients_table, i32 %sin_coefficients_table"   --->   Operation 15 'call' 'call_ln0' <Predicate = true> <Delay = 0.00> <CoreType = "Generic">   --->   Generic Core

State 5 <SV = 4> <Delay = 0.00>
ST_5 : Operation 16 [1/2] (0.00ns)   --->   "%call_ln0 = call void @dft_Pipeline_VITIS_LOOP_43_2_VITIS_LOOP_44_3, i32 %real_sample_data, i32 %imag_sample_data, i32 %real_op_data, i32 %imag_op_data, i32 %cos_coefficients_table, i32 %sin_coefficients_table"   --->   Operation 16 'call' 'call_ln0' <Predicate = true> <Delay = 0.00> <CoreType = "Generic">   --->   Generic Core

State 6 <SV = 5> <Delay = 0.00>
ST_6 : Operation 17 [2/2] (0.00ns)   --->   "%call_ln0 = call void @dft_Pipeline_VITIS_LOOP_67_4, i32 %real_op_data, i32 %imag_op_data, i32 %real_op_V_data_V, i4 %real_op_V_keep_V, i4 %real_op_V_strb_V, i1 %real_op_V_last_V, i32 %imag_op_V_data_V, i4 %imag_op_V_keep_V, i4 %imag_op_V_strb_V, i1 %imag_op_V_last_V"   --->   Operation 17 'call' 'call_ln0' <Predicate = true> <Delay = 0.00> <CoreType = "Generic">   --->   Generic Core

State 7 <SV = 6> <Delay = 4.81>
ST_7 : Operation 18 [1/2] (4.81ns)   --->   "%call_ln0 = call void @dft_Pipeline_VITIS_LOOP_67_4, i32 %real_op_data, i32 %imag_op_data, i32 %real_op_V_data_V, i4 %real_op_V_keep_V, i4 %real_op_V_strb_V, i1 %real_op_V_last_V, i32 %imag_op_V_data_V, i4 %imag_op_V_keep_V, i4 %imag_op_V_strb_V, i1 %imag_op_V_last_V"   --->   Operation 18 'call' 'call_ln0' <Predicate = true> <Delay = 4.81> <CoreType = "Generic">   --->   Generic Core

State 8 <SV = 7> <Delay = 0.00>
ST_8 : Operation 19 [1/1] (0.00ns)   --->   "%spectopmodule_ln7 = spectopmodule void @_ssdm_op_SpecTopModule, void @empty_1" [dft.cpp:7]   --->   Operation 19 'spectopmodule' 'spectopmodule_ln7' <Predicate = true> <Delay = 0.00>
ST_8 : Operation 20 [1/1] (0.00ns)   --->   "%specinterface_ln0 = specinterface void @_ssdm_op_SpecInterface, i32 %real_sample_V_data_V, i4 %real_sample_V_keep_V, i4 %real_sample_V_strb_V, i1 %real_sample_V_last_V, void @empty_9, i32 1, i32 1, void @empty_8, i32 0, i32 0, void @empty_7, void @empty_7, void @empty_7, i32 0, i32 0, i32 0, i32 0, void @empty_7, void @empty_7, i32 4294967295, i32 0, i32 0"   --->   Operation 20 'specinterface' 'specinterface_ln0' <Predicate = true> <Delay = 0.00>
ST_8 : Operation 21 [1/1] (0.00ns)   --->   "%specbitsmap_ln0 = specbitsmap void @_ssdm_op_SpecBitsMap, i32 %real_sample_V_data_V"   --->   Operation 21 'specbitsmap' 'specbitsmap_ln0' <Predicate = true> <Delay = 0.00>
ST_8 : Operation 22 [1/1] (0.00ns)   --->   "%specbitsmap_ln0 = specbitsmap void @_ssdm_op_SpecBitsMap, i4 %real_sample_V_keep_V"   --->   Operation 22 'specbitsmap' 'specbitsmap_ln0' <Predicate = true> <Delay = 0.00>
ST_8 : Operation 23 [1/1] (0.00ns)   --->   "%specbitsmap_ln0 = specbitsmap void @_ssdm_op_SpecBitsMap, i4 %real_sample_V_strb_V"   --->   Operation 23 'specbitsmap' 'specbitsmap_ln0' <Predicate = true> <Delay = 0.00>
ST_8 : Operation 24 [1/1] (0.00ns)   --->   "%specbitsmap_ln0 = specbitsmap void @_ssdm_op_SpecBitsMap, i1 %real_sample_V_last_V"   --->   Operation 24 'specbitsmap' 'specbitsmap_ln0' <Predicate = true> <Delay = 0.00>
ST_8 : Operation 25 [1/1] (0.00ns)   --->   "%specinterface_ln0 = specinterface void @_ssdm_op_SpecInterface, i32 %imag_sample_V_data_V, i4 %imag_sample_V_keep_V, i4 %imag_sample_V_strb_V, i1 %imag_sample_V_last_V, void @empty_9, i32 1, i32 1, void @empty_8, i32 0, i32 0, void @empty_7, void @empty_7, void @empty_7, i32 0, i32 0, i32 0, i32 0, void @empty_7, void @empty_7, i32 4294967295, i32 0, i32 0"   --->   Operation 25 'specinterface' 'specinterface_ln0' <Predicate = true> <Delay = 0.00>
ST_8 : Operation 26 [1/1] (0.00ns)   --->   "%specbitsmap_ln0 = specbitsmap void @_ssdm_op_SpecBitsMap, i32 %imag_sample_V_data_V"   --->   Operation 26 'specbitsmap' 'specbitsmap_ln0' <Predicate = true> <Delay = 0.00>
ST_8 : Operation 27 [1/1] (0.00ns)   --->   "%specbitsmap_ln0 = specbitsmap void @_ssdm_op_SpecBitsMap, i4 %imag_sample_V_keep_V"   --->   Operation 27 'specbitsmap' 'specbitsmap_ln0' <Predicate = true> <Delay = 0.00>
ST_8 : Operation 28 [1/1] (0.00ns)   --->   "%specbitsmap_ln0 = specbitsmap void @_ssdm_op_SpecBitsMap, i4 %imag_sample_V_strb_V"   --->   Operation 28 'specbitsmap' 'specbitsmap_ln0' <Predicate = true> <Delay = 0.00>
ST_8 : Operation 29 [1/1] (0.00ns)   --->   "%specbitsmap_ln0 = specbitsmap void @_ssdm_op_SpecBitsMap, i1 %imag_sample_V_last_V"   --->   Operation 29 'specbitsmap' 'specbitsmap_ln0' <Predicate = true> <Delay = 0.00>
ST_8 : Operation 30 [1/1] (0.00ns)   --->   "%specinterface_ln0 = specinterface void @_ssdm_op_SpecInterface, i32 %real_op_V_data_V, i4 %real_op_V_keep_V, i4 %real_op_V_strb_V, i1 %real_op_V_last_V, void @empty_9, i32 1, i32 1, void @empty_8, i32 0, i32 0, void @empty_7, void @empty_7, void @empty_7, i32 0, i32 0, i32 0, i32 0, void @empty_7, void @empty_7, i32 4294967295, i32 0, i32 0"   --->   Operation 30 'specinterface' 'specinterface_ln0' <Predicate = true> <Delay = 0.00>
ST_8 : Operation 31 [1/1] (0.00ns)   --->   "%specbitsmap_ln0 = specbitsmap void @_ssdm_op_SpecBitsMap, i32 %real_op_V_data_V"   --->   Operation 31 'specbitsmap' 'specbitsmap_ln0' <Predicate = true> <Delay = 0.00>
ST_8 : Operation 32 [1/1] (0.00ns)   --->   "%specbitsmap_ln0 = specbitsmap void @_ssdm_op_SpecBitsMap, i4 %real_op_V_keep_V"   --->   Operation 32 'specbitsmap' 'specbitsmap_ln0' <Predicate = true> <Delay = 0.00>
ST_8 : Operation 33 [1/1] (0.00ns)   --->   "%specbitsmap_ln0 = specbitsmap void @_ssdm_op_SpecBitsMap, i4 %real_op_V_strb_V"   --->   Operation 33 'specbitsmap' 'specbitsmap_ln0' <Predicate = true> <Delay = 0.00>
ST_8 : Operation 34 [1/1] (0.00ns)   --->   "%specbitsmap_ln0 = specbitsmap void @_ssdm_op_SpecBitsMap, i1 %real_op_V_last_V"   --->   Operation 34 'specbitsmap' 'specbitsmap_ln0' <Predicate = true> <Delay = 0.00>
ST_8 : Operation 35 [1/1] (0.00ns)   --->   "%specinterface_ln0 = specinterface void @_ssdm_op_SpecInterface, i32 %imag_op_V_data_V, i4 %imag_op_V_keep_V, i4 %imag_op_V_strb_V, i1 %imag_op_V_last_V, void @empty_9, i32 1, i32 1, void @empty_8, i32 0, i32 0, void @empty_7, void @empty_7, void @empty_7, i32 0, i32 0, i32 0, i32 0, void @empty_7, void @empty_7, i32 4294967295, i32 0, i32 0"   --->   Operation 35 'specinterface' 'specinterface_ln0' <Predicate = true> <Delay = 0.00>
ST_8 : Operation 36 [1/1] (0.00ns)   --->   "%specbitsmap_ln0 = specbitsmap void @_ssdm_op_SpecBitsMap, i32 %imag_op_V_data_V"   --->   Operation 36 'specbitsmap' 'specbitsmap_ln0' <Predicate = true> <Delay = 0.00>
ST_8 : Operation 37 [1/1] (0.00ns)   --->   "%specbitsmap_ln0 = specbitsmap void @_ssdm_op_SpecBitsMap, i4 %imag_op_V_keep_V"   --->   Operation 37 'specbitsmap' 'specbitsmap_ln0' <Predicate = true> <Delay = 0.00>
ST_8 : Operation 38 [1/1] (0.00ns)   --->   "%specbitsmap_ln0 = specbitsmap void @_ssdm_op_SpecBitsMap, i4 %imag_op_V_strb_V"   --->   Operation 38 'specbitsmap' 'specbitsmap_ln0' <Predicate = true> <Delay = 0.00>
ST_8 : Operation 39 [1/1] (0.00ns)   --->   "%specbitsmap_ln0 = specbitsmap void @_ssdm_op_SpecBitsMap, i1 %imag_op_V_last_V"   --->   Operation 39 'specbitsmap' 'specbitsmap_ln0' <Predicate = true> <Delay = 0.00>
ST_8 : Operation 40 [1/1] (0.00ns)   --->   "%specinterface_ln0 = specinterface void @_ssdm_op_SpecInterface, i32 0, void @empty_6, i32 0, i32 0, void @empty_7, i32 0, i32 0, void @empty_5, void @empty_7, void @empty_7, i32 0, i32 0, i32 0, i32 0, void @empty_7, void @empty_7, i32 4294967295, i32 0, i32 0"   --->   Operation 40 'specinterface' 'specinterface_ln0' <Predicate = true> <Delay = 0.00>
ST_8 : Operation 41 [1/1] (0.00ns)   --->   "%specaxissidechannel_ln21 = specaxissidechannel void @_ssdm_op_SpecAXISSideChannel, i32 %real_op_V_data_V, i4 %real_op_V_keep_V, i4 %real_op_V_strb_V, i1 0, i1 %real_op_V_last_V, i1 0, i1 0, void @empty_4" [dft.cpp:21]   --->   Operation 41 'specaxissidechannel' 'specaxissidechannel_ln21' <Predicate = true> <Delay = 0.00>
ST_8 : Operation 42 [1/1] (0.00ns)   --->   "%specaxissidechannel_ln21 = specaxissidechannel void @_ssdm_op_SpecAXISSideChannel, i32 %imag_op_V_data_V, i4 %imag_op_V_keep_V, i4 %imag_op_V_strb_V, i1 0, i1 %imag_op_V_last_V, i1 0, i1 0, void @empty_3" [dft.cpp:21]   --->   Operation 42 'specaxissidechannel' 'specaxissidechannel_ln21' <Predicate = true> <Delay = 0.00>
ST_8 : Operation 43 [1/1] (0.00ns)   --->   "%specaxissidechannel_ln21 = specaxissidechannel void @_ssdm_op_SpecAXISSideChannel, i32 %imag_sample_V_data_V, i4 %imag_sample_V_keep_V, i4 %imag_sample_V_strb_V, i1 0, i1 %imag_sample_V_last_V, i1 0, i1 0, void @empty_2" [dft.cpp:21]   --->   Operation 43 'specaxissidechannel' 'specaxissidechannel_ln21' <Predicate = true> <Delay = 0.00>
ST_8 : Operation 44 [1/1] (0.00ns)   --->   "%specaxissidechannel_ln21 = specaxissidechannel void @_ssdm_op_SpecAXISSideChannel, i32 %real_sample_V_data_V, i4 %real_sample_V_keep_V, i4 %real_sample_V_strb_V, i1 0, i1 %real_sample_V_last_V, i1 0, i1 0, void @empty_10" [dft.cpp:21]   --->   Operation 44 'specaxissidechannel' 'specaxissidechannel_ln21' <Predicate = true> <Delay = 0.00>
ST_8 : Operation 45 [1/1] (0.00ns)   --->   "%ret_ln92 = ret" [dft.cpp:92]   --->   Operation 45 'ret' 'ret_ln92' <Predicate = true> <Delay = 0.00>


============================================================
+ Verbose Summary: Binding
============================================================
STG Binding: 
---------------- STG Properties BEGIN ----------------
- Is combinational: 0
- Is one-state seq: 0
- Is datapath-only: 0
- Is pipelined: 0
- Is top level: 1
Port [ Return ] is wired: 1; IO mode=ap_ctrl_hs:ce=0
Port [ real_sample_V_data_V]:  wired=1; compound=1; hidden=0; nouse=0; global=0; static=0; extern=0; dir=0; type=0; pingpong=0; private_global=0; IO mode=axis:ce=0
Port [ real_sample_V_keep_V]:  wired=1; compound=1; hidden=0; nouse=0; global=0; static=0; extern=0; dir=0; type=0; pingpong=0; private_global=0; IO mode=axis:ce=0
Port [ real_sample_V_strb_V]:  wired=1; compound=1; hidden=0; nouse=0; global=0; static=0; extern=0; dir=0; type=0; pingpong=0; private_global=0; IO mode=axis:ce=0
Port [ real_sample_V_last_V]:  wired=1; compound=1; hidden=0; nouse=0; global=0; static=0; extern=0; dir=0; type=0; pingpong=0; private_global=0; IO mode=axis:ce=0
Port [ imag_sample_V_data_V]:  wired=1; compound=1; hidden=0; nouse=0; global=0; static=0; extern=0; dir=0; type=0; pingpong=0; private_global=0; IO mode=axis:ce=0
Port [ imag_sample_V_keep_V]:  wired=1; compound=1; hidden=0; nouse=0; global=0; static=0; extern=0; dir=0; type=0; pingpong=0; private_global=0; IO mode=axis:ce=0
Port [ imag_sample_V_strb_V]:  wired=1; compound=1; hidden=0; nouse=0; global=0; static=0; extern=0; dir=0; type=0; pingpong=0; private_global=0; IO mode=axis:ce=0
Port [ imag_sample_V_last_V]:  wired=1; compound=1; hidden=0; nouse=0; global=0; static=0; extern=0; dir=0; type=0; pingpong=0; private_global=0; IO mode=axis:ce=0
Port [ real_op_V_data_V]:  wired=1; compound=1; hidden=0; nouse=0; global=0; static=0; extern=0; dir=1; type=0; pingpong=0; private_global=0; IO mode=axis:ce=0
Port [ real_op_V_keep_V]:  wired=1; compound=1; hidden=0; nouse=0; global=0; static=0; extern=0; dir=1; type=0; pingpong=0; private_global=0; IO mode=axis:ce=0
Port [ real_op_V_strb_V]:  wired=1; compound=1; hidden=0; nouse=0; global=0; static=0; extern=0; dir=1; type=0; pingpong=0; private_global=0; IO mode=axis:ce=0
Port [ real_op_V_last_V]:  wired=1; compound=1; hidden=0; nouse=0; global=0; static=0; extern=0; dir=1; type=0; pingpong=0; private_global=0; IO mode=axis:ce=0
Port [ imag_op_V_data_V]:  wired=1; compound=1; hidden=0; nouse=0; global=0; static=0; extern=0; dir=1; type=0; pingpong=0; private_global=0; IO mode=axis:ce=0
Port [ imag_op_V_keep_V]:  wired=1; compound=1; hidden=0; nouse=0; global=0; static=0; extern=0; dir=1; type=0; pingpong=0; private_global=0; IO mode=axis:ce=0
Port [ imag_op_V_strb_V]:  wired=1; compound=1; hidden=0; nouse=0; global=0; static=0; extern=0; dir=1; type=0; pingpong=0; private_global=0; IO mode=axis:ce=0
Port [ imag_op_V_last_V]:  wired=1; compound=1; hidden=0; nouse=0; global=0; static=0; extern=0; dir=1; type=0; pingpong=0; private_global=0; IO mode=axis:ce=0
Port [ cos_coefficients_table]:  wired=0; compound=1; hidden=1; nouse=1; global=1; static=1; extern=0; dir=0; type=1; pingpong=0; private_global=0; MemPort=[1]; IO mode=ap_memory:ce=0
Port [ sin_coefficients_table]:  wired=0; compound=1; hidden=1; nouse=1; global=1; static=1; extern=0; dir=0; type=1; pingpong=0; private_global=0; MemPort=[1]; IO mode=ap_memory:ce=0
---------------- STG Properties END ------------------

---------------- Datapath Model BEGIN ----------------

<LifeTime>
<method=bitvector/>
real_sample_data         (alloca             ) [ 001111000]
imag_sample_data         (alloca             ) [ 001111000]
real_op_data             (alloca             ) [ 001111110]
imag_op_data             (alloca             ) [ 001111110]
call_ln0                 (call               ) [ 000000000]
call_ln0                 (call               ) [ 000000000]
call_ln0                 (call               ) [ 000000000]
spectopmodule_ln7        (spectopmodule      ) [ 000000000]
specinterface_ln0        (specinterface      ) [ 000000000]
specbitsmap_ln0          (specbitsmap        ) [ 000000000]
specbitsmap_ln0          (specbitsmap        ) [ 000000000]
specbitsmap_ln0          (specbitsmap        ) [ 000000000]
specbitsmap_ln0          (specbitsmap        ) [ 000000000]
specinterface_ln0        (specinterface      ) [ 000000000]
specbitsmap_ln0          (specbitsmap        ) [ 000000000]
specbitsmap_ln0          (specbitsmap        ) [ 000000000]
specbitsmap_ln0          (specbitsmap        ) [ 000000000]
specbitsmap_ln0          (specbitsmap        ) [ 000000000]
specinterface_ln0        (specinterface      ) [ 000000000]
specbitsmap_ln0          (specbitsmap        ) [ 000000000]
specbitsmap_ln0          (specbitsmap        ) [ 000000000]
specbitsmap_ln0          (specbitsmap        ) [ 000000000]
specbitsmap_ln0          (specbitsmap        ) [ 000000000]
specinterface_ln0        (specinterface      ) [ 000000000]
specbitsmap_ln0          (specbitsmap        ) [ 000000000]
specbitsmap_ln0          (specbitsmap        ) [ 000000000]
specbitsmap_ln0          (specbitsmap        ) [ 000000000]
specbitsmap_ln0          (specbitsmap        ) [ 000000000]
specinterface_ln0        (specinterface      ) [ 000000000]
specaxissidechannel_ln21 (specaxissidechannel) [ 000000000]
specaxissidechannel_ln21 (specaxissidechannel) [ 000000000]
specaxissidechannel_ln21 (specaxissidechannel) [ 000000000]
specaxissidechannel_ln21 (specaxissidechannel) [ 000000000]
ret_ln92                 (ret                ) [ 000000000]
</LifeTime>

<model>

<comp_list>
<comp id="0" class="1000" name="real_sample_V_data_V">
<pin_list>
<pin id="1" dir="1" index="0" bw="1" slack="0"/>
</pin_list>
<bind>
<StgValue><ssdm name="real_sample_V_data_V"/></StgValue>
</bind>
</comp>

<comp id="2" class="1000" name="real_sample_V_keep_V">
<pin_list>
<pin id="3" dir="1" index="0" bw="1" slack="0"/>
</pin_list>
<bind>
<StgValue><ssdm name="real_sample_V_keep_V"/></StgValue>
</bind>
</comp>

<comp id="4" class="1000" name="real_sample_V_strb_V">
<pin_list>
<pin id="5" dir="1" index="0" bw="1" slack="0"/>
</pin_list>
<bind>
<StgValue><ssdm name="real_sample_V_strb_V"/></StgValue>
</bind>
</comp>

<comp id="6" class="1000" name="real_sample_V_last_V">
<pin_list>
<pin id="7" dir="1" index="0" bw="1" slack="0"/>
</pin_list>
<bind>
<StgValue><ssdm name="real_sample_V_last_V"/></StgValue>
</bind>
</comp>

<comp id="8" class="1000" name="imag_sample_V_data_V">
<pin_list>
<pin id="9" dir="1" index="0" bw="1" slack="0"/>
</pin_list>
<bind>
<StgValue><ssdm name="imag_sample_V_data_V"/></StgValue>
</bind>
</comp>

<comp id="10" class="1000" name="imag_sample_V_keep_V">
<pin_list>
<pin id="11" dir="1" index="0" bw="1" slack="0"/>
</pin_list>
<bind>
<StgValue><ssdm name="imag_sample_V_keep_V"/></StgValue>
</bind>
</comp>

<comp id="12" class="1000" name="imag_sample_V_strb_V">
<pin_list>
<pin id="13" dir="1" index="0" bw="1" slack="0"/>
</pin_list>
<bind>
<StgValue><ssdm name="imag_sample_V_strb_V"/></StgValue>
</bind>
</comp>

<comp id="14" class="1000" name="imag_sample_V_last_V">
<pin_list>
<pin id="15" dir="1" index="0" bw="1" slack="0"/>
</pin_list>
<bind>
<StgValue><ssdm name="imag_sample_V_last_V"/></StgValue>
</bind>
</comp>

<comp id="16" class="1000" name="real_op_V_data_V">
<pin_list>
<pin id="17" dir="1" index="0" bw="1" slack="0"/>
</pin_list>
<bind>
<StgValue><ssdm name="real_op_V_data_V"/></StgValue>
</bind>
</comp>

<comp id="18" class="1000" name="real_op_V_keep_V">
<pin_list>
<pin id="19" dir="1" index="0" bw="1" slack="0"/>
</pin_list>
<bind>
<StgValue><ssdm name="real_op_V_keep_V"/></StgValue>
</bind>
</comp>

<comp id="20" class="1000" name="real_op_V_strb_V">
<pin_list>
<pin id="21" dir="1" index="0" bw="1" slack="0"/>
</pin_list>
<bind>
<StgValue><ssdm name="real_op_V_strb_V"/></StgValue>
</bind>
</comp>

<comp id="22" class="1000" name="real_op_V_last_V">
<pin_list>
<pin id="23" dir="1" index="0" bw="1" slack="0"/>
</pin_list>
<bind>
<StgValue><ssdm name="real_op_V_last_V"/></StgValue>
</bind>
</comp>

<comp id="24" class="1000" name="imag_op_V_data_V">
<pin_list>
<pin id="25" dir="1" index="0" bw="1" slack="0"/>
</pin_list>
<bind>
<StgValue><ssdm name="imag_op_V_data_V"/></StgValue>
</bind>
</comp>

<comp id="26" class="1000" name="imag_op_V_keep_V">
<pin_list>
<pin id="27" dir="1" index="0" bw="1" slack="0"/>
</pin_list>
<bind>
<StgValue><ssdm name="imag_op_V_keep_V"/></StgValue>
</bind>
</comp>

<comp id="28" class="1000" name="imag_op_V_strb_V">
<pin_list>
<pin id="29" dir="1" index="0" bw="1" slack="0"/>
</pin_list>
<bind>
<StgValue><ssdm name="imag_op_V_strb_V"/></StgValue>
</bind>
</comp>

<comp id="30" class="1000" name="imag_op_V_last_V">
<pin_list>
<pin id="31" dir="1" index="0" bw="1" slack="0"/>
</pin_list>
<bind>
<StgValue><ssdm name="imag_op_V_last_V"/></StgValue>
</bind>
</comp>

<comp id="32" class="1000" name="cos_coefficients_table">
<pin_list>
<pin id="33" dir="1" index="0" bw="1" slack="0"/>
</pin_list>
<bind>
<StgValue><ssdm name="cos_coefficients_table"/><MemPortTyVec>1 </MemPortTyVec>
</StgValue>
</bind>
</comp>

<comp id="34" class="1000" name="sin_coefficients_table">
<pin_list>
<pin id="35" dir="1" index="0" bw="1" slack="0"/>
</pin_list>
<bind>
<StgValue><ssdm name="sin_coefficients_table"/><MemPortTyVec>1 </MemPortTyVec>
</StgValue>
</bind>
</comp>

<comp id="36" class="1001" name="const_36">
<pin_list>
<pin id="37" dir="1" index="0" bw="1" slack="0"/>
</pin_list>
<bind>
<StgValue><ssdm name=""/></StgValue>
</bind>
</comp>

<comp id="38" class="1001" name="const_38">
<pin_list>
<pin id="39" dir="1" index="0" bw="1" slack="0"/>
</pin_list>
<bind>
<StgValue><ssdm name="dft_Pipeline_VITIS_LOOP_21_1"/></StgValue>
</bind>
</comp>

<comp id="40" class="1001" name="const_40">
<pin_list>
<pin id="41" dir="1" index="0" bw="1" slack="0"/>
</pin_list>
<bind>
<StgValue><ssdm name="dft_Pipeline_VITIS_LOOP_43_2_VITIS_LOOP_44_3"/></StgValue>
</bind>
</comp>

<comp id="42" class="1001" name="const_42">
<pin_list>
<pin id="43" dir="1" index="0" bw="1" slack="0"/>
</pin_list>
<bind>
<StgValue><ssdm name="dft_Pipeline_VITIS_LOOP_67_4"/></StgValue>
</bind>
</comp>

<comp id="44" class="1001" name="const_44">
<pin_list>
<pin id="45" dir="1" index="0" bw="1" slack="2147483647"/>
</pin_list>
<bind>
<StgValue><ssdm name="_ssdm_op_SpecTopModule"/></StgValue>
</bind>
</comp>

<comp id="46" class="1001" name="const_46">
<pin_list>
<pin id="47" dir="1" index="0" bw="1" slack="2147483647"/>
</pin_list>
<bind>
<StgValue><ssdm name="empty_1"/></StgValue>
</bind>
</comp>

<comp id="48" class="1001" name="const_48">
<pin_list>
<pin id="49" dir="1" index="0" bw="1" slack="2147483647"/>
</pin_list>
<bind>
<StgValue><ssdm name="_ssdm_op_SpecInterface"/></StgValue>
</bind>
</comp>

<comp id="50" class="1001" name="const_50">
<pin_list>
<pin id="51" dir="1" index="0" bw="1" slack="2147483647"/>
</pin_list>
<bind>
<StgValue><ssdm name="empty_9"/></StgValue>
</bind>
</comp>

<comp id="52" class="1001" name="const_52">
<pin_list>
<pin id="53" dir="1" index="0" bw="1" slack="2147483647"/>
</pin_list>
<bind>
<StgValue><ssdm name=""/></StgValue>
</bind>
</comp>

<comp id="54" class="1001" name="const_54">
<pin_list>
<pin id="55" dir="1" index="0" bw="1" slack="2147483647"/>
</pin_list>
<bind>
<StgValue><ssdm name="empty_8"/></StgValue>
</bind>
</comp>

<comp id="56" class="1001" name="const_56">
<pin_list>
<pin id="57" dir="1" index="0" bw="1" slack="2147483647"/>
</pin_list>
<bind>
<StgValue><ssdm name=""/></StgValue>
</bind>
</comp>

<comp id="58" class="1001" name="const_58">
<pin_list>
<pin id="59" dir="1" index="0" bw="1" slack="2147483647"/>
</pin_list>
<bind>
<StgValue><ssdm name="empty_7"/></StgValue>
</bind>
</comp>

<comp id="60" class="1001" name="const_60">
<pin_list>
<pin id="61" dir="1" index="0" bw="1" slack="2147483647"/>
</pin_list>
<bind>
<StgValue><ssdm name=""/></StgValue>
</bind>
</comp>

<comp id="62" class="1001" name="const_62">
<pin_list>
<pin id="63" dir="1" index="0" bw="1" slack="2147483647"/>
</pin_list>
<bind>
<StgValue><ssdm name="_ssdm_op_SpecBitsMap"/></StgValue>
</bind>
</comp>

<comp id="64" class="1001" name="const_64">
<pin_list>
<pin id="65" dir="1" index="0" bw="1" slack="2147483647"/>
</pin_list>
<bind>
<StgValue><ssdm name="empty_6"/></StgValue>
</bind>
</comp>

<comp id="66" class="1001" name="const_66">
<pin_list>
<pin id="67" dir="1" index="0" bw="1" slack="2147483647"/>
</pin_list>
<bind>
<StgValue><ssdm name="empty_5"/></StgValue>
</bind>
</comp>

<comp id="68" class="1001" name="const_68">
<pin_list>
<pin id="69" dir="1" index="0" bw="1" slack="2147483647"/>
</pin_list>
<bind>
<StgValue><ssdm name="_ssdm_op_SpecAXISSideChannel"/></StgValue>
</bind>
</comp>

<comp id="70" class="1001" name="const_70">
<pin_list>
<pin id="71" dir="1" index="0" bw="1" slack="2147483647"/>
</pin_list>
<bind>
<StgValue><ssdm name=""/></StgValue>
</bind>
</comp>

<comp id="72" class="1001" name="const_72">
<pin_list>
<pin id="73" dir="1" index="0" bw="1" slack="2147483647"/>
</pin_list>
<bind>
<StgValue><ssdm name="empty_4"/></StgValue>
</bind>
</comp>

<comp id="74" class="1001" name="const_74">
<pin_list>
<pin id="75" dir="1" index="0" bw="1" slack="2147483647"/>
</pin_list>
<bind>
<StgValue><ssdm name="empty_3"/></StgValue>
</bind>
</comp>

<comp id="76" class="1001" name="const_76">
<pin_list>
<pin id="77" dir="1" index="0" bw="1" slack="2147483647"/>
</pin_list>
<bind>
<StgValue><ssdm name="empty_2"/></StgValue>
</bind>
</comp>

<comp id="78" class="1001" name="const_78">
<pin_list>
<pin id="79" dir="1" index="0" bw="1" slack="2147483647"/>
</pin_list>
<bind>
<StgValue><ssdm name="empty_10"/></StgValue>
</bind>
</comp>

<comp id="80" class="1004" name="real_sample_data_alloca_fu_80">
<pin_list>
<pin id="81" dir="0" index="0" bw="1" slack="0"/>
<pin id="82" dir="1" index="1" bw="32" slack="2147483647"/>
</pin_list>
<bind>
<opcode="alloca(26) " fcode="alloca"/>
<opset="real_sample_data/1 "/>
</bind>
</comp>

<comp id="84" class="1004" name="imag_sample_data_alloca_fu_84">
<pin_list>
<pin id="85" dir="0" index="0" bw="1" slack="0"/>
<pin id="86" dir="1" index="1" bw="32" slack="2147483647"/>
</pin_list>
<bind>
<opcode="alloca(26) " fcode="alloca"/>
<opset="imag_sample_data/1 "/>
</bind>
</comp>

<comp id="88" class="1004" name="real_op_data_alloca_fu_88">
<pin_list>
<pin id="89" dir="0" index="0" bw="1" slack="0"/>
<pin id="90" dir="1" index="1" bw="32" slack="2147483647"/>
</pin_list>
<bind>
<opcode="alloca(26) " fcode="alloca"/>
<opset="real_op_data/1 "/>
</bind>
</comp>

<comp id="92" class="1004" name="imag_op_data_alloca_fu_92">
<pin_list>
<pin id="93" dir="0" index="0" bw="1" slack="0"/>
<pin id="94" dir="1" index="1" bw="32" slack="2147483647"/>
</pin_list>
<bind>
<opcode="alloca(26) " fcode="alloca"/>
<opset="imag_op_data/1 "/>
</bind>
</comp>

<comp id="96" class="1004" name="grp_dft_Pipeline_VITIS_LOOP_21_1_fu_96">
<pin_list>
<pin id="97" dir="0" index="0" bw="0" slack="0"/>
<pin id="98" dir="0" index="1" bw="32" slack="0"/>
<pin id="99" dir="0" index="2" bw="4" slack="0"/>
<pin id="100" dir="0" index="3" bw="4" slack="0"/>
<pin id="101" dir="0" index="4" bw="1" slack="0"/>
<pin id="102" dir="0" index="5" bw="32" slack="0"/>
<pin id="103" dir="0" index="6" bw="4" slack="0"/>
<pin id="104" dir="0" index="7" bw="4" slack="0"/>
<pin id="105" dir="0" index="8" bw="1" slack="0"/>
<pin id="106" dir="0" index="9" bw="32" slack="2147483647"/>
<pin id="107" dir="0" index="10" bw="32" slack="2147483647"/>
<pin id="108" dir="0" index="11" bw="32" slack="2147483647"/>
<pin id="109" dir="0" index="12" bw="32" slack="2147483647"/>
<pin id="110" dir="1" index="13" bw="0" slack="2147483647"/>
</pin_list>
<bind>
<opcode="call(48) " fcode="call"/>
<opset="call_ln0/2 "/>
</bind>
</comp>

<comp id="120" class="1004" name="grp_dft_Pipeline_VITIS_LOOP_43_2_VITIS_LOOP_44_3_fu_120">
<pin_list>
<pin id="121" dir="0" index="0" bw="0" slack="0"/>
<pin id="122" dir="0" index="1" bw="32" slack="2147483647"/>
<pin id="123" dir="0" index="2" bw="32" slack="2147483647"/>
<pin id="124" dir="0" index="3" bw="32" slack="2147483647"/>
<pin id="125" dir="0" index="4" bw="32" slack="2147483647"/>
<pin id="126" dir="0" index="5" bw="32" slack="0"/>
<pin id="127" dir="0" index="6" bw="32" slack="0"/>
<pin id="128" dir="1" index="7" bw="0" slack="2147483647"/>
</pin_list>
<bind>
<opcode="call(48) " fcode="call"/>
<opset="call_ln0/4 "/>
</bind>
</comp>

<comp id="132" class="1004" name="grp_dft_Pipeline_VITIS_LOOP_67_4_fu_132">
<pin_list>
<pin id="133" dir="0" index="0" bw="0" slack="0"/>
<pin id="134" dir="0" index="1" bw="32" slack="2147483647"/>
<pin id="135" dir="0" index="2" bw="32" slack="2147483647"/>
<pin id="136" dir="0" index="3" bw="32" slack="0"/>
<pin id="137" dir="0" index="4" bw="4" slack="0"/>
<pin id="138" dir="0" index="5" bw="4" slack="0"/>
<pin id="139" dir="0" index="6" bw="1" slack="0"/>
<pin id="140" dir="0" index="7" bw="32" slack="0"/>
<pin id="141" dir="0" index="8" bw="4" slack="0"/>
<pin id="142" dir="0" index="9" bw="4" slack="0"/>
<pin id="143" dir="0" index="10" bw="1" slack="0"/>
<pin id="144" dir="1" index="11" bw="0" slack="2147483647"/>
</pin_list>
<bind>
<opcode="call(48) " fcode="call"/>
<opset="call_ln0/6 "/>
</bind>
</comp>

</comp_list>

<net_list>
<net id="83"><net_src comp="36" pin="0"/><net_sink comp="80" pin=0"/></net>

<net id="87"><net_src comp="36" pin="0"/><net_sink comp="84" pin=0"/></net>

<net id="91"><net_src comp="36" pin="0"/><net_sink comp="88" pin=0"/></net>

<net id="95"><net_src comp="36" pin="0"/><net_sink comp="92" pin=0"/></net>

<net id="111"><net_src comp="38" pin="0"/><net_sink comp="96" pin=0"/></net>

<net id="112"><net_src comp="0" pin="0"/><net_sink comp="96" pin=1"/></net>

<net id="113"><net_src comp="2" pin="0"/><net_sink comp="96" pin=2"/></net>

<net id="114"><net_src comp="4" pin="0"/><net_sink comp="96" pin=3"/></net>

<net id="115"><net_src comp="6" pin="0"/><net_sink comp="96" pin=4"/></net>

<net id="116"><net_src comp="8" pin="0"/><net_sink comp="96" pin=5"/></net>

<net id="117"><net_src comp="10" pin="0"/><net_sink comp="96" pin=6"/></net>

<net id="118"><net_src comp="12" pin="0"/><net_sink comp="96" pin=7"/></net>

<net id="119"><net_src comp="14" pin="0"/><net_sink comp="96" pin=8"/></net>

<net id="129"><net_src comp="40" pin="0"/><net_sink comp="120" pin=0"/></net>

<net id="130"><net_src comp="32" pin="0"/><net_sink comp="120" pin=5"/></net>

<net id="131"><net_src comp="34" pin="0"/><net_sink comp="120" pin=6"/></net>

<net id="145"><net_src comp="42" pin="0"/><net_sink comp="132" pin=0"/></net>

<net id="146"><net_src comp="16" pin="0"/><net_sink comp="132" pin=3"/></net>

<net id="147"><net_src comp="18" pin="0"/><net_sink comp="132" pin=4"/></net>

<net id="148"><net_src comp="20" pin="0"/><net_sink comp="132" pin=5"/></net>

<net id="149"><net_src comp="22" pin="0"/><net_sink comp="132" pin=6"/></net>

<net id="150"><net_src comp="24" pin="0"/><net_sink comp="132" pin=7"/></net>

<net id="151"><net_src comp="26" pin="0"/><net_sink comp="132" pin=8"/></net>

<net id="152"><net_src comp="28" pin="0"/><net_sink comp="132" pin=9"/></net>

<net id="153"><net_src comp="30" pin="0"/><net_sink comp="132" pin=10"/></net>

</net_list>

</model> 
---------------- Datapath Model END ------------------

* FSMD analyzer results:
  - Output states:
	Port: real_op_V_data_V | {6 7 }
	Port: real_op_V_keep_V | {6 7 }
	Port: real_op_V_strb_V | {6 7 }
	Port: real_op_V_last_V | {6 7 }
	Port: imag_op_V_data_V | {6 7 }
	Port: imag_op_V_keep_V | {6 7 }
	Port: imag_op_V_strb_V | {6 7 }
	Port: imag_op_V_last_V | {6 7 }
 - Input state : 
	Port: dft : real_sample_V_data_V | {2 3 }
	Port: dft : real_sample_V_keep_V | {2 3 }
	Port: dft : real_sample_V_strb_V | {2 3 }
	Port: dft : real_sample_V_last_V | {2 3 }
	Port: dft : imag_sample_V_data_V | {2 3 }
	Port: dft : imag_sample_V_keep_V | {2 3 }
	Port: dft : imag_sample_V_strb_V | {2 3 }
	Port: dft : imag_sample_V_last_V | {2 3 }
	Port: dft : cos_coefficients_table | {4 5 }
	Port: dft : sin_coefficients_table | {4 5 }
  - Chain level:
	State 1
	State 2
	State 3
	State 4
	State 5
	State 6
	State 7
	State 8


============================================================
+ Verbose Summary: Datapath Resource usage 
============================================================

* Functional unit list:
|----------|---------------------------------------------------------|---------|---------|---------|---------|
| Operation|                     Functional Unit                     |   DSP   |  Delay  |    FF   |   LUT   |
|----------|---------------------------------------------------------|---------|---------|---------|---------|
|          |          grp_dft_Pipeline_VITIS_LOOP_21_1_fu_96         |    0    |    0    |    75   |    24   |
|   call   | grp_dft_Pipeline_VITIS_LOOP_43_2_VITIS_LOOP_44_3_fu_120 |    5    | 16.5958 |   966   |   1035  |
|          |         grp_dft_Pipeline_VITIS_LOOP_67_4_fu_132         |    0    |  3.176  |    32   |    54   |
|----------|---------------------------------------------------------|---------|---------|---------|---------|
|   Total  |                                                         |    5    | 19.7718 |   1073  |   1113  |
|----------|---------------------------------------------------------|---------|---------|---------|---------|

Memories:
+----------------------+--------+--------+--------+--------+
|                      |  BRAM  |   FF   |   LUT  |  URAM  |
+----------------------+--------+--------+--------+--------+
|cos_coefficients_table|    2   |    0   |    0   |    -   |
|     imag_op_data     |    2   |    0   |    0   |    0   |
|   imag_sample_data   |    2   |    0   |    0   |    0   |
|     real_op_data     |    2   |    0   |    0   |    0   |
|   real_sample_data   |    2   |    0   |    0   |    0   |
|sin_coefficients_table|    2   |    0   |    0   |    -   |
+----------------------+--------+--------+--------+--------+
|         Total        |   12   |    0   |    0   |    0   |
+----------------------+--------+--------+--------+--------+

* Register list:
N/A

* Multiplexer (MUX) list: 
|--------|------|------|------|--------|
|  Comp  |  Pin | Size |  BW  | S x BW |
|--------|------|------|------|--------|
|  Total |      |      |      |    0   |
|--------|------|------|------|--------|



* Summary:
+-----------+--------+--------+--------+--------+--------+--------+
|           |  BRAM  |   DSP  |  Delay |   FF   |   LUT  |  URAM  |
+-----------+--------+--------+--------+--------+--------+--------+
|  Function |    -   |    5   |   19   |  1073  |  1113  |    -   |
|   Memory  |   12   |    -   |    -   |    0   |    0   |    0   |
|Multiplexer|    -   |    -   |    -   |    -   |    -   |    -   |
|  Register |    -   |    -   |    -   |    -   |    -   |    -   |
+-----------+--------+--------+--------+--------+--------+--------+
|   Total   |   12   |    5   |   19   |  1073  |  1113  |    0   |
+-----------+--------+--------+--------+--------+--------+--------+
