

================================================================
== Vitis HLS Report for 'dft_Pipeline_VITIS_LOOP_67_4'
================================================================
* Date:           Sun Nov  9 02:12:21 2025

* Version:        2024.2 (Build 5238294 on Nov  8 2024)
* Project:        dft.comp
* Solution:       hls (Vivado IP Flow Target)
* Product family: zynq
* Target device:  xc7z020-clg400-1


================================================================
== Performance Estimates
================================================================
+ Timing: 
    * Summary: 
    +--------+----------+----------+------------+
    |  Clock |  Target  | Estimated| Uncertainty|
    +--------+----------+----------+------------+
    |ap_clk  |  10.00 ns|  4.842 ns|     2.70 ns|
    +--------+----------+----------+------------+

+ Latency: 
    * Summary: 
    +---------+---------+-----------+-----------+------+------+------------------------------------------------+
    |  Latency (cycles) |   Latency (absolute)  |   Interval  |                    Pipeline                    |
    |   min   |   max   |    min    |    max    |  min |  max |                      Type                      |
    +---------+---------+-----------+-----------+------+------+------------------------------------------------+
    |     1026|     1026|  10.260 us|  10.260 us|  1025|  1025|  loop auto-rewind stp (delay=0 clock cycles(s))|
    +---------+---------+-----------+-----------+------+------+------------------------------------------------+

    + Detail: 
        * Instance: 
        N/A

        * Loop: 
        +-------------------+---------+---------+----------+-----------+-----------+------+----------+
        |                   |  Latency (cycles) | Iteration|  Initiation Interval  | Trip |          |
        |     Loop Name     |   min   |   max   |  Latency |  achieved |   target  | Count| Pipelined|
        +-------------------+---------+---------+----------+-----------+-----------+------+----------+
        |- VITIS_LOOP_67_4  |     1024|     1024|         2|          1|          1|  1024|       yes|
        +-------------------+---------+---------+----------+-----------+-----------+------+----------+

============================================================
+ Verbose Summary: Synthesis Manager
============================================================
InlineROM: 1
ExposeGlobal: 0
============================================================
+ Verbose Summary: CDFG Model
============================================================
IsTopModel: 0
ResetActiveHigh: 1
IsCombinational: 0
IsDatapathOnly: 0
HasWiredReturn: 1
HasMFsm: 2
HasVarLatency: 1
IsPipeline: 0
IsRtlPipelined: 0
IsInstanceOverlapped: 0
IsDontTouch: 0
HasImplIP: 0
IsGatedGlobalClock: 0

+ Individual pipeline summary: 
  * Pipeline-0: initiation interval (II) = 1, depth = 2


============================================================
+ Verbose Summary: Schedule
============================================================
* Number of FSM states : 2
* Pipeline : 1
  Pipeline-0 : II = 1, D = 2, States = { 1 2 }
* Dataflow Pipeline: 0

* FSM state transitions: 
1 --> 2 
2 --> 

* FSM state operations: 

State 1 <SV = 0> <Delay = 4.84>
ST_1 : Operation 5 [1/1] (0.00ns)   --->   "%i = alloca i32 1" [dft.cpp:67]   --->   Operation 5 'alloca' 'i' <Predicate = true> <Delay = 0.00>
ST_1 : Operation 6 [1/1] (0.00ns)   --->   "%specaxissidechannel_ln0 = specaxissidechannel void @_ssdm_op_SpecAXISSideChannel, i32 %real_op_V_data_V, i4 %real_op_V_keep_V, i4 %real_op_V_strb_V, i1 0, i1 %real_op_V_last_V, i1 0, i1 0, void @empty_4"   --->   Operation 6 'specaxissidechannel' 'specaxissidechannel_ln0' <Predicate = true> <Delay = 0.00>
ST_1 : Operation 7 [1/1] (0.00ns)   --->   "%specaxissidechannel_ln0 = specaxissidechannel void @_ssdm_op_SpecAXISSideChannel, i32 %imag_op_V_data_V, i4 %imag_op_V_keep_V, i4 %imag_op_V_strb_V, i1 0, i1 %imag_op_V_last_V, i1 0, i1 0, void @empty_3"   --->   Operation 7 'specaxissidechannel' 'specaxissidechannel_ln0' <Predicate = true> <Delay = 0.00>
ST_1 : Operation 8 [1/1] (0.00ns)   --->   "%specinterface_ln0 = specinterface void @_ssdm_op_SpecInterface, i1 %imag_op_V_last_V, i4 %imag_op_V_strb_V, i4 %imag_op_V_keep_V, i32 %imag_op_V_data_V, void @empty_9, i32 0, i32 0, void @empty_8, i32 0, i32 0, void @empty_7, void @empty_7, void @empty_7, i32 0, i32 0, i32 0, i32 0, void @empty_7, void @empty_7, i32 4294967295, i32 0, i32 0"   --->   Operation 8 'specinterface' 'specinterface_ln0' <Predicate = true> <Delay = 0.00>
ST_1 : Operation 9 [1/1] (0.00ns)   --->   "%specinterface_ln0 = specinterface void @_ssdm_op_SpecInterface, i1 %real_op_V_last_V, i4 %real_op_V_strb_V, i4 %real_op_V_keep_V, i32 %real_op_V_data_V, void @empty_9, i32 0, i32 0, void @empty_8, i32 0, i32 0, void @empty_7, void @empty_7, void @empty_7, i32 0, i32 0, i32 0, i32 0, void @empty_7, void @empty_7, i32 4294967295, i32 0, i32 0"   --->   Operation 9 'specinterface' 'specinterface_ln0' <Predicate = true> <Delay = 0.00>
ST_1 : Operation 10 [1/1] (1.58ns)   --->   "%store_ln67 = store i11 0, i11 %i" [dft.cpp:67]   --->   Operation 10 'store' 'store_ln67' <Predicate = true> <Delay = 1.58>
ST_1 : Operation 11 [1/1] (0.00ns)   --->   "%br_ln67 = br void %for.body50" [dft.cpp:67]   --->   Operation 11 'br' 'br_ln67' <Predicate = true> <Delay = 0.00>
ST_1 : Operation 12 [1/1] (0.00ns)   --->   "%i_1 = load i11 %i" [dft.cpp:67]   --->   Operation 12 'load' 'i_1' <Predicate = true> <Delay = 0.00>
ST_1 : Operation 13 [1/1] (1.63ns)   --->   "%icmp_ln67 = icmp_eq  i11 %i_1, i11 1024" [dft.cpp:67]   --->   Operation 13 'icmp' 'icmp_ln67' <Predicate = true> <Delay = 1.63> <CoreInst = "Cmp">   --->   Core 9 'Cmp' <Latency = 0> <II = 1> <Delay = 1.63> <FuncUnit> <Opcode : 'seteq' 'setne' 'setle' 'setge' 'setlt' 'setgt'> <InPorts = 2> <OutPorts = 1>
ST_1 : Operation 14 [1/1] (1.63ns)   --->   "%add_ln67 = add i11 %i_1, i11 1" [dft.cpp:67]   --->   Operation 14 'add' 'add_ln67' <Predicate = true> <Delay = 1.63> <CoreInst = "Adder">   --->   Core 1 'Adder' <Latency = 0> <II = 1> <Delay = 1.63> <FuncUnit> <Opcode : 'add' 'sub'> <InPorts = 2> <OutPorts = 1>
ST_1 : Operation 15 [1/1] (0.00ns)   --->   "%br_ln67 = br i1 %icmp_ln67, void %for.body50.split, void %for.end70.exitStub" [dft.cpp:67]   --->   Operation 15 'br' 'br_ln67' <Predicate = true> <Delay = 0.00>
ST_1 : Operation 16 [1/1] (0.00ns)   --->   "%zext_ln67 = zext i11 %i_1" [dft.cpp:67]   --->   Operation 16 'zext' 'zext_ln67' <Predicate = (!icmp_ln67)> <Delay = 0.00>
ST_1 : Operation 17 [1/1] (0.00ns)   --->   "%real_op_data_addr = getelementptr i32 %real_op_data, i64 0, i64 %zext_ln67" [dft.cpp:69]   --->   Operation 17 'getelementptr' 'real_op_data_addr' <Predicate = (!icmp_ln67)> <Delay = 0.00>
ST_1 : Operation 18 [2/2] (3.25ns)   --->   "%real_op_pkt_data = load i10 %real_op_data_addr" [dft.cpp:69]   --->   Operation 18 'load' 'real_op_pkt_data' <Predicate = (!icmp_ln67)> <Delay = 3.25> <CoreInst = "RAM">   --->   Core 81 'RAM' <Latency = 1> <II = 1> <Delay = 3.25> <Storage> <Opcode : 'load' 'store'> <Ports = 2> <Width = 32> <Depth = 1024> <RAM>
ST_1 : Operation 19 [1/1] (0.00ns)   --->   "%imag_op_data_addr = getelementptr i32 %imag_op_data, i64 0, i64 %zext_ln67" [dft.cpp:71]   --->   Operation 19 'getelementptr' 'imag_op_data_addr' <Predicate = (!icmp_ln67)> <Delay = 0.00>
ST_1 : Operation 20 [2/2] (3.25ns)   --->   "%imag_op_pkt_data = load i10 %imag_op_data_addr" [dft.cpp:71]   --->   Operation 20 'load' 'imag_op_pkt_data' <Predicate = (!icmp_ln67)> <Delay = 3.25> <CoreInst = "RAM">   --->   Core 81 'RAM' <Latency = 1> <II = 1> <Delay = 3.25> <Storage> <Opcode : 'load' 'store'> <Ports = 2> <Width = 32> <Depth = 1024> <RAM>
ST_1 : Operation 21 [1/1] (1.63ns)   --->   "%imag_op_pkt_last = icmp_eq  i11 %i_1, i11 1023" [dft.cpp:74]   --->   Operation 21 'icmp' 'imag_op_pkt_last' <Predicate = (!icmp_ln67)> <Delay = 1.63> <CoreInst = "Cmp">   --->   Core 9 'Cmp' <Latency = 0> <II = 1> <Delay = 1.63> <FuncUnit> <Opcode : 'seteq' 'setne' 'setle' 'setge' 'setlt' 'setgt'> <InPorts = 2> <OutPorts = 1>
ST_1 : Operation 22 [1/1] (1.58ns)   --->   "%store_ln67 = store i11 %add_ln67, i11 %i" [dft.cpp:67]   --->   Operation 22 'store' 'store_ln67' <Predicate = (!icmp_ln67)> <Delay = 1.58>
ST_1 : Operation 33 [1/1] (1.58ns)   --->   "%ret_ln0 = ret"   --->   Operation 33 'ret' 'ret_ln0' <Predicate = (icmp_ln67)> <Delay = 1.58>

State 2 <SV = 1> <Delay = 4.54>
ST_2 : Operation 23 [1/1] (0.00ns)   --->   "%specpipeline_ln67 = specpipeline void @_ssdm_op_SpecPipeline, i32 4294967295, i32 0, i32 0, i32 0, void @empty_7" [dft.cpp:67]   --->   Operation 23 'specpipeline' 'specpipeline_ln67' <Predicate = true> <Delay = 0.00>
ST_2 : Operation 24 [1/1] (0.00ns)   --->   "%speclooptripcount_ln67 = speclooptripcount void @_ssdm_op_SpecLoopTripCount, i64 1024, i64 1024, i64 1024" [dft.cpp:67]   --->   Operation 24 'speclooptripcount' 'speclooptripcount_ln67' <Predicate = true> <Delay = 0.00>
ST_2 : Operation 25 [1/1] (0.00ns)   --->   "%specloopname_ln67 = specloopname void @_ssdm_op_SpecLoopName, void @empty_0" [dft.cpp:67]   --->   Operation 25 'specloopname' 'specloopname_ln67' <Predicate = true> <Delay = 0.00>
ST_2 : Operation 26 [1/2] ( I:3.25ns O:3.25ns )   --->   "%real_op_pkt_data = load i10 %real_op_data_addr" [dft.cpp:69]   --->   Operation 26 'load' 'real_op_pkt_data' <Predicate = true> <Delay = 3.25> <CoreInst = "RAM">   --->   Core 81 'RAM' <Latency = 1> <II = 1> <Delay = 3.25> <Storage> <Opcode : 'load' 'store'> <Ports = 2> <Width = 32> <Depth = 1024> <RAM>
ST_2 : Operation 27 [1/2] ( I:3.25ns O:3.25ns )   --->   "%imag_op_pkt_data = load i10 %imag_op_data_addr" [dft.cpp:71]   --->   Operation 27 'load' 'imag_op_pkt_data' <Predicate = true> <Delay = 3.25> <CoreInst = "RAM">   --->   Core 81 'RAM' <Latency = 1> <II = 1> <Delay = 3.25> <Storage> <Opcode : 'load' 'store'> <Ports = 2> <Width = 32> <Depth = 1024> <RAM>
ST_2 : Operation 28 [1/1] (0.00ns)   --->   "%bitcast_ln84 = bitcast i32 %real_op_pkt_data" [dft.cpp:84]   --->   Operation 28 'bitcast' 'bitcast_ln84' <Predicate = true> <Delay = 0.00>
ST_2 : Operation 29 [1/1] (1.29ns)   --->   "%write_ln84 = write void @_ssdm_op_Write.axis.volatile.i32P0A.i4P0A.i4P0A.i1P0A, i32 %real_op_V_data_V, i4 %real_op_V_keep_V, i4 %real_op_V_strb_V, i1 %real_op_V_last_V, i32 %bitcast_ln84, i4 15, i4 0, i1 %imag_op_pkt_last" [dft.cpp:84]   --->   Operation 29 'write' 'write_ln84' <Predicate = true> <Delay = 1.29> <CoreInst = "regslice">   --->   Core 135 'regslice' <Latency = 0> <II = 1> <Delay = 1.86> <Adapter> <Opcode : 'read' 'write'>
ST_2 : Operation 30 [1/1] (0.00ns)   --->   "%bitcast_ln85 = bitcast i32 %imag_op_pkt_data" [dft.cpp:85]   --->   Operation 30 'bitcast' 'bitcast_ln85' <Predicate = true> <Delay = 0.00>
ST_2 : Operation 31 [1/1] (1.29ns)   --->   "%write_ln85 = write void @_ssdm_op_Write.axis.volatile.i32P0A.i4P0A.i4P0A.i1P0A, i32 %imag_op_V_data_V, i4 %imag_op_V_keep_V, i4 %imag_op_V_strb_V, i1 %imag_op_V_last_V, i32 %bitcast_ln85, i4 15, i4 0, i1 %imag_op_pkt_last" [dft.cpp:85]   --->   Operation 31 'write' 'write_ln85' <Predicate = true> <Delay = 1.29> <CoreInst = "regslice">   --->   Core 135 'regslice' <Latency = 0> <II = 1> <Delay = 1.86> <Adapter> <Opcode : 'read' 'write'>
ST_2 : Operation 32 [1/1] (0.00ns)   --->   "%br_ln67 = br void %for.body50" [dft.cpp:67]   --->   Operation 32 'br' 'br_ln67' <Predicate = true> <Delay = 0.00>


============================================================
+ Verbose Summary: Timing violations
============================================================
Target clock period: 10.000ns, clock uncertainty: 2.700ns.

 <State 1>: 4.842ns
The critical path consists of the following:
	'store' operation 0 bit ('store_ln67', dft.cpp:67) of constant 0 on local variable 'i', dft.cpp:67 [16]  (1.588 ns)
	'load' operation 11 bit ('i', dft.cpp:67) on local variable 'i', dft.cpp:67 [19]  (0.000 ns)
	'getelementptr' operation 10 bit ('real_op_data_addr', dft.cpp:69) [28]  (0.000 ns)
	'load' operation 32 bit ('real_op_pkt.data', dft.cpp:69) on array 'real_op_data' [29]  (3.254 ns)

 <State 2>: 4.544ns
The critical path consists of the following:
	'load' operation 32 bit ('real_op_pkt.data', dft.cpp:69) on array 'real_op_data' [29]  (3.254 ns)
	axis write operation ('write_ln84', dft.cpp:84) on port 'real_op_V_data_V' (dft.cpp:84) [34]  (1.290 ns)


============================================================
+ Verbose Summary: Binding
============================================================
N/A
* FSMD analyzer results:
  - Output states:
 - Input state : 
  - Chain level:
	State 1
	State 2


============================================================
+ Verbose Summary: Datapath Resource usage 
============================================================
N/A
