

================================================================
== Vitis HLS Report for 'dft_Pipeline_VITIS_LOOP_43_2_VITIS_LOOP_44_3'
================================================================
* Date:           Sun Nov  9 02:12:22 2025

* Version:        2024.2 (Build 5238294 on Nov  8 2024)
* Project:        dft.comp
* Solution:       hls (Vivado IP Flow Target)
* Product family: zynq
* Target device:  xc7z020-clg400-1


================================================================
== Performance Estimates
================================================================
+ Timing: 
    * Summary: 
    +--------+----------+----------+------------+
    |  Clock |  Target  | Estimated| Uncertainty|
    +--------+----------+----------+------------+
    |ap_clk  |  10.00 ns|  7.256 ns|     2.70 ns|
    +--------+----------+----------+------------+

+ Latency: 
    * Summary: 
    +---------+---------+-----------+-----------+---------+---------+------------------------------------------------+
    |  Latency (cycles) |   Latency (absolute)  |      Interval     |                    Pipeline                    |
    |   min   |   max   |    min    |    max    |   min   |   max   |                      Type                      |
    +---------+---------+-----------+-----------+---------+---------+------------------------------------------------+
    |  6291473|  6291473|  62.915 ms|  62.915 ms|  6291462|  6291462|  loop auto-rewind stp (delay=0 clock cycles(s))|
    +---------+---------+-----------+-----------+---------+---------+------------------------------------------------+

    + Detail: 
        * Instance: 
        N/A

        * Loop: 
        +-----------------------------------+---------+---------+----------+-----------+-----------+---------+----------+
        |                                   |  Latency (cycles) | Iteration|  Initiation Interval  |   Trip  |          |
        |             Loop Name             |   min   |   max   |  Latency |  achieved |   target  |  Count  | Pipelined|
        +-----------------------------------+---------+---------+----------+-----------+-----------+---------+----------+
        |- VITIS_LOOP_43_2_VITIS_LOOP_44_3  |  6291471|  6291471|        22|          6|          1|  1048576|       yes|
        +-----------------------------------+---------+---------+----------+-----------+-----------+---------+----------+



================================================================
== Utilization Estimates
================================================================
* Summary: 
+-----------------+---------+-----+--------+-------+-----+
|       Name      | BRAM_18K| DSP |   FF   |  LUT  | URAM|
+-----------------+---------+-----+--------+-------+-----+
|DSP              |        -|    -|       -|      -|    -|
|Expression       |        -|    -|       0|    141|    -|
|FIFO             |        -|    -|       -|      -|    -|
|Instance         |        -|    5|     348|    774|    -|
|Memory           |        4|    -|       0|      0|    -|
|Multiplexer      |        -|    -|       0|    274|    -|
|Register         |        -|    -|     750|     96|    -|
+-----------------+---------+-----+--------+-------+-----+
|Total            |        4|    5|    1098|   1285|    0|
+-----------------+---------+-----+--------+-------+-----+
|Available        |      280|  220|  106400|  53200|    0|
+-----------------+---------+-----+--------+-------+-----+
|Utilization (%)  |        1|    2|       1|      2|    0|
+-----------------+---------+-----+--------+-------+-----+

+ Detail: 
    * Instance: 
    +----------------------------------------+------------------------------------+---------+----+-----+-----+-----+
    |                Instance                |               Module               | BRAM_18K| DSP|  FF | LUT | URAM|
    +----------------------------------------+------------------------------------+---------+----+-----+-----+-----+
    |faddfsub_32ns_32ns_32_5_full_dsp_1_U13  |faddfsub_32ns_32ns_32_5_full_dsp_1  |        0|   2|  205|  390|    0|
    |fmul_32ns_32ns_32_4_max_dsp_1_U14       |fmul_32ns_32ns_32_4_max_dsp_1       |        0|   3|  143|  321|    0|
    |mul_10s_10s_10_1_1_U15                  |mul_10s_10s_10_1_1                  |        0|   0|    0|   63|    0|
    +----------------------------------------+------------------------------------+---------+----+-----+-----+-----+
    |Total                                   |                                    |        0|   5|  348|  774|    0|
    +----------------------------------------+------------------------------------+---------+----+-----+-----+-----+

    * DSP: 
    N/A

    * Memory: 
    +--------------------------+---------------------------------------------------------------------------------+---------+---+----+-----+------+-----+------+-------------+
    |          Memory          |                                      Module                                     | BRAM_18K| FF| LUT| URAM| Words| Bits| Banks| W*Bits*Banks|
    +--------------------------+---------------------------------------------------------------------------------+---------+---+----+-----+------+-----+------+-------------+
    |cos_coefficients_table_U  |dft_Pipeline_VITIS_LOOP_43_2_VITIS_LOOP_44_3_cos_coefficients_table_ROM_AUTO_1R  |        2|  0|   0|    0|  1024|   32|     1|        32768|
    |sin_coefficients_table_U  |dft_Pipeline_VITIS_LOOP_43_2_VITIS_LOOP_44_3_sin_coefficients_table_ROM_AUTO_1R  |        2|  0|   0|    0|  1024|   32|     1|        32768|
    +--------------------------+---------------------------------------------------------------------------------+---------+---+----+-----+------+-----+------+-------------+
    |Total                     |                                                                                 |        4|  0|   0|    0|  2048|   64|     2|        65536|
    +--------------------------+---------------------------------------------------------------------------------+---------+---+----+-----+------+-----+------+-------------+

    * FIFO: 
    N/A

    * Expression: 
    +-------------------------+----------+----+---+----+------------+------------+
    |      Variable Name      | Operation| DSP| FF| LUT| Bitwidth P0| Bitwidth P1|
    +-------------------------+----------+----+---+----+------------+------------+
    |add_ln43_1_fu_250_p2     |         +|   0|  0|  12|          11|           1|
    |add_ln43_fu_186_p2       |         +|   0|  0|  28|          21|           1|
    |add_ln44_fu_225_p2       |         +|   0|  0|  12|          11|           1|
    |first_iter_0_fu_209_p2   |      icmp|   0|  0|  12|          11|           1|
    |icmp_ln43_fu_180_p2      |      icmp|   0|  0|  29|          21|          22|
    |icmp_ln44_1_fu_231_p2    |      icmp|   0|  0|  12|          11|          12|
    |icmp_ln44_fu_195_p2      |      icmp|   0|  0|  12|          11|          12|
    |select_ln43_1_fu_256_p3  |    select|   0|  0|  11|           1|          11|
    |select_ln43_fu_201_p3    |    select|   0|  0|  11|           1|           1|
    |ap_enable_pp0            |       xor|   0|  0|   2|           1|           2|
    +-------------------------+----------+----+---+----+------------+------------+
    |Total                    |          |   0|  0| 141|         100|          64|
    +-------------------------+----------+----+---+----+------------+------------+

    * Multiplexer: 
    +--------------------------------------+----+-----------+-----+-----------+
    |                 Name                 | LUT| Input Size| Bits| Total Bits|
    +--------------------------------------+----+-----------+-----+-----------+
    |add193_fu_56                          |   9|          2|   32|         64|
    |add39194_fu_60                        |   9|          2|   32|         64|
    |ap_NS_fsm                             |  37|          7|    1|          7|
    |ap_done_int                           |   9|          2|    1|          2|
    |ap_enable_reg_pp0_iter0               |   9|          2|    1|          2|
    |ap_enable_reg_pp0_iter1               |   9|          2|    1|          2|
    |ap_enable_reg_pp0_iter3               |   9|          2|    1|          2|
    |ap_loop_exit_ready_pp0_iter1_reg      |   9|          2|    1|          2|
    |ap_loop_exit_ready_pp0_iter2_reg      |   9|          2|    1|          2|
    |ap_sig_allocacmp_indvar_flatten_load  |   9|          2|   21|         42|
    |ap_sig_allocacmp_j_load               |   9|          2|   11|         22|
    |grp_fu_142_opcode                     |  14|          3|    2|          6|
    |grp_fu_142_p0                         |  25|          5|   32|        160|
    |grp_fu_142_p1                         |  25|          5|   32|        160|
    |grp_fu_146_p0                         |  14|          3|   32|         96|
    |grp_fu_146_p1                         |  14|          3|   32|         96|
    |i_1_fu_48                             |   9|          2|   11|         22|
    |imag_op_data_address0_local           |  14|          3|   10|         30|
    |indvar_flatten_fu_52                  |   9|          2|   21|         42|
    |j_fu_44                               |   9|          2|   11|         22|
    |real_op_data_address0_local           |  14|          3|   10|         30|
    +--------------------------------------+----+-----------+-----+-----------+
    |Total                                 | 274|         58|  296|        875|
    +--------------------------------------+----+-----------+-----+-----------+

    * Register: 
    +-----------------------------------------+----+----+-----+-----------+
    |                   Name                  | FF | LUT| Bits| Const Bits|
    +-----------------------------------------+----+----+-----+-----------+
    |add193_fu_56                             |  32|   0|   32|          0|
    |add39194_fu_60                           |  32|   0|   32|          0|
    |ap_CS_fsm                                |   6|   0|    6|          0|
    |ap_done_reg                              |   1|   0|    1|          0|
    |ap_enable_reg_pp0_iter0_reg              |   1|   0|    1|          0|
    |ap_enable_reg_pp0_iter1                  |   1|   0|    1|          0|
    |ap_enable_reg_pp0_iter2                  |   1|   0|    1|          0|
    |ap_enable_reg_pp0_iter3                  |   1|   0|    1|          0|
    |ap_loop_exit_ready_pp0_iter1_reg         |   1|   0|    1|          0|
    |ap_loop_exit_ready_pp0_iter2_reg         |   1|   0|    1|          0|
    |c_reg_411                                |  32|   0|   32|          0|
    |first_iter_0_reg_358                     |   1|   0|    1|          0|
    |i_1_fu_48                                |  11|   0|   11|          0|
    |icmp_ln43_reg_349                        |   1|   0|    1|          0|
    |icmp_ln44_1_reg_377                      |   1|   0|    1|          0|
    |icmp_ln44_reg_353                        |   1|   0|    1|          0|
    |imag_op_data_addr_reg_446                |  10|   0|   10|          0|
    |imag_op_data_addr_reg_446_pp0_iter3_reg  |  10|   0|   10|          0|
    |imag_op_data_load_reg_451                |  32|   0|   32|          0|
    |imag_sample_data_load_reg_396            |  32|   0|   32|          0|
    |index_reg_386                            |  10|   0|   10|          0|
    |indvar_flatten_fu_52                     |  21|   0|   21|          0|
    |j_fu_44                                  |  11|   0|   11|          0|
    |mul1_reg_426                             |  32|   0|   32|          0|
    |mul2_reg_431                             |  32|   0|   32|          0|
    |mul3_reg_436                             |  32|   0|   32|          0|
    |mul_reg_421                              |  32|   0|   32|          0|
    |real_op_data_addr_reg_441                |  10|   0|   10|          0|
    |real_op_data_addr_reg_441_pp0_iter3_reg  |  10|   0|   10|          0|
    |real_sample_data_load_reg_391            |  32|   0|   32|          0|
    |reg_150                                  |  32|   0|   32|          0|
    |reg_156                                  |  32|   0|   32|          0|
    |s_reg_416                                |  32|   0|   32|          0|
    |select_ln43_1_reg_381                    |  11|   0|   11|          0|
    |select_ln43_1_reg_381_pp0_iter1_reg      |  11|   0|   11|          0|
    |trunc_ln45_1_reg_362                     |  10|   0|   10|          0|
    |first_iter_0_reg_358                     |  64|  32|    1|          0|
    |icmp_ln43_reg_349                        |  64|  32|    1|          0|
    |icmp_ln44_1_reg_377                      |  64|  32|    1|          0|
    +-----------------------------------------+----+----+-----+-----------+
    |Total                                    | 750|  96|  561|          0|
    +-----------------------------------------+----+----+-----+-----------+



================================================================
== Interface
================================================================
* Summary: 
+---------------------------+-----+-----+------------+----------------------------------------------+--------------+
|         RTL Ports         | Dir | Bits|  Protocol  |                 Source Object                |    C Type    |
+---------------------------+-----+-----+------------+----------------------------------------------+--------------+
|ap_clk                     |   in|    1|  ap_ctrl_hs|  dft_Pipeline_VITIS_LOOP_43_2_VITIS_LOOP_44_3|  return value|
|ap_rst                     |   in|    1|  ap_ctrl_hs|  dft_Pipeline_VITIS_LOOP_43_2_VITIS_LOOP_44_3|  return value|
|ap_start                   |   in|    1|  ap_ctrl_hs|  dft_Pipeline_VITIS_LOOP_43_2_VITIS_LOOP_44_3|  return value|
|ap_done                    |  out|    1|  ap_ctrl_hs|  dft_Pipeline_VITIS_LOOP_43_2_VITIS_LOOP_44_3|  return value|
|ap_idle                    |  out|    1|  ap_ctrl_hs|  dft_Pipeline_VITIS_LOOP_43_2_VITIS_LOOP_44_3|  return value|
|ap_ready                   |  out|    1|  ap_ctrl_hs|  dft_Pipeline_VITIS_LOOP_43_2_VITIS_LOOP_44_3|  return value|
|real_sample_data_address0  |  out|   10|   ap_memory|                              real_sample_data|         array|
|real_sample_data_ce0       |  out|    1|   ap_memory|                              real_sample_data|         array|
|real_sample_data_q0        |   in|   32|   ap_memory|                              real_sample_data|         array|
|imag_sample_data_address0  |  out|   10|   ap_memory|                              imag_sample_data|         array|
|imag_sample_data_ce0       |  out|    1|   ap_memory|                              imag_sample_data|         array|
|imag_sample_data_q0        |   in|   32|   ap_memory|                              imag_sample_data|         array|
|real_op_data_address0      |  out|   10|   ap_memory|                                  real_op_data|         array|
|real_op_data_ce0           |  out|    1|   ap_memory|                                  real_op_data|         array|
|real_op_data_we0           |  out|    1|   ap_memory|                                  real_op_data|         array|
|real_op_data_d0            |  out|   32|   ap_memory|                                  real_op_data|         array|
|real_op_data_q0            |   in|   32|   ap_memory|                                  real_op_data|         array|
|imag_op_data_address0      |  out|   10|   ap_memory|                                  imag_op_data|         array|
|imag_op_data_ce0           |  out|    1|   ap_memory|                                  imag_op_data|         array|
|imag_op_data_we0           |  out|    1|   ap_memory|                                  imag_op_data|         array|
|imag_op_data_d0            |  out|   32|   ap_memory|                                  imag_op_data|         array|
|imag_op_data_q0            |   in|   32|   ap_memory|                                  imag_op_data|         array|
+---------------------------+-----+-----+------------+----------------------------------------------+--------------+

============================================================
+ Verbose Summary: Synthesis Manager
============================================================
InlineROM: 1
ExposeGlobal: 0
============================================================
+ Verbose Summary: CDFG Model
============================================================
IsTopModel: 0
ResetActiveHigh: 1
IsCombinational: 2
IsDatapathOnly: 2
HasWiredReturn: 1
HasMFsm: 2
HasVarLatency: 1
IsPipeline: 0
IsRtlPipelined: 0
IsInstanceOverlapped: 0
IsDontTouch: 0
HasImplIP: 0
IsGatedGlobalClock: 0

+ Individual pipeline summary: 
  * Pipeline-0: initiation interval (II) = 6, depth = 22


============================================================
+ Verbose Summary: Schedule
============================================================
* Number of FSM states : 22
* Pipeline : 1
  Pipeline-0 : II = 6, D = 22, States = { 1 2 3 4 5 6 7 8 9 10 11 12 13 14 15 16 17 18 19 20 21 22 }
* Dataflow Pipeline: 0

* FSM state transitions: 
1 --> 2 
2 --> 3 
3 --> 4 
4 --> 5 
5 --> 6 
6 --> 7 
7 --> 8 
8 --> 9 
9 --> 10 
10 --> 11 
11 --> 12 
12 --> 13 
13 --> 14 
14 --> 15 
15 --> 16 
16 --> 17 
17 --> 18 
18 --> 19 
19 --> 20 
20 --> 21 
21 --> 22 
22 --> 

* FSM state operations: 

State 1 <SV = 0> <Delay = 7.19>
ST_1 : Operation 25 [1/1] (0.00ns)   --->   "%j = alloca i32 1" [dft.cpp:44]   --->   Operation 25 'alloca' 'j' <Predicate = true> <Delay = 0.00>
ST_1 : Operation 26 [1/1] (0.00ns)   --->   "%i_1 = alloca i32 1" [dft.cpp:43]   --->   Operation 26 'alloca' 'i_1' <Predicate = true> <Delay = 0.00>
ST_1 : Operation 27 [1/1] (0.00ns)   --->   "%indvar_flatten = alloca i32 1"   --->   Operation 27 'alloca' 'indvar_flatten' <Predicate = true> <Delay = 0.00>
ST_1 : Operation 28 [1/1] (0.00ns)   --->   "%add193 = alloca i32 1"   --->   Operation 28 'alloca' 'add193' <Predicate = true> <Delay = 0.00>
ST_1 : Operation 29 [1/1] (0.00ns)   --->   "%add39194 = alloca i32 1"   --->   Operation 29 'alloca' 'add39194' <Predicate = true> <Delay = 0.00>
ST_1 : Operation 30 [1/1] (1.58ns)   --->   "%store_ln0 = store i21 0, i21 %indvar_flatten"   --->   Operation 30 'store' 'store_ln0' <Predicate = true> <Delay = 1.58>
ST_1 : Operation 31 [1/1] (1.58ns)   --->   "%store_ln43 = store i11 0, i11 %i_1" [dft.cpp:43]   --->   Operation 31 'store' 'store_ln43' <Predicate = true> <Delay = 1.58>
ST_1 : Operation 32 [1/1] (1.58ns)   --->   "%store_ln44 = store i11 0, i11 %j" [dft.cpp:44]   --->   Operation 32 'store' 'store_ln44' <Predicate = true> <Delay = 1.58>
ST_1 : Operation 33 [1/1] (0.00ns)   --->   "%br_ln0 = br void %for.inc40"   --->   Operation 33 'br' 'br_ln0' <Predicate = true> <Delay = 0.00>
ST_1 : Operation 34 [1/1] (0.00ns)   --->   "%indvar_flatten_load = load i21 %indvar_flatten" [dft.cpp:43]   --->   Operation 34 'load' 'indvar_flatten_load' <Predicate = true> <Delay = 0.00>
ST_1 : Operation 35 [1/1] (2.22ns)   --->   "%icmp_ln43 = icmp_eq  i21 %indvar_flatten_load, i21 1048576" [dft.cpp:43]   --->   Operation 35 'icmp' 'icmp_ln43' <Predicate = true> <Delay = 2.22> <CoreInst = "Cmp">   --->   Core 9 'Cmp' <Latency = 0> <II = 1> <Delay = 2.25> <FuncUnit> <Opcode : 'seteq' 'setne' 'setle' 'setge' 'setlt' 'setgt'> <InPorts = 2> <OutPorts = 1>
ST_1 : Operation 36 [1/1] (2.22ns)   --->   "%add_ln43 = add i21 %indvar_flatten_load, i21 1" [dft.cpp:43]   --->   Operation 36 'add' 'add_ln43' <Predicate = true> <Delay = 2.22> <CoreInst = "Adder">   --->   Core 1 'Adder' <Latency = 0> <II = 1> <Delay = 2.22> <FuncUnit> <Opcode : 'add' 'sub'> <InPorts = 2> <OutPorts = 1>
ST_1 : Operation 37 [1/1] (0.00ns)   --->   "%br_ln43 = br i1 %icmp_ln43, void %for.inc43, void %for.body50.preheader.exitStub" [dft.cpp:43]   --->   Operation 37 'br' 'br_ln43' <Predicate = true> <Delay = 0.00>
ST_1 : Operation 38 [1/1] (0.00ns)   --->   "%j_load = load i11 %j" [dft.cpp:44]   --->   Operation 38 'load' 'j_load' <Predicate = (!icmp_ln43)> <Delay = 0.00>
ST_1 : Operation 39 [1/1] (1.63ns)   --->   "%icmp_ln44 = icmp_eq  i11 %j_load, i11 1024" [dft.cpp:44]   --->   Operation 39 'icmp' 'icmp_ln44' <Predicate = (!icmp_ln43)> <Delay = 1.63> <CoreInst = "Cmp">   --->   Core 9 'Cmp' <Latency = 0> <II = 1> <Delay = 1.54> <FuncUnit> <Opcode : 'seteq' 'setne' 'setle' 'setge' 'setlt' 'setgt'> <InPorts = 2> <OutPorts = 1>
ST_1 : Operation 40 [1/1] (0.69ns)   --->   "%select_ln43 = select i1 %icmp_ln44, i11 0, i11 %j_load" [dft.cpp:43]   --->   Operation 40 'select' 'select_ln43' <Predicate = (!icmp_ln43)> <Delay = 0.69> <CoreInst = "Sel">   --->   Core 73 'Sel' <Latency = 0> <II = 1> <Delay = 0.69> <FuncUnit> <Opcode : 'select'> <InPorts = 3> <OutPorts = 1>
ST_1 : Operation 41 [1/1] (1.63ns)   --->   "%first_iter_0 = icmp_eq  i11 %select_ln43, i11 0" [dft.cpp:43]   --->   Operation 41 'icmp' 'first_iter_0' <Predicate = (!icmp_ln43)> <Delay = 1.63> <CoreInst = "Cmp">   --->   Core 9 'Cmp' <Latency = 0> <II = 1> <Delay = 1.63> <FuncUnit> <Opcode : 'seteq' 'setne' 'setle' 'setge' 'setlt' 'setgt'> <InPorts = 2> <OutPorts = 1>
ST_1 : Operation 42 [1/1] (0.00ns)   --->   "%br_ln44 = br i1 %first_iter_0, void %for.inc40.split, void %for.first.iter.for.inc40" [dft.cpp:44]   --->   Operation 42 'br' 'br_ln44' <Predicate = (!icmp_ln43)> <Delay = 0.00>
ST_1 : Operation 43 [1/1] (0.00ns)   --->   "%zext_ln44 = zext i11 %select_ln43" [dft.cpp:44]   --->   Operation 43 'zext' 'zext_ln44' <Predicate = (!icmp_ln43)> <Delay = 0.00>
ST_1 : Operation 44 [1/1] (0.00ns)   --->   "%trunc_ln45_1 = trunc i11 %select_ln43" [dft.cpp:45]   --->   Operation 44 'trunc' 'trunc_ln45_1' <Predicate = (!icmp_ln43)> <Delay = 0.00>
ST_1 : Operation 45 [1/1] (0.00ns)   --->   "%real_sample_data_addr = getelementptr i32 %real_sample_data, i64 0, i64 %zext_ln44" [dft.cpp:49]   --->   Operation 45 'getelementptr' 'real_sample_data_addr' <Predicate = (!icmp_ln43)> <Delay = 0.00>
ST_1 : Operation 46 [2/2] (3.25ns)   --->   "%real_sample_data_load = load i10 %real_sample_data_addr" [dft.cpp:49]   --->   Operation 46 'load' 'real_sample_data_load' <Predicate = (!icmp_ln43)> <Delay = 3.25> <CoreInst = "RAM">   --->   Core 81 'RAM' <Latency = 1> <II = 1> <Delay = 3.25> <Storage> <Opcode : 'load' 'store'> <Ports = 2> <Width = 32> <Depth = 1024> <RAM>
ST_1 : Operation 47 [1/1] (0.00ns)   --->   "%imag_sample_data_addr = getelementptr i32 %imag_sample_data, i64 0, i64 %zext_ln44" [dft.cpp:49]   --->   Operation 47 'getelementptr' 'imag_sample_data_addr' <Predicate = (!icmp_ln43)> <Delay = 0.00>
ST_1 : Operation 48 [2/2] (3.25ns)   --->   "%imag_sample_data_load = load i10 %imag_sample_data_addr" [dft.cpp:49]   --->   Operation 48 'load' 'imag_sample_data_load' <Predicate = (!icmp_ln43)> <Delay = 3.25> <CoreInst = "RAM">   --->   Core 81 'RAM' <Latency = 1> <II = 1> <Delay = 3.25> <Storage> <Opcode : 'load' 'store'> <Ports = 2> <Width = 32> <Depth = 1024> <RAM>
ST_1 : Operation 49 [1/1] (1.63ns)   --->   "%add_ln44 = add i11 %select_ln43, i11 1" [dft.cpp:44]   --->   Operation 49 'add' 'add_ln44' <Predicate = (!icmp_ln43)> <Delay = 1.63> <CoreInst = "Adder">   --->   Core 1 'Adder' <Latency = 0> <II = 1> <Delay = 1.63> <FuncUnit> <Opcode : 'add' 'sub'> <InPorts = 2> <OutPorts = 1>
ST_1 : Operation 50 [1/1] (1.63ns)   --->   "%icmp_ln44_1 = icmp_eq  i11 %add_ln44, i11 1024" [dft.cpp:44]   --->   Operation 50 'icmp' 'icmp_ln44_1' <Predicate = (!icmp_ln43)> <Delay = 1.63> <CoreInst = "Cmp">   --->   Core 9 'Cmp' <Latency = 0> <II = 1> <Delay = 1.54> <FuncUnit> <Opcode : 'seteq' 'setne' 'setle' 'setge' 'setlt' 'setgt'> <InPorts = 2> <OutPorts = 1>
ST_1 : Operation 51 [1/1] (0.00ns)   --->   "%br_ln44 = br i1 %icmp_ln44_1, void %new.latch.for.inc40.split, void %last.iter.for.inc40.split" [dft.cpp:44]   --->   Operation 51 'br' 'br_ln44' <Predicate = (!icmp_ln43)> <Delay = 0.00>
ST_1 : Operation 52 [1/1] (1.58ns)   --->   "%store_ln43 = store i21 %add_ln43, i21 %indvar_flatten" [dft.cpp:43]   --->   Operation 52 'store' 'store_ln43' <Predicate = (!icmp_ln43)> <Delay = 1.58>
ST_1 : Operation 53 [1/1] (1.58ns)   --->   "%store_ln44 = store i11 %add_ln44, i11 %j" [dft.cpp:44]   --->   Operation 53 'store' 'store_ln44' <Predicate = (!icmp_ln43)> <Delay = 1.58>

State 2 <SV = 1> <Delay = 6.85>
ST_2 : Operation 54 [1/1] (0.00ns)   --->   "%i_1_load = load i11 %i_1" [dft.cpp:43]   --->   Operation 54 'load' 'i_1_load' <Predicate = (!icmp_ln43)> <Delay = 0.00>
ST_2 : Operation 55 [1/1] (1.63ns)   --->   "%add_ln43_1 = add i11 %i_1_load, i11 1" [dft.cpp:43]   --->   Operation 55 'add' 'add_ln43_1' <Predicate = (!icmp_ln43 & icmp_ln44)> <Delay = 1.63> <CoreInst = "Adder">   --->   Core 1 'Adder' <Latency = 0> <II = 1> <Delay = 1.63> <FuncUnit> <Opcode : 'add' 'sub'> <InPorts = 2> <OutPorts = 1>
ST_2 : Operation 56 [1/1] (0.69ns)   --->   "%select_ln43_1 = select i1 %icmp_ln44, i11 %add_ln43_1, i11 %i_1_load" [dft.cpp:43]   --->   Operation 56 'select' 'select_ln43_1' <Predicate = (!icmp_ln43)> <Delay = 0.69> <CoreInst = "Sel">   --->   Core 73 'Sel' <Latency = 0> <II = 1> <Delay = 0.69> <FuncUnit> <Opcode : 'select'> <InPorts = 3> <OutPorts = 1>
ST_2 : Operation 57 [1/1] (0.00ns)   --->   "%trunc_ln45 = trunc i11 %select_ln43_1" [dft.cpp:45]   --->   Operation 57 'trunc' 'trunc_ln45' <Predicate = (!icmp_ln43)> <Delay = 0.00>
ST_2 : Operation 58 [1/1] (4.52ns)   --->   "%index = mul i10 %trunc_ln45_1, i10 %trunc_ln45" [dft.cpp:45]   --->   Operation 58 'mul' 'index' <Predicate = (!icmp_ln43)> <Delay = 4.52> <CoreInst = "Multiplier">   --->   Core 3 'Multiplier' <Latency = 0> <II = 1> <Delay = 4.52> <FuncUnit> <Opcode : 'mul'> <InPorts = 2> <OutPorts = 1>
ST_2 : Operation 59 [1/2] ( I:3.25ns O:3.25ns )   --->   "%real_sample_data_load = load i10 %real_sample_data_addr" [dft.cpp:49]   --->   Operation 59 'load' 'real_sample_data_load' <Predicate = (!icmp_ln43)> <Delay = 3.25> <CoreInst = "RAM">   --->   Core 81 'RAM' <Latency = 1> <II = 1> <Delay = 3.25> <Storage> <Opcode : 'load' 'store'> <Ports = 2> <Width = 32> <Depth = 1024> <RAM>
ST_2 : Operation 60 [1/2] ( I:3.25ns O:3.25ns )   --->   "%imag_sample_data_load = load i10 %imag_sample_data_addr" [dft.cpp:49]   --->   Operation 60 'load' 'imag_sample_data_load' <Predicate = (!icmp_ln43)> <Delay = 3.25> <CoreInst = "RAM">   --->   Core 81 'RAM' <Latency = 1> <II = 1> <Delay = 3.25> <Storage> <Opcode : 'load' 'store'> <Ports = 2> <Width = 32> <Depth = 1024> <RAM>
ST_2 : Operation 61 [1/1] (1.58ns)   --->   "%store_ln43 = store i11 %select_ln43_1, i11 %i_1" [dft.cpp:43]   --->   Operation 61 'store' 'store_ln43' <Predicate = (!icmp_ln43)> <Delay = 1.58>

State 3 <SV = 2> <Delay = 3.25>
ST_3 : Operation 62 [1/1] (0.00ns)   --->   "%zext_ln46 = zext i10 %index" [dft.cpp:46]   --->   Operation 62 'zext' 'zext_ln46' <Predicate = (!icmp_ln43)> <Delay = 0.00>
ST_3 : Operation 63 [1/1] (0.00ns)   --->   "%cos_coefficients_table_addr = getelementptr i32 %cos_coefficients_table, i64 0, i64 %zext_ln46" [dft.cpp:46]   --->   Operation 63 'getelementptr' 'cos_coefficients_table_addr' <Predicate = (!icmp_ln43)> <Delay = 0.00>
ST_3 : Operation 64 [2/2] (3.25ns)   --->   "%c = load i10 %cos_coefficients_table_addr" [dft.cpp:46]   --->   Operation 64 'load' 'c' <Predicate = (!icmp_ln43)> <Delay = 3.25> <CoreInst = "ROM">   --->   Core 94 'ROM' <Latency = 1> <II = 1> <Delay = 3.25> <Storage> <Opcode : 'load'> <Ports = 0> <Width = 32> <Depth = 1024> <ROM>
ST_3 : Operation 65 [1/1] (0.00ns)   --->   "%sin_coefficients_table_addr = getelementptr i32 %sin_coefficients_table, i64 0, i64 %zext_ln46" [dft.cpp:47]   --->   Operation 65 'getelementptr' 'sin_coefficients_table_addr' <Predicate = (!icmp_ln43)> <Delay = 0.00>
ST_3 : Operation 66 [2/2] (3.25ns)   --->   "%s = load i10 %sin_coefficients_table_addr" [dft.cpp:47]   --->   Operation 66 'load' 's' <Predicate = (!icmp_ln43)> <Delay = 3.25> <CoreInst = "ROM">   --->   Core 94 'ROM' <Latency = 1> <II = 1> <Delay = 3.25> <Storage> <Opcode : 'load'> <Ports = 0> <Width = 32> <Depth = 1024> <ROM>

State 4 <SV = 3> <Delay = 3.25>
ST_4 : Operation 67 [1/2] ( I:3.25ns O:3.25ns )   --->   "%c = load i10 %cos_coefficients_table_addr" [dft.cpp:46]   --->   Operation 67 'load' 'c' <Predicate = (!icmp_ln43)> <Delay = 3.25> <CoreInst = "ROM">   --->   Core 94 'ROM' <Latency = 1> <II = 1> <Delay = 3.25> <Storage> <Opcode : 'load'> <Ports = 0> <Width = 32> <Depth = 1024> <ROM>
ST_4 : Operation 68 [1/2] ( I:3.25ns O:3.25ns )   --->   "%s = load i10 %sin_coefficients_table_addr" [dft.cpp:47]   --->   Operation 68 'load' 's' <Predicate = (!icmp_ln43)> <Delay = 3.25> <CoreInst = "ROM">   --->   Core 94 'ROM' <Latency = 1> <II = 1> <Delay = 3.25> <Storage> <Opcode : 'load'> <Ports = 0> <Width = 32> <Depth = 1024> <ROM>

State 5 <SV = 4> <Delay = 5.70>
ST_5 : Operation 69 [4/4] (5.70ns)   --->   "%mul = fmul i32 %real_sample_data_load, i32 %c" [dft.cpp:49]   --->   Operation 69 'fmul' 'mul' <Predicate = (!icmp_ln43)> <Delay = 5.70> <CoreInst = "FMul_maxdsp">   --->   Core 30 'FMul_maxdsp' <Latency = 3> <II = 1> <Delay = 5.70> <FuncUnit> <Opcode : 'fmul'> <InPorts = 2> <OutPorts = 1>

State 6 <SV = 5> <Delay = 5.70>
ST_6 : Operation 70 [3/4] (5.70ns)   --->   "%mul = fmul i32 %real_sample_data_load, i32 %c" [dft.cpp:49]   --->   Operation 70 'fmul' 'mul' <Predicate = (!icmp_ln43)> <Delay = 5.70> <CoreInst = "FMul_maxdsp">   --->   Core 30 'FMul_maxdsp' <Latency = 3> <II = 1> <Delay = 5.70> <FuncUnit> <Opcode : 'fmul'> <InPorts = 2> <OutPorts = 1>
ST_6 : Operation 71 [4/4] (5.70ns)   --->   "%mul1 = fmul i32 %imag_sample_data_load, i32 %s" [dft.cpp:49]   --->   Operation 71 'fmul' 'mul1' <Predicate = (!icmp_ln43)> <Delay = 5.70> <CoreInst = "FMul_maxdsp">   --->   Core 30 'FMul_maxdsp' <Latency = 3> <II = 1> <Delay = 5.70> <FuncUnit> <Opcode : 'fmul'> <InPorts = 2> <OutPorts = 1>

State 7 <SV = 6> <Delay = 5.70>
ST_7 : Operation 72 [2/4] (5.70ns)   --->   "%mul = fmul i32 %real_sample_data_load, i32 %c" [dft.cpp:49]   --->   Operation 72 'fmul' 'mul' <Predicate = true> <Delay = 5.70> <CoreInst = "FMul_maxdsp">   --->   Core 30 'FMul_maxdsp' <Latency = 3> <II = 1> <Delay = 5.70> <FuncUnit> <Opcode : 'fmul'> <InPorts = 2> <OutPorts = 1>
ST_7 : Operation 73 [3/4] (5.70ns)   --->   "%mul1 = fmul i32 %imag_sample_data_load, i32 %s" [dft.cpp:49]   --->   Operation 73 'fmul' 'mul1' <Predicate = true> <Delay = 5.70> <CoreInst = "FMul_maxdsp">   --->   Core 30 'FMul_maxdsp' <Latency = 3> <II = 1> <Delay = 5.70> <FuncUnit> <Opcode : 'fmul'> <InPorts = 2> <OutPorts = 1>
ST_7 : Operation 74 [4/4] (5.70ns)   --->   "%mul2 = fmul i32 %real_sample_data_load, i32 %s" [dft.cpp:50]   --->   Operation 74 'fmul' 'mul2' <Predicate = true> <Delay = 5.70> <CoreInst = "FMul_maxdsp">   --->   Core 30 'FMul_maxdsp' <Latency = 3> <II = 1> <Delay = 5.70> <FuncUnit> <Opcode : 'fmul'> <InPorts = 2> <OutPorts = 1>

State 8 <SV = 7> <Delay = 5.70>
ST_8 : Operation 75 [1/4] (5.70ns)   --->   "%mul = fmul i32 %real_sample_data_load, i32 %c" [dft.cpp:49]   --->   Operation 75 'fmul' 'mul' <Predicate = true> <Delay = 5.70> <CoreInst = "FMul_maxdsp">   --->   Core 30 'FMul_maxdsp' <Latency = 3> <II = 1> <Delay = 5.70> <FuncUnit> <Opcode : 'fmul'> <InPorts = 2> <OutPorts = 1>
ST_8 : Operation 76 [2/4] (5.70ns)   --->   "%mul1 = fmul i32 %imag_sample_data_load, i32 %s" [dft.cpp:49]   --->   Operation 76 'fmul' 'mul1' <Predicate = true> <Delay = 5.70> <CoreInst = "FMul_maxdsp">   --->   Core 30 'FMul_maxdsp' <Latency = 3> <II = 1> <Delay = 5.70> <FuncUnit> <Opcode : 'fmul'> <InPorts = 2> <OutPorts = 1>
ST_8 : Operation 77 [3/4] (5.70ns)   --->   "%mul2 = fmul i32 %real_sample_data_load, i32 %s" [dft.cpp:50]   --->   Operation 77 'fmul' 'mul2' <Predicate = true> <Delay = 5.70> <CoreInst = "FMul_maxdsp">   --->   Core 30 'FMul_maxdsp' <Latency = 3> <II = 1> <Delay = 5.70> <FuncUnit> <Opcode : 'fmul'> <InPorts = 2> <OutPorts = 1>
ST_8 : Operation 78 [4/4] (5.70ns)   --->   "%mul3 = fmul i32 %imag_sample_data_load, i32 %c" [dft.cpp:50]   --->   Operation 78 'fmul' 'mul3' <Predicate = true> <Delay = 5.70> <CoreInst = "FMul_maxdsp">   --->   Core 30 'FMul_maxdsp' <Latency = 3> <II = 1> <Delay = 5.70> <FuncUnit> <Opcode : 'fmul'> <InPorts = 2> <OutPorts = 1>

State 9 <SV = 8> <Delay = 5.70>
ST_9 : Operation 79 [1/4] (5.70ns)   --->   "%mul1 = fmul i32 %imag_sample_data_load, i32 %s" [dft.cpp:49]   --->   Operation 79 'fmul' 'mul1' <Predicate = true> <Delay = 5.70> <CoreInst = "FMul_maxdsp">   --->   Core 30 'FMul_maxdsp' <Latency = 3> <II = 1> <Delay = 5.70> <FuncUnit> <Opcode : 'fmul'> <InPorts = 2> <OutPorts = 1>
ST_9 : Operation 80 [2/4] (5.70ns)   --->   "%mul2 = fmul i32 %real_sample_data_load, i32 %s" [dft.cpp:50]   --->   Operation 80 'fmul' 'mul2' <Predicate = true> <Delay = 5.70> <CoreInst = "FMul_maxdsp">   --->   Core 30 'FMul_maxdsp' <Latency = 3> <II = 1> <Delay = 5.70> <FuncUnit> <Opcode : 'fmul'> <InPorts = 2> <OutPorts = 1>
ST_9 : Operation 81 [3/4] (5.70ns)   --->   "%mul3 = fmul i32 %imag_sample_data_load, i32 %c" [dft.cpp:50]   --->   Operation 81 'fmul' 'mul3' <Predicate = true> <Delay = 5.70> <CoreInst = "FMul_maxdsp">   --->   Core 30 'FMul_maxdsp' <Latency = 3> <II = 1> <Delay = 5.70> <FuncUnit> <Opcode : 'fmul'> <InPorts = 2> <OutPorts = 1>

State 10 <SV = 9> <Delay = 7.25>
ST_10 : Operation 82 [5/5] (7.25ns)   --->   "%sub = fsub i32 %mul, i32 %mul1" [dft.cpp:49]   --->   Operation 82 'fsub' 'sub' <Predicate = true> <Delay = 7.25> <CoreInst = "FAddSub_fulldsp">   --->   Core 18 'FAddSub_fulldsp' <Latency = 4> <II = 1> <Delay = 7.25> <FuncUnit> <Opcode : 'fadd' 'fsub'> <InPorts = 2> <OutPorts = 1>
ST_10 : Operation 83 [1/4] (5.70ns)   --->   "%mul2 = fmul i32 %real_sample_data_load, i32 %s" [dft.cpp:50]   --->   Operation 83 'fmul' 'mul2' <Predicate = true> <Delay = 5.70> <CoreInst = "FMul_maxdsp">   --->   Core 30 'FMul_maxdsp' <Latency = 3> <II = 1> <Delay = 5.70> <FuncUnit> <Opcode : 'fmul'> <InPorts = 2> <OutPorts = 1>
ST_10 : Operation 84 [2/4] (5.70ns)   --->   "%mul3 = fmul i32 %imag_sample_data_load, i32 %c" [dft.cpp:50]   --->   Operation 84 'fmul' 'mul3' <Predicate = true> <Delay = 5.70> <CoreInst = "FMul_maxdsp">   --->   Core 30 'FMul_maxdsp' <Latency = 3> <II = 1> <Delay = 5.70> <FuncUnit> <Opcode : 'fmul'> <InPorts = 2> <OutPorts = 1>

State 11 <SV = 10> <Delay = 7.25>
ST_11 : Operation 85 [4/5] (7.25ns)   --->   "%sub = fsub i32 %mul, i32 %mul1" [dft.cpp:49]   --->   Operation 85 'fsub' 'sub' <Predicate = true> <Delay = 7.25> <CoreInst = "FAddSub_fulldsp">   --->   Core 18 'FAddSub_fulldsp' <Latency = 4> <II = 1> <Delay = 7.25> <FuncUnit> <Opcode : 'fadd' 'fsub'> <InPorts = 2> <OutPorts = 1>
ST_11 : Operation 86 [1/4] (5.70ns)   --->   "%mul3 = fmul i32 %imag_sample_data_load, i32 %c" [dft.cpp:50]   --->   Operation 86 'fmul' 'mul3' <Predicate = true> <Delay = 5.70> <CoreInst = "FMul_maxdsp">   --->   Core 30 'FMul_maxdsp' <Latency = 3> <II = 1> <Delay = 5.70> <FuncUnit> <Opcode : 'fmul'> <InPorts = 2> <OutPorts = 1>

State 12 <SV = 11> <Delay = 7.25>
ST_12 : Operation 87 [3/5] (7.25ns)   --->   "%sub = fsub i32 %mul, i32 %mul1" [dft.cpp:49]   --->   Operation 87 'fsub' 'sub' <Predicate = true> <Delay = 7.25> <CoreInst = "FAddSub_fulldsp">   --->   Core 18 'FAddSub_fulldsp' <Latency = 4> <II = 1> <Delay = 7.25> <FuncUnit> <Opcode : 'fadd' 'fsub'> <InPorts = 2> <OutPorts = 1>
ST_12 : Operation 88 [5/5] (7.25ns)   --->   "%add1 = fadd i32 %mul2, i32 %mul3" [dft.cpp:50]   --->   Operation 88 'fadd' 'add1' <Predicate = true> <Delay = 7.25> <CoreInst = "FAddSub_fulldsp">   --->   Core 18 'FAddSub_fulldsp' <Latency = 4> <II = 1> <Delay = 7.25> <FuncUnit> <Opcode : 'fadd' 'fsub'> <InPorts = 2> <OutPorts = 1>

State 13 <SV = 12> <Delay = 7.25>
ST_13 : Operation 89 [1/1] (0.00ns)   --->   "%specloopname_ln0 = specloopname void @_ssdm_op_SpecLoopName, void @VITIS_LOOP_43_2_VITIS_LOOP_44_3_str"   --->   Operation 89 'specloopname' 'specloopname_ln0' <Predicate = true> <Delay = 0.00>
ST_13 : Operation 90 [1/1] (0.00ns)   --->   "%speclooptripcount_ln0 = speclooptripcount void @_ssdm_op_SpecLoopTripCount, i64 1048576, i64 1048576, i64 1048576"   --->   Operation 90 'speclooptripcount' 'speclooptripcount_ln0' <Predicate = true> <Delay = 0.00>
ST_13 : Operation 91 [1/1] (0.00ns)   --->   "%zext_ln43 = zext i11 %select_ln43_1" [dft.cpp:43]   --->   Operation 91 'zext' 'zext_ln43' <Predicate = true> <Delay = 0.00>
ST_13 : Operation 92 [1/1] (0.00ns)   --->   "%real_op_data_addr = getelementptr i32 %real_op_data, i64 0, i64 %zext_ln43" [dft.cpp:43]   --->   Operation 92 'getelementptr' 'real_op_data_addr' <Predicate = true> <Delay = 0.00>
ST_13 : Operation 93 [1/1] (0.00ns)   --->   "%imag_op_data_addr = getelementptr i32 %imag_op_data, i64 0, i64 %zext_ln43" [dft.cpp:43]   --->   Operation 93 'getelementptr' 'imag_op_data_addr' <Predicate = true> <Delay = 0.00>
ST_13 : Operation 94 [2/2] (3.25ns)   --->   "%real_op_data_load = load i10 %real_op_data_addr" [dft.cpp:49]   --->   Operation 94 'load' 'real_op_data_load' <Predicate = (first_iter_0)> <Delay = 3.25> <CoreInst = "RAM">   --->   Core 81 'RAM' <Latency = 1> <II = 1> <Delay = 3.25> <Storage> <Opcode : 'load' 'store'> <Ports = 2> <Width = 32> <Depth = 1024> <RAM>
ST_13 : Operation 95 [2/2] (3.25ns)   --->   "%imag_op_data_load = load i10 %imag_op_data_addr" [dft.cpp:50]   --->   Operation 95 'load' 'imag_op_data_load' <Predicate = (first_iter_0)> <Delay = 3.25> <CoreInst = "RAM">   --->   Core 81 'RAM' <Latency = 1> <II = 1> <Delay = 3.25> <Storage> <Opcode : 'load' 'store'> <Ports = 2> <Width = 32> <Depth = 1024> <RAM>
ST_13 : Operation 96 [2/5] (7.25ns)   --->   "%sub = fsub i32 %mul, i32 %mul1" [dft.cpp:49]   --->   Operation 96 'fsub' 'sub' <Predicate = true> <Delay = 7.25> <CoreInst = "FAddSub_fulldsp">   --->   Core 18 'FAddSub_fulldsp' <Latency = 4> <II = 1> <Delay = 7.25> <FuncUnit> <Opcode : 'fadd' 'fsub'> <InPorts = 2> <OutPorts = 1>
ST_13 : Operation 97 [4/5] (7.25ns)   --->   "%add1 = fadd i32 %mul2, i32 %mul3" [dft.cpp:50]   --->   Operation 97 'fadd' 'add1' <Predicate = true> <Delay = 7.25> <CoreInst = "FAddSub_fulldsp">   --->   Core 18 'FAddSub_fulldsp' <Latency = 4> <II = 1> <Delay = 7.25> <FuncUnit> <Opcode : 'fadd' 'fsub'> <InPorts = 2> <OutPorts = 1>

State 14 <SV = 13> <Delay = 7.25>
ST_14 : Operation 98 [1/2] ( I:3.25ns O:3.25ns )   --->   "%real_op_data_load = load i10 %real_op_data_addr" [dft.cpp:49]   --->   Operation 98 'load' 'real_op_data_load' <Predicate = (first_iter_0)> <Delay = 3.25> <CoreInst = "RAM">   --->   Core 81 'RAM' <Latency = 1> <II = 1> <Delay = 3.25> <Storage> <Opcode : 'load' 'store'> <Ports = 2> <Width = 32> <Depth = 1024> <RAM>
ST_14 : Operation 99 [1/2] ( I:3.25ns O:3.25ns )   --->   "%imag_op_data_load = load i10 %imag_op_data_addr" [dft.cpp:50]   --->   Operation 99 'load' 'imag_op_data_load' <Predicate = (first_iter_0)> <Delay = 3.25> <CoreInst = "RAM">   --->   Core 81 'RAM' <Latency = 1> <II = 1> <Delay = 3.25> <Storage> <Opcode : 'load' 'store'> <Ports = 2> <Width = 32> <Depth = 1024> <RAM>
ST_14 : Operation 100 [1/1] (1.58ns)   --->   "%store_ln49 = store i32 %real_op_data_load, i32 %add193" [dft.cpp:49]   --->   Operation 100 'store' 'store_ln49' <Predicate = (first_iter_0)> <Delay = 1.58>
ST_14 : Operation 101 [1/5] (7.25ns)   --->   "%sub = fsub i32 %mul, i32 %mul1" [dft.cpp:49]   --->   Operation 101 'fsub' 'sub' <Predicate = true> <Delay = 7.25> <CoreInst = "FAddSub_fulldsp">   --->   Core 18 'FAddSub_fulldsp' <Latency = 4> <II = 1> <Delay = 7.25> <FuncUnit> <Opcode : 'fadd' 'fsub'> <InPorts = 2> <OutPorts = 1>
ST_14 : Operation 102 [3/5] (7.25ns)   --->   "%add1 = fadd i32 %mul2, i32 %mul3" [dft.cpp:50]   --->   Operation 102 'fadd' 'add1' <Predicate = true> <Delay = 7.25> <CoreInst = "FAddSub_fulldsp">   --->   Core 18 'FAddSub_fulldsp' <Latency = 4> <II = 1> <Delay = 7.25> <FuncUnit> <Opcode : 'fadd' 'fsub'> <InPorts = 2> <OutPorts = 1>

State 15 <SV = 14> <Delay = 7.25>
ST_15 : Operation 103 [1/1] (0.00ns)   --->   "%add193_load = load i32 %add193" [dft.cpp:49]   --->   Operation 103 'load' 'add193_load' <Predicate = true> <Delay = 0.00>
ST_15 : Operation 104 [5/5] (7.25ns)   --->   "%add = fadd i32 %add193_load, i32 %sub" [dft.cpp:49]   --->   Operation 104 'fadd' 'add' <Predicate = true> <Delay = 7.25> <CoreInst = "FAddSub_fulldsp">   --->   Core 18 'FAddSub_fulldsp' <Latency = 4> <II = 1> <Delay = 7.25> <FuncUnit> <Opcode : 'fadd' 'fsub'> <InPorts = 2> <OutPorts = 1>
ST_15 : Operation 105 [2/5] (7.25ns)   --->   "%add1 = fadd i32 %mul2, i32 %mul3" [dft.cpp:50]   --->   Operation 105 'fadd' 'add1' <Predicate = true> <Delay = 7.25> <CoreInst = "FAddSub_fulldsp">   --->   Core 18 'FAddSub_fulldsp' <Latency = 4> <II = 1> <Delay = 7.25> <FuncUnit> <Opcode : 'fadd' 'fsub'> <InPorts = 2> <OutPorts = 1>

State 16 <SV = 15> <Delay = 7.25>
ST_16 : Operation 106 [1/1] (1.58ns)   --->   "%store_ln50 = store i32 %imag_op_data_load, i32 %add39194" [dft.cpp:50]   --->   Operation 106 'store' 'store_ln50' <Predicate = (first_iter_0)> <Delay = 1.58>
ST_16 : Operation 107 [1/1] (0.00ns)   --->   "%br_ln44 = br void %for.inc40.split" [dft.cpp:44]   --->   Operation 107 'br' 'br_ln44' <Predicate = (first_iter_0)> <Delay = 0.00>
ST_16 : Operation 108 [4/5] (7.25ns)   --->   "%add = fadd i32 %add193_load, i32 %sub" [dft.cpp:49]   --->   Operation 108 'fadd' 'add' <Predicate = true> <Delay = 7.25> <CoreInst = "FAddSub_fulldsp">   --->   Core 18 'FAddSub_fulldsp' <Latency = 4> <II = 1> <Delay = 7.25> <FuncUnit> <Opcode : 'fadd' 'fsub'> <InPorts = 2> <OutPorts = 1>
ST_16 : Operation 109 [1/5] (7.25ns)   --->   "%add1 = fadd i32 %mul2, i32 %mul3" [dft.cpp:50]   --->   Operation 109 'fadd' 'add1' <Predicate = true> <Delay = 7.25> <CoreInst = "FAddSub_fulldsp">   --->   Core 18 'FAddSub_fulldsp' <Latency = 4> <II = 1> <Delay = 7.25> <FuncUnit> <Opcode : 'fadd' 'fsub'> <InPorts = 2> <OutPorts = 1>
ST_16 : Operation 126 [1/1] (1.58ns)   --->   "%ret_ln0 = ret"   --->   Operation 126 'ret' 'ret_ln0' <Predicate = (icmp_ln43)> <Delay = 1.58>

State 17 <SV = 16> <Delay = 7.25>
ST_17 : Operation 110 [1/1] (0.00ns)   --->   "%add39194_load = load i32 %add39194" [dft.cpp:50]   --->   Operation 110 'load' 'add39194_load' <Predicate = true> <Delay = 0.00>
ST_17 : Operation 111 [3/5] (7.25ns)   --->   "%add = fadd i32 %add193_load, i32 %sub" [dft.cpp:49]   --->   Operation 111 'fadd' 'add' <Predicate = true> <Delay = 7.25> <CoreInst = "FAddSub_fulldsp">   --->   Core 18 'FAddSub_fulldsp' <Latency = 4> <II = 1> <Delay = 7.25> <FuncUnit> <Opcode : 'fadd' 'fsub'> <InPorts = 2> <OutPorts = 1>
ST_17 : Operation 112 [5/5] (7.25ns)   --->   "%add2 = fadd i32 %add39194_load, i32 %add1" [dft.cpp:50]   --->   Operation 112 'fadd' 'add2' <Predicate = true> <Delay = 7.25> <CoreInst = "FAddSub_fulldsp">   --->   Core 18 'FAddSub_fulldsp' <Latency = 4> <II = 1> <Delay = 7.25> <FuncUnit> <Opcode : 'fadd' 'fsub'> <InPorts = 2> <OutPorts = 1>

State 18 <SV = 17> <Delay = 7.25>
ST_18 : Operation 113 [2/5] (7.25ns)   --->   "%add = fadd i32 %add193_load, i32 %sub" [dft.cpp:49]   --->   Operation 113 'fadd' 'add' <Predicate = true> <Delay = 7.25> <CoreInst = "FAddSub_fulldsp">   --->   Core 18 'FAddSub_fulldsp' <Latency = 4> <II = 1> <Delay = 7.25> <FuncUnit> <Opcode : 'fadd' 'fsub'> <InPorts = 2> <OutPorts = 1>
ST_18 : Operation 114 [4/5] (7.25ns)   --->   "%add2 = fadd i32 %add39194_load, i32 %add1" [dft.cpp:50]   --->   Operation 114 'fadd' 'add2' <Predicate = true> <Delay = 7.25> <CoreInst = "FAddSub_fulldsp">   --->   Core 18 'FAddSub_fulldsp' <Latency = 4> <II = 1> <Delay = 7.25> <FuncUnit> <Opcode : 'fadd' 'fsub'> <InPorts = 2> <OutPorts = 1>

State 19 <SV = 18> <Delay = 7.25>
ST_19 : Operation 115 [1/5] (7.25ns)   --->   "%add = fadd i32 %add193_load, i32 %sub" [dft.cpp:49]   --->   Operation 115 'fadd' 'add' <Predicate = true> <Delay = 7.25> <CoreInst = "FAddSub_fulldsp">   --->   Core 18 'FAddSub_fulldsp' <Latency = 4> <II = 1> <Delay = 7.25> <FuncUnit> <Opcode : 'fadd' 'fsub'> <InPorts = 2> <OutPorts = 1>
ST_19 : Operation 116 [3/5] (7.25ns)   --->   "%add2 = fadd i32 %add39194_load, i32 %add1" [dft.cpp:50]   --->   Operation 116 'fadd' 'add2' <Predicate = true> <Delay = 7.25> <CoreInst = "FAddSub_fulldsp">   --->   Core 18 'FAddSub_fulldsp' <Latency = 4> <II = 1> <Delay = 7.25> <FuncUnit> <Opcode : 'fadd' 'fsub'> <InPorts = 2> <OutPorts = 1>

State 20 <SV = 19> <Delay = 7.25>
ST_20 : Operation 117 [2/5] (7.25ns)   --->   "%add2 = fadd i32 %add39194_load, i32 %add1" [dft.cpp:50]   --->   Operation 117 'fadd' 'add2' <Predicate = true> <Delay = 7.25> <CoreInst = "FAddSub_fulldsp">   --->   Core 18 'FAddSub_fulldsp' <Latency = 4> <II = 1> <Delay = 7.25> <FuncUnit> <Opcode : 'fadd' 'fsub'> <InPorts = 2> <OutPorts = 1>
ST_20 : Operation 118 [1/1] ( I:3.25ns O:3.25ns )   --->   "%store_ln49 = store i32 %add, i10 %real_op_data_addr" [dft.cpp:49]   --->   Operation 118 'store' 'store_ln49' <Predicate = (icmp_ln44_1)> <Delay = 3.25> <CoreInst = "RAM">   --->   Core 81 'RAM' <Latency = 1> <II = 1> <Delay = 3.25> <Storage> <Opcode : 'load' 'store'> <Ports = 2> <Width = 32> <Depth = 1024> <RAM>
ST_20 : Operation 119 [1/1] (1.58ns)   --->   "%store_ln49 = store i32 %add, i32 %add193" [dft.cpp:49]   --->   Operation 119 'store' 'store_ln49' <Predicate = true> <Delay = 1.58>

State 21 <SV = 20> <Delay = 7.25>
ST_21 : Operation 120 [1/1] (0.00ns)   --->   "%specpipeline_ln44 = specpipeline void @_ssdm_op_SpecPipeline, i32 4294967295, i32 0, i32 0, i32 0, void @empty_7" [dft.cpp:44]   --->   Operation 120 'specpipeline' 'specpipeline_ln44' <Predicate = true> <Delay = 0.00>
ST_21 : Operation 121 [1/5] (7.25ns)   --->   "%add2 = fadd i32 %add39194_load, i32 %add1" [dft.cpp:50]   --->   Operation 121 'fadd' 'add2' <Predicate = true> <Delay = 7.25> <CoreInst = "FAddSub_fulldsp">   --->   Core 18 'FAddSub_fulldsp' <Latency = 4> <II = 1> <Delay = 7.25> <FuncUnit> <Opcode : 'fadd' 'fsub'> <InPorts = 2> <OutPorts = 1>

State 22 <SV = 21> <Delay = 3.25>
ST_22 : Operation 122 [1/1] ( I:3.25ns O:3.25ns )   --->   "%store_ln50 = store i32 %add2, i10 %imag_op_data_addr" [dft.cpp:50]   --->   Operation 122 'store' 'store_ln50' <Predicate = (icmp_ln44_1)> <Delay = 3.25> <CoreInst = "RAM">   --->   Core 81 'RAM' <Latency = 1> <II = 1> <Delay = 3.25> <Storage> <Opcode : 'load' 'store'> <Ports = 2> <Width = 32> <Depth = 1024> <RAM>
ST_22 : Operation 123 [1/1] (0.00ns)   --->   "%br_ln44 = br void %new.latch.for.inc40.split" [dft.cpp:44]   --->   Operation 123 'br' 'br_ln44' <Predicate = (icmp_ln44_1)> <Delay = 0.00>
ST_22 : Operation 124 [1/1] (1.58ns)   --->   "%store_ln50 = store i32 %add2, i32 %add39194" [dft.cpp:50]   --->   Operation 124 'store' 'store_ln50' <Predicate = true> <Delay = 1.58>
ST_22 : Operation 125 [1/1] (0.00ns)   --->   "%br_ln44 = br void %for.inc40" [dft.cpp:44]   --->   Operation 125 'br' 'br_ln44' <Predicate = true> <Delay = 0.00>


============================================================
+ Verbose Summary: Binding
============================================================
STG Binding: 
---------------- STG Properties BEGIN ----------------
- Is combinational: 0
- Is one-state seq: 0
- Is datapath-only: 0
- Is pipelined: 0
- Is top level: 0
Port [ Return ] is wired: 1; IO mode=ap_ctrl_hs:ce=0
Port [ real_sample_data]:  wired=1; compound=1; hidden=0; nouse=0; global=0; static=0; extern=0; dir=0; type=1; pingpong=0; private_global=0; MemPort=[13]; IO mode=ap_memory:ce=0
Port [ imag_sample_data]:  wired=1; compound=1; hidden=0; nouse=0; global=0; static=0; extern=0; dir=0; type=1; pingpong=0; private_global=0; MemPort=[13]; IO mode=ap_memory:ce=0
Port [ real_op_data]:  wired=1; compound=1; hidden=0; nouse=0; global=0; static=0; extern=0; dir=2; type=1; pingpong=0; private_global=0; MemPort=[23]; IO mode=ap_memory:ce=0
Port [ imag_op_data]:  wired=1; compound=1; hidden=0; nouse=0; global=0; static=0; extern=0; dir=2; type=1; pingpong=0; private_global=0; MemPort=[23]; IO mode=ap_memory:ce=0
Port [ cos_coefficients_table]:  wired=0; compound=1; hidden=1; nouse=0; global=1; static=1; extern=0; dir=0; type=1; pingpong=0; private_global=1; MemPort=[1]; IO mode=ap_memory:ce=0
Port [ sin_coefficients_table]:  wired=0; compound=1; hidden=1; nouse=0; global=1; static=1; extern=0; dir=0; type=1; pingpong=0; private_global=1; MemPort=[1]; IO mode=ap_memory:ce=0
---------------- STG Properties END ------------------

---------------- Datapath Model BEGIN ----------------

<LifeTime>
<method=bitvector/>
j                           (alloca           ) [ 01000000000000000000000]
i_1                         (alloca           ) [ 01100000000000000000000]
indvar_flatten              (alloca           ) [ 01000000000000000000000]
add193                      (alloca           ) [ 01111111111111111111100]
add39194                    (alloca           ) [ 01111111111111111111111]
store_ln0                   (store            ) [ 00000000000000000000000]
store_ln43                  (store            ) [ 00000000000000000000000]
store_ln44                  (store            ) [ 00000000000000000000000]
br_ln0                      (br               ) [ 00000000000000000000000]
indvar_flatten_load         (load             ) [ 00000000000000000000000]
icmp_ln43                   (icmp             ) [ 01111111111111111000000]
add_ln43                    (add              ) [ 00000000000000000000000]
br_ln43                     (br               ) [ 00000000000000000000000]
j_load                      (load             ) [ 00000000000000000000000]
icmp_ln44                   (icmp             ) [ 00100000000000000000000]
select_ln43                 (select           ) [ 00000000000000000000000]
first_iter_0                (icmp             ) [ 01111111111111111000000]
br_ln44                     (br               ) [ 00000000000000000000000]
zext_ln44                   (zext             ) [ 00000000000000000000000]
trunc_ln45_1                (trunc            ) [ 00100000000000000000000]
real_sample_data_addr       (getelementptr    ) [ 00100000000000000000000]
imag_sample_data_addr       (getelementptr    ) [ 00100000000000000000000]
add_ln44                    (add              ) [ 00000000000000000000000]
icmp_ln44_1                 (icmp             ) [ 01111111111111111111111]
br_ln44                     (br               ) [ 00000000000000000000000]
store_ln43                  (store            ) [ 00000000000000000000000]
store_ln44                  (store            ) [ 00000000000000000000000]
i_1_load                    (load             ) [ 00000000000000000000000]
add_ln43_1                  (add              ) [ 00000000000000000000000]
select_ln43_1               (select           ) [ 01111111111111000000000]
trunc_ln45                  (trunc            ) [ 00000000000000000000000]
index                       (mul              ) [ 00010000000000000000000]
real_sample_data_load       (load             ) [ 01111111111000000000000]
imag_sample_data_load       (load             ) [ 01111111111100000000000]
store_ln43                  (store            ) [ 00000000000000000000000]
zext_ln46                   (zext             ) [ 00000000000000000000000]
cos_coefficients_table_addr (getelementptr    ) [ 00001000000000000000000]
sin_coefficients_table_addr (getelementptr    ) [ 00001000000000000000000]
c                           (load             ) [ 01111111111100000000000]
s                           (load             ) [ 01111111111000000000000]
mul                         (fmul             ) [ 01111110011111100000000]
mul1                        (fmul             ) [ 01101110001111100000000]
mul2                        (fmul             ) [ 01111110000111111000000]
mul3                        (fmul             ) [ 01111010000011111000000]
specloopname_ln0            (specloopname     ) [ 00000000000000000000000]
speclooptripcount_ln0       (speclooptripcount) [ 00000000000000000000000]
zext_ln43                   (zext             ) [ 00000000000000000000000]
real_op_data_addr           (getelementptr    ) [ 01111110000000111111100]
imag_op_data_addr           (getelementptr    ) [ 01111110000000111111111]
real_op_data_load           (load             ) [ 00000000000000000000000]
imag_op_data_load           (load             ) [ 00011000000000011000000]
store_ln49                  (store            ) [ 00000000000000000000000]
sub                         (fsub             ) [ 01011110000000011111000]
add193_load                 (load             ) [ 01001110000000001111000]
store_ln50                  (store            ) [ 00000000000000000000000]
br_ln44                     (br               ) [ 00000000000000000000000]
add1                        (fadd             ) [ 01110110000000000111110]
add39194_load               (load             ) [ 01110010000000000011110]
add                         (fadd             ) [ 00100000000000000000100]
store_ln49                  (store            ) [ 00000000000000000000000]
store_ln49                  (store            ) [ 00000000000000000000000]
specpipeline_ln44           (specpipeline     ) [ 00000000000000000000000]
add2                        (fadd             ) [ 00001000000000000000001]
store_ln50                  (store            ) [ 00000000000000000000000]
br_ln44                     (br               ) [ 00000000000000000000000]
store_ln50                  (store            ) [ 00000000000000000000000]
br_ln44                     (br               ) [ 00000000000000000000000]
ret_ln0                     (ret              ) [ 00000000000000000000000]
</LifeTime>

<model>

<comp_list>
<comp id="0" class="1000" name="real_sample_data">
<pin_list>
<pin id="1" dir="1" index="0" bw="1" slack="0"/>
</pin_list>
<bind>
<StgValue><ssdm name="real_sample_data"/><MemPortTyVec>1 3 </MemPortTyVec>
</StgValue>
</bind>
</comp>

<comp id="2" class="1000" name="imag_sample_data">
<pin_list>
<pin id="3" dir="1" index="0" bw="1" slack="0"/>
</pin_list>
<bind>
<StgValue><ssdm name="imag_sample_data"/><MemPortTyVec>1 3 </MemPortTyVec>
</StgValue>
</bind>
</comp>

<comp id="4" class="1000" name="real_op_data">
<pin_list>
<pin id="5" dir="1" index="0" bw="1" slack="0"/>
</pin_list>
<bind>
<StgValue><ssdm name="real_op_data"/><MemPortTyVec>2 3 </MemPortTyVec>
</StgValue>
</bind>
</comp>

<comp id="6" class="1000" name="imag_op_data">
<pin_list>
<pin id="7" dir="1" index="0" bw="1" slack="0"/>
</pin_list>
<bind>
<StgValue><ssdm name="imag_op_data"/><MemPortTyVec>2 3 </MemPortTyVec>
</StgValue>
</bind>
</comp>

<comp id="8" class="1000" name="cos_coefficients_table">
<pin_list>
<pin id="9" dir="1" index="0" bw="1" slack="0"/>
</pin_list>
<bind>
<StgValue><ssdm name="cos_coefficients_table"/><MemPortTyVec>1 </MemPortTyVec>
</StgValue>
</bind>
</comp>

<comp id="10" class="1000" name="sin_coefficients_table">
<pin_list>
<pin id="11" dir="1" index="0" bw="1" slack="0"/>
</pin_list>
<bind>
<StgValue><ssdm name="sin_coefficients_table"/><MemPortTyVec>1 </MemPortTyVec>
</StgValue>
</bind>
</comp>

<comp id="12" class="1001" name="const_12">
<pin_list>
<pin id="13" dir="1" index="0" bw="1" slack="0"/>
</pin_list>
<bind>
<StgValue><ssdm name=""/></StgValue>
</bind>
</comp>

<comp id="14" class="1001" name="const_14">
<pin_list>
<pin id="15" dir="1" index="0" bw="1" slack="0"/>
</pin_list>
<bind>
<StgValue><ssdm name=""/></StgValue>
</bind>
</comp>

<comp id="16" class="1001" name="const_16">
<pin_list>
<pin id="17" dir="1" index="0" bw="1" slack="0"/>
</pin_list>
<bind>
<StgValue><ssdm name=""/></StgValue>
</bind>
</comp>

<comp id="18" class="1001" name="const_18">
<pin_list>
<pin id="19" dir="1" index="0" bw="1" slack="0"/>
</pin_list>
<bind>
<StgValue><ssdm name=""/></StgValue>
</bind>
</comp>

<comp id="20" class="1001" name="const_20">
<pin_list>
<pin id="21" dir="1" index="0" bw="1" slack="0"/>
</pin_list>
<bind>
<StgValue><ssdm name=""/></StgValue>
</bind>
</comp>

<comp id="22" class="1001" name="const_22">
<pin_list>
<pin id="23" dir="1" index="0" bw="1" slack="0"/>
</pin_list>
<bind>
<StgValue><ssdm name=""/></StgValue>
</bind>
</comp>

<comp id="24" class="1001" name="const_24">
<pin_list>
<pin id="25" dir="1" index="0" bw="1" slack="0"/>
</pin_list>
<bind>
<StgValue><ssdm name=""/></StgValue>
</bind>
</comp>

<comp id="26" class="1001" name="const_26">
<pin_list>
<pin id="27" dir="1" index="0" bw="1" slack="0"/>
</pin_list>
<bind>
<StgValue><ssdm name=""/></StgValue>
</bind>
</comp>

<comp id="28" class="1001" name="const_28">
<pin_list>
<pin id="29" dir="1" index="0" bw="1" slack="2147483647"/>
</pin_list>
<bind>
<StgValue><ssdm name="_ssdm_op_SpecLoopName"/></StgValue>
</bind>
</comp>

<comp id="30" class="1001" name="const_30">
<pin_list>
<pin id="31" dir="1" index="0" bw="1" slack="2147483647"/>
</pin_list>
<bind>
<StgValue><ssdm name="VITIS_LOOP_43_2_VITIS_LOOP_44_3_str"/></StgValue>
</bind>
</comp>

<comp id="32" class="1001" name="const_32">
<pin_list>
<pin id="33" dir="1" index="0" bw="1" slack="2147483647"/>
</pin_list>
<bind>
<StgValue><ssdm name="_ssdm_op_SpecLoopTripCount"/></StgValue>
</bind>
</comp>

<comp id="34" class="1001" name="const_34">
<pin_list>
<pin id="35" dir="1" index="0" bw="1" slack="2147483647"/>
</pin_list>
<bind>
<StgValue><ssdm name=""/></StgValue>
</bind>
</comp>

<comp id="36" class="1001" name="const_36">
<pin_list>
<pin id="37" dir="1" index="0" bw="1" slack="2147483647"/>
</pin_list>
<bind>
<StgValue><ssdm name="_ssdm_op_SpecPipeline"/></StgValue>
</bind>
</comp>

<comp id="38" class="1001" name="const_38">
<pin_list>
<pin id="39" dir="1" index="0" bw="1" slack="2147483647"/>
</pin_list>
<bind>
<StgValue><ssdm name=""/></StgValue>
</bind>
</comp>

<comp id="40" class="1001" name="const_40">
<pin_list>
<pin id="41" dir="1" index="0" bw="1" slack="2147483647"/>
</pin_list>
<bind>
<StgValue><ssdm name=""/></StgValue>
</bind>
</comp>

<comp id="42" class="1001" name="const_42">
<pin_list>
<pin id="43" dir="1" index="0" bw="1" slack="2147483647"/>
</pin_list>
<bind>
<StgValue><ssdm name="empty_7"/></StgValue>
</bind>
</comp>

<comp id="44" class="1004" name="j_fu_44">
<pin_list>
<pin id="45" dir="0" index="0" bw="1" slack="0"/>
<pin id="46" dir="1" index="1" bw="11" slack="0"/>
</pin_list>
<bind>
<opcode="alloca(26) " fcode="alloca"/>
<opset="j/1 "/>
</bind>
</comp>

<comp id="48" class="1004" name="i_1_fu_48">
<pin_list>
<pin id="49" dir="0" index="0" bw="1" slack="0"/>
<pin id="50" dir="1" index="1" bw="11" slack="0"/>
</pin_list>
<bind>
<opcode="alloca(26) " fcode="alloca"/>
<opset="i_1/1 "/>
</bind>
</comp>

<comp id="52" class="1004" name="indvar_flatten_fu_52">
<pin_list>
<pin id="53" dir="0" index="0" bw="1" slack="0"/>
<pin id="54" dir="1" index="1" bw="21" slack="0"/>
</pin_list>
<bind>
<opcode="alloca(26) " fcode="alloca"/>
<opset="indvar_flatten/1 "/>
</bind>
</comp>

<comp id="56" class="1004" name="add193_fu_56">
<pin_list>
<pin id="57" dir="0" index="0" bw="1" slack="0"/>
<pin id="58" dir="1" index="1" bw="32" slack="13"/>
</pin_list>
<bind>
<opcode="alloca(26) " fcode="alloca"/>
<opset="add193/1 "/>
</bind>
</comp>

<comp id="60" class="1004" name="add39194_fu_60">
<pin_list>
<pin id="61" dir="0" index="0" bw="1" slack="0"/>
<pin id="62" dir="1" index="1" bw="32" slack="15"/>
</pin_list>
<bind>
<opcode="alloca(26) " fcode="alloca"/>
<opset="add39194/1 "/>
</bind>
</comp>

<comp id="64" class="1004" name="real_sample_data_addr_gep_fu_64">
<pin_list>
<pin id="65" dir="0" index="0" bw="32" slack="0"/>
<pin id="66" dir="0" index="1" bw="1" slack="0"/>
<pin id="67" dir="0" index="2" bw="11" slack="0"/>
<pin id="68" dir="1" index="3" bw="10" slack="0"/>
</pin_list>
<bind>
<opcode="getelementptr(29) " fcode="getelementptr"/>
<opset="real_sample_data_addr/1 "/>
</bind>
</comp>

<comp id="71" class="1004" name="grp_access_fu_71">
<pin_list>
<pin id="72" dir="0" index="0" bw="10" slack="0"/>
<pin id="73" dir="0" index="1" bw="32" slack="2147483647"/>
<pin id="74" dir="0" index="2" bw="0" slack="2147483647"/>
<pin id="75" dir="1" index="3" bw="32" slack="3"/>
</pin_list>
<bind>
<opcode="load(27) " fcode="load"/>
<opset="real_sample_data_load/1 "/>
</bind>
</comp>

<comp id="77" class="1004" name="imag_sample_data_addr_gep_fu_77">
<pin_list>
<pin id="78" dir="0" index="0" bw="32" slack="0"/>
<pin id="79" dir="0" index="1" bw="1" slack="0"/>
<pin id="80" dir="0" index="2" bw="11" slack="0"/>
<pin id="81" dir="1" index="3" bw="10" slack="0"/>
</pin_list>
<bind>
<opcode="getelementptr(29) " fcode="getelementptr"/>
<opset="imag_sample_data_addr/1 "/>
</bind>
</comp>

<comp id="84" class="1004" name="grp_access_fu_84">
<pin_list>
<pin id="85" dir="0" index="0" bw="10" slack="0"/>
<pin id="86" dir="0" index="1" bw="32" slack="2147483647"/>
<pin id="87" dir="0" index="2" bw="0" slack="2147483647"/>
<pin id="88" dir="1" index="3" bw="32" slack="4"/>
</pin_list>
<bind>
<opcode="load(27) " fcode="load"/>
<opset="imag_sample_data_load/1 "/>
</bind>
</comp>

<comp id="90" class="1004" name="cos_coefficients_table_addr_gep_fu_90">
<pin_list>
<pin id="91" dir="0" index="0" bw="32" slack="0"/>
<pin id="92" dir="0" index="1" bw="1" slack="0"/>
<pin id="93" dir="0" index="2" bw="10" slack="0"/>
<pin id="94" dir="1" index="3" bw="10" slack="0"/>
</pin_list>
<bind>
<opcode="getelementptr(29) " fcode="getelementptr"/>
<opset="cos_coefficients_table_addr/3 "/>
</bind>
</comp>

<comp id="97" class="1004" name="grp_access_fu_97">
<pin_list>
<pin id="98" dir="0" index="0" bw="10" slack="0"/>
<pin id="99" dir="0" index="1" bw="32" slack="2147483647"/>
<pin id="100" dir="0" index="2" bw="0" slack="2147483647"/>
<pin id="101" dir="1" index="3" bw="32" slack="1"/>
</pin_list>
<bind>
<opcode="load(27) " fcode="load"/>
<opset="c/3 "/>
</bind>
</comp>

<comp id="103" class="1004" name="sin_coefficients_table_addr_gep_fu_103">
<pin_list>
<pin id="104" dir="0" index="0" bw="32" slack="0"/>
<pin id="105" dir="0" index="1" bw="1" slack="0"/>
<pin id="106" dir="0" index="2" bw="10" slack="0"/>
<pin id="107" dir="1" index="3" bw="10" slack="0"/>
</pin_list>
<bind>
<opcode="getelementptr(29) " fcode="getelementptr"/>
<opset="sin_coefficients_table_addr/3 "/>
</bind>
</comp>

<comp id="110" class="1004" name="grp_access_fu_110">
<pin_list>
<pin id="111" dir="0" index="0" bw="10" slack="0"/>
<pin id="112" dir="0" index="1" bw="32" slack="2147483647"/>
<pin id="113" dir="0" index="2" bw="0" slack="2147483647"/>
<pin id="114" dir="1" index="3" bw="32" slack="2"/>
</pin_list>
<bind>
<opcode="load(27) " fcode="load"/>
<opset="s/3 "/>
</bind>
</comp>

<comp id="116" class="1004" name="real_op_data_addr_gep_fu_116">
<pin_list>
<pin id="117" dir="0" index="0" bw="32" slack="0"/>
<pin id="118" dir="0" index="1" bw="1" slack="0"/>
<pin id="119" dir="0" index="2" bw="11" slack="0"/>
<pin id="120" dir="1" index="3" bw="10" slack="0"/>
</pin_list>
<bind>
<opcode="getelementptr(29) " fcode="getelementptr"/>
<opset="real_op_data_addr/13 "/>
</bind>
</comp>

<comp id="123" class="1004" name="imag_op_data_addr_gep_fu_123">
<pin_list>
<pin id="124" dir="0" index="0" bw="32" slack="0"/>
<pin id="125" dir="0" index="1" bw="1" slack="0"/>
<pin id="126" dir="0" index="2" bw="11" slack="0"/>
<pin id="127" dir="1" index="3" bw="10" slack="0"/>
</pin_list>
<bind>
<opcode="getelementptr(29) " fcode="getelementptr"/>
<opset="imag_op_data_addr/13 "/>
</bind>
</comp>

<comp id="130" class="1004" name="grp_access_fu_130">
<pin_list>
<pin id="131" dir="0" index="0" bw="10" slack="0"/>
<pin id="132" dir="0" index="1" bw="32" slack="1"/>
<pin id="133" dir="0" index="2" bw="0" slack="2147483647"/>
<pin id="134" dir="1" index="3" bw="32" slack="0"/>
</pin_list>
<bind>
<opcode="load(27) store(28) " fcode="store"/>
<opset="real_op_data_load/13 store_ln49/20 "/>
</bind>
</comp>

<comp id="136" class="1004" name="grp_access_fu_136">
<pin_list>
<pin id="137" dir="0" index="0" bw="10" slack="0"/>
<pin id="138" dir="0" index="1" bw="32" slack="1"/>
<pin id="139" dir="0" index="2" bw="0" slack="2147483647"/>
<pin id="140" dir="1" index="3" bw="32" slack="2"/>
</pin_list>
<bind>
<opcode="load(27) store(28) " fcode="store"/>
<opset="imag_op_data_load/13 store_ln50/22 "/>
</bind>
</comp>

<comp id="142" class="1004" name="grp_fu_142">
<pin_list>
<pin id="143" dir="0" index="0" bw="32" slack="0"/>
<pin id="144" dir="0" index="1" bw="32" slack="1"/>
<pin id="145" dir="1" index="2" bw="32" slack="1"/>
</pin_list>
<bind>
<opcode="fadd(9) fsub(11) " fcode="fadd"/>
<opset="sub/10 add1/12 add/15 add2/17 "/>
</bind>
</comp>

<comp id="146" class="1004" name="grp_fu_146">
<pin_list>
<pin id="147" dir="0" index="0" bw="32" slack="3"/>
<pin id="148" dir="0" index="1" bw="32" slack="1"/>
<pin id="149" dir="1" index="2" bw="32" slack="1"/>
</pin_list>
<bind>
<opcode="fmul(13) " fcode="fmul"/>
<opset="mul/5 mul1/6 mul2/7 mul3/8 "/>
</bind>
</comp>

<comp id="150" class="1005" name="reg_150">
<pin_list>
<pin id="151" dir="0" index="0" bw="32" slack="1"/>
<pin id="152" dir="1" index="1" bw="32" slack="1"/>
</pin_list>
<bind>
<opset="sub add "/>
</bind>
</comp>

<comp id="156" class="1005" name="reg_156">
<pin_list>
<pin id="157" dir="0" index="0" bw="32" slack="1"/>
<pin id="158" dir="1" index="1" bw="32" slack="1"/>
</pin_list>
<bind>
<opset="add1 add2 "/>
</bind>
</comp>

<comp id="162" class="1004" name="store_ln0_store_fu_162">
<pin_list>
<pin id="163" dir="0" index="0" bw="1" slack="0"/>
<pin id="164" dir="0" index="1" bw="21" slack="0"/>
<pin id="165" dir="1" index="2" bw="0" slack="2147483647"/>
</pin_list>
<bind>
<opcode="store(28) " fcode="store"/>
<opset="store_ln0/1 "/>
</bind>
</comp>

<comp id="167" class="1004" name="store_ln43_store_fu_167">
<pin_list>
<pin id="168" dir="0" index="0" bw="1" slack="0"/>
<pin id="169" dir="0" index="1" bw="11" slack="0"/>
<pin id="170" dir="1" index="2" bw="0" slack="2147483647"/>
</pin_list>
<bind>
<opcode="store(28) " fcode="store"/>
<opset="store_ln43/1 "/>
</bind>
</comp>

<comp id="172" class="1004" name="store_ln44_store_fu_172">
<pin_list>
<pin id="173" dir="0" index="0" bw="1" slack="0"/>
<pin id="174" dir="0" index="1" bw="11" slack="0"/>
<pin id="175" dir="1" index="2" bw="0" slack="2147483647"/>
</pin_list>
<bind>
<opcode="store(28) " fcode="store"/>
<opset="store_ln44/1 "/>
</bind>
</comp>

<comp id="177" class="1004" name="indvar_flatten_load_load_fu_177">
<pin_list>
<pin id="178" dir="0" index="0" bw="21" slack="0"/>
<pin id="179" dir="1" index="1" bw="21" slack="0"/>
</pin_list>
<bind>
<opcode="load(27) " fcode="load"/>
<opset="indvar_flatten_load/1 "/>
</bind>
</comp>

<comp id="180" class="1004" name="icmp_ln43_fu_180">
<pin_list>
<pin id="181" dir="0" index="0" bw="21" slack="0"/>
<pin id="182" dir="0" index="1" bw="21" slack="0"/>
<pin id="183" dir="1" index="2" bw="1" slack="1"/>
</pin_list>
<bind>
<opcode="icmp(45) " fcode="icmp"/>
<opset="icmp_ln43/1 "/>
</bind>
</comp>

<comp id="186" class="1004" name="add_ln43_fu_186">
<pin_list>
<pin id="187" dir="0" index="0" bw="21" slack="0"/>
<pin id="188" dir="0" index="1" bw="1" slack="0"/>
<pin id="189" dir="1" index="2" bw="21" slack="0"/>
</pin_list>
<bind>
<opcode="add(8) " fcode="add"/>
<opset="add_ln43/1 "/>
</bind>
</comp>

<comp id="192" class="1004" name="j_load_load_fu_192">
<pin_list>
<pin id="193" dir="0" index="0" bw="11" slack="0"/>
<pin id="194" dir="1" index="1" bw="11" slack="0"/>
</pin_list>
<bind>
<opcode="load(27) " fcode="load"/>
<opset="j_load/1 "/>
</bind>
</comp>

<comp id="195" class="1004" name="icmp_ln44_fu_195">
<pin_list>
<pin id="196" dir="0" index="0" bw="11" slack="0"/>
<pin id="197" dir="0" index="1" bw="11" slack="0"/>
<pin id="198" dir="1" index="2" bw="1" slack="0"/>
</pin_list>
<bind>
<opcode="icmp(45) " fcode="icmp"/>
<opset="icmp_ln44/1 "/>
</bind>
</comp>

<comp id="201" class="1004" name="select_ln43_fu_201">
<pin_list>
<pin id="202" dir="0" index="0" bw="1" slack="0"/>
<pin id="203" dir="0" index="1" bw="11" slack="0"/>
<pin id="204" dir="0" index="2" bw="11" slack="0"/>
<pin id="205" dir="1" index="3" bw="11" slack="0"/>
</pin_list>
<bind>
<opcode="select(49) " fcode="select"/>
<opset="select_ln43/1 "/>
</bind>
</comp>

<comp id="209" class="1004" name="first_iter_0_fu_209">
<pin_list>
<pin id="210" dir="0" index="0" bw="11" slack="0"/>
<pin id="211" dir="0" index="1" bw="11" slack="0"/>
<pin id="212" dir="1" index="2" bw="1" slack="12"/>
</pin_list>
<bind>
<opcode="icmp(45) " fcode="icmp"/>
<opset="first_iter_0/1 "/>
</bind>
</comp>

<comp id="215" class="1004" name="zext_ln44_fu_215">
<pin_list>
<pin id="216" dir="0" index="0" bw="11" slack="0"/>
<pin id="217" dir="1" index="1" bw="64" slack="0"/>
</pin_list>
<bind>
<opcode="zext(34) " fcode="zext"/>
<opset="zext_ln44/1 "/>
</bind>
</comp>

<comp id="221" class="1004" name="trunc_ln45_1_fu_221">
<pin_list>
<pin id="222" dir="0" index="0" bw="11" slack="0"/>
<pin id="223" dir="1" index="1" bw="10" slack="1"/>
</pin_list>
<bind>
<opcode="trunc(33) " fcode="trunc"/>
<opset="trunc_ln45_1/1 "/>
</bind>
</comp>

<comp id="225" class="1004" name="add_ln44_fu_225">
<pin_list>
<pin id="226" dir="0" index="0" bw="11" slack="0"/>
<pin id="227" dir="0" index="1" bw="1" slack="0"/>
<pin id="228" dir="1" index="2" bw="11" slack="0"/>
</pin_list>
<bind>
<opcode="add(8) " fcode="add"/>
<opset="add_ln44/1 "/>
</bind>
</comp>

<comp id="231" class="1004" name="icmp_ln44_1_fu_231">
<pin_list>
<pin id="232" dir="0" index="0" bw="11" slack="0"/>
<pin id="233" dir="0" index="1" bw="11" slack="0"/>
<pin id="234" dir="1" index="2" bw="1" slack="19"/>
</pin_list>
<bind>
<opcode="icmp(45) " fcode="icmp"/>
<opset="icmp_ln44_1/1 "/>
</bind>
</comp>

<comp id="237" class="1004" name="store_ln43_store_fu_237">
<pin_list>
<pin id="238" dir="0" index="0" bw="21" slack="0"/>
<pin id="239" dir="0" index="1" bw="21" slack="0"/>
<pin id="240" dir="1" index="2" bw="0" slack="2147483647"/>
</pin_list>
<bind>
<opcode="store(28) " fcode="store"/>
<opset="store_ln43/1 "/>
</bind>
</comp>

<comp id="242" class="1004" name="store_ln44_store_fu_242">
<pin_list>
<pin id="243" dir="0" index="0" bw="11" slack="0"/>
<pin id="244" dir="0" index="1" bw="11" slack="0"/>
<pin id="245" dir="1" index="2" bw="0" slack="2147483647"/>
</pin_list>
<bind>
<opcode="store(28) " fcode="store"/>
<opset="store_ln44/1 "/>
</bind>
</comp>

<comp id="247" class="1004" name="i_1_load_load_fu_247">
<pin_list>
<pin id="248" dir="0" index="0" bw="11" slack="1"/>
<pin id="249" dir="1" index="1" bw="11" slack="0"/>
</pin_list>
<bind>
<opcode="load(27) " fcode="load"/>
<opset="i_1_load/2 "/>
</bind>
</comp>

<comp id="250" class="1004" name="add_ln43_1_fu_250">
<pin_list>
<pin id="251" dir="0" index="0" bw="11" slack="0"/>
<pin id="252" dir="0" index="1" bw="1" slack="0"/>
<pin id="253" dir="1" index="2" bw="11" slack="0"/>
</pin_list>
<bind>
<opcode="add(8) " fcode="add"/>
<opset="add_ln43_1/2 "/>
</bind>
</comp>

<comp id="256" class="1004" name="select_ln43_1_fu_256">
<pin_list>
<pin id="257" dir="0" index="0" bw="1" slack="1"/>
<pin id="258" dir="0" index="1" bw="11" slack="0"/>
<pin id="259" dir="0" index="2" bw="11" slack="0"/>
<pin id="260" dir="1" index="3" bw="11" slack="0"/>
</pin_list>
<bind>
<opcode="select(49) " fcode="select"/>
<opset="select_ln43_1/2 "/>
</bind>
</comp>

<comp id="263" class="1004" name="trunc_ln45_fu_263">
<pin_list>
<pin id="264" dir="0" index="0" bw="11" slack="0"/>
<pin id="265" dir="1" index="1" bw="10" slack="0"/>
</pin_list>
<bind>
<opcode="trunc(33) " fcode="trunc"/>
<opset="trunc_ln45/2 "/>
</bind>
</comp>

<comp id="267" class="1004" name="index_fu_267">
<pin_list>
<pin id="268" dir="0" index="0" bw="10" slack="1"/>
<pin id="269" dir="0" index="1" bw="10" slack="0"/>
<pin id="270" dir="1" index="2" bw="10" slack="1"/>
</pin_list>
<bind>
<opcode="mul(12) " fcode="mul"/>
<opset="index/2 "/>
</bind>
</comp>

<comp id="272" class="1004" name="store_ln43_store_fu_272">
<pin_list>
<pin id="273" dir="0" index="0" bw="11" slack="0"/>
<pin id="274" dir="0" index="1" bw="11" slack="1"/>
<pin id="275" dir="1" index="2" bw="0" slack="2147483647"/>
</pin_list>
<bind>
<opcode="store(28) " fcode="store"/>
<opset="store_ln43/2 "/>
</bind>
</comp>

<comp id="277" class="1004" name="zext_ln46_fu_277">
<pin_list>
<pin id="278" dir="0" index="0" bw="10" slack="1"/>
<pin id="279" dir="1" index="1" bw="64" slack="0"/>
</pin_list>
<bind>
<opcode="zext(34) " fcode="zext"/>
<opset="zext_ln46/3 "/>
</bind>
</comp>

<comp id="282" class="1004" name="zext_ln43_fu_282">
<pin_list>
<pin id="283" dir="0" index="0" bw="11" slack="11"/>
<pin id="284" dir="1" index="1" bw="64" slack="0"/>
</pin_list>
<bind>
<opcode="zext(34) " fcode="zext"/>
<opset="zext_ln43/13 "/>
</bind>
</comp>

<comp id="287" class="1004" name="store_ln49_store_fu_287">
<pin_list>
<pin id="288" dir="0" index="0" bw="32" slack="0"/>
<pin id="289" dir="0" index="1" bw="32" slack="13"/>
<pin id="290" dir="1" index="2" bw="0" slack="2147483647"/>
</pin_list>
<bind>
<opcode="store(28) " fcode="store"/>
<opset="store_ln49/14 "/>
</bind>
</comp>

<comp id="292" class="1004" name="add193_load_load_fu_292">
<pin_list>
<pin id="293" dir="0" index="0" bw="32" slack="14"/>
<pin id="294" dir="1" index="1" bw="32" slack="0"/>
</pin_list>
<bind>
<opcode="load(27) " fcode="load"/>
<opset="add193_load/15 "/>
</bind>
</comp>

<comp id="296" class="1004" name="store_ln50_store_fu_296">
<pin_list>
<pin id="297" dir="0" index="0" bw="32" slack="2"/>
<pin id="298" dir="0" index="1" bw="32" slack="15"/>
<pin id="299" dir="1" index="2" bw="0" slack="2147483647"/>
</pin_list>
<bind>
<opcode="store(28) " fcode="store"/>
<opset="store_ln50/16 "/>
</bind>
</comp>

<comp id="300" class="1004" name="add39194_load_load_fu_300">
<pin_list>
<pin id="301" dir="0" index="0" bw="32" slack="16"/>
<pin id="302" dir="1" index="1" bw="32" slack="0"/>
</pin_list>
<bind>
<opcode="load(27) " fcode="load"/>
<opset="add39194_load/17 "/>
</bind>
</comp>

<comp id="304" class="1004" name="store_ln49_store_fu_304">
<pin_list>
<pin id="305" dir="0" index="0" bw="32" slack="1"/>
<pin id="306" dir="0" index="1" bw="32" slack="19"/>
<pin id="307" dir="1" index="2" bw="0" slack="2147483647"/>
</pin_list>
<bind>
<opcode="store(28) " fcode="store"/>
<opset="store_ln49/20 "/>
</bind>
</comp>

<comp id="309" class="1004" name="store_ln50_store_fu_309">
<pin_list>
<pin id="310" dir="0" index="0" bw="32" slack="1"/>
<pin id="311" dir="0" index="1" bw="32" slack="21"/>
<pin id="312" dir="1" index="2" bw="0" slack="2147483647"/>
</pin_list>
<bind>
<opcode="store(28) " fcode="store"/>
<opset="store_ln50/22 "/>
</bind>
</comp>

<comp id="314" class="1005" name="j_reg_314">
<pin_list>
<pin id="315" dir="0" index="0" bw="11" slack="0"/>
<pin id="316" dir="1" index="1" bw="11" slack="0"/>
</pin_list>
<bind>
<opset="j "/>
</bind>
</comp>

<comp id="321" class="1005" name="i_1_reg_321">
<pin_list>
<pin id="322" dir="0" index="0" bw="11" slack="0"/>
<pin id="323" dir="1" index="1" bw="11" slack="0"/>
</pin_list>
<bind>
<opset="i_1 "/>
</bind>
</comp>

<comp id="328" class="1005" name="indvar_flatten_reg_328">
<pin_list>
<pin id="329" dir="0" index="0" bw="21" slack="0"/>
<pin id="330" dir="1" index="1" bw="21" slack="0"/>
</pin_list>
<bind>
<opset="indvar_flatten "/>
</bind>
</comp>

<comp id="335" class="1005" name="add193_reg_335">
<pin_list>
<pin id="336" dir="0" index="0" bw="32" slack="13"/>
<pin id="337" dir="1" index="1" bw="32" slack="13"/>
</pin_list>
<bind>
<opset="add193 "/>
</bind>
</comp>

<comp id="342" class="1005" name="add39194_reg_342">
<pin_list>
<pin id="343" dir="0" index="0" bw="32" slack="15"/>
<pin id="344" dir="1" index="1" bw="32" slack="15"/>
</pin_list>
<bind>
<opset="add39194 "/>
</bind>
</comp>

<comp id="349" class="1005" name="icmp_ln43_reg_349">
<pin_list>
<pin id="350" dir="0" index="0" bw="1" slack="1"/>
<pin id="351" dir="1" index="1" bw="1" slack="2147483647"/>
</pin_list>
<bind>
<opset="icmp_ln43 "/>
</bind>
</comp>

<comp id="353" class="1005" name="icmp_ln44_reg_353">
<pin_list>
<pin id="354" dir="0" index="0" bw="1" slack="1"/>
<pin id="355" dir="1" index="1" bw="1" slack="1"/>
</pin_list>
<bind>
<opset="icmp_ln44 "/>
</bind>
</comp>

<comp id="358" class="1005" name="first_iter_0_reg_358">
<pin_list>
<pin id="359" dir="0" index="0" bw="1" slack="12"/>
<pin id="360" dir="1" index="1" bw="1" slack="2147483647"/>
</pin_list>
<bind>
<opset="first_iter_0 "/>
</bind>
</comp>

<comp id="362" class="1005" name="trunc_ln45_1_reg_362">
<pin_list>
<pin id="363" dir="0" index="0" bw="10" slack="1"/>
<pin id="364" dir="1" index="1" bw="10" slack="1"/>
</pin_list>
<bind>
<opset="trunc_ln45_1 "/>
</bind>
</comp>

<comp id="367" class="1005" name="real_sample_data_addr_reg_367">
<pin_list>
<pin id="368" dir="0" index="0" bw="10" slack="1"/>
<pin id="369" dir="1" index="1" bw="10" slack="1"/>
</pin_list>
<bind>
<opset="real_sample_data_addr "/>
</bind>
</comp>

<comp id="372" class="1005" name="imag_sample_data_addr_reg_372">
<pin_list>
<pin id="373" dir="0" index="0" bw="10" slack="1"/>
<pin id="374" dir="1" index="1" bw="10" slack="1"/>
</pin_list>
<bind>
<opset="imag_sample_data_addr "/>
</bind>
</comp>

<comp id="377" class="1005" name="icmp_ln44_1_reg_377">
<pin_list>
<pin id="378" dir="0" index="0" bw="1" slack="19"/>
<pin id="379" dir="1" index="1" bw="1" slack="2147483647"/>
</pin_list>
<bind>
<opset="icmp_ln44_1 "/>
</bind>
</comp>

<comp id="381" class="1005" name="select_ln43_1_reg_381">
<pin_list>
<pin id="382" dir="0" index="0" bw="11" slack="11"/>
<pin id="383" dir="1" index="1" bw="11" slack="11"/>
</pin_list>
<bind>
<opset="select_ln43_1 "/>
</bind>
</comp>

<comp id="386" class="1005" name="index_reg_386">
<pin_list>
<pin id="387" dir="0" index="0" bw="10" slack="1"/>
<pin id="388" dir="1" index="1" bw="10" slack="1"/>
</pin_list>
<bind>
<opset="index "/>
</bind>
</comp>

<comp id="391" class="1005" name="real_sample_data_load_reg_391">
<pin_list>
<pin id="392" dir="0" index="0" bw="32" slack="3"/>
<pin id="393" dir="1" index="1" bw="32" slack="3"/>
</pin_list>
<bind>
<opset="real_sample_data_load "/>
</bind>
</comp>

<comp id="396" class="1005" name="imag_sample_data_load_reg_396">
<pin_list>
<pin id="397" dir="0" index="0" bw="32" slack="4"/>
<pin id="398" dir="1" index="1" bw="32" slack="4"/>
</pin_list>
<bind>
<opset="imag_sample_data_load "/>
</bind>
</comp>

<comp id="401" class="1005" name="cos_coefficients_table_addr_reg_401">
<pin_list>
<pin id="402" dir="0" index="0" bw="10" slack="1"/>
<pin id="403" dir="1" index="1" bw="10" slack="1"/>
</pin_list>
<bind>
<opset="cos_coefficients_table_addr "/>
</bind>
</comp>

<comp id="406" class="1005" name="sin_coefficients_table_addr_reg_406">
<pin_list>
<pin id="407" dir="0" index="0" bw="10" slack="1"/>
<pin id="408" dir="1" index="1" bw="10" slack="1"/>
</pin_list>
<bind>
<opset="sin_coefficients_table_addr "/>
</bind>
</comp>

<comp id="411" class="1005" name="c_reg_411">
<pin_list>
<pin id="412" dir="0" index="0" bw="32" slack="1"/>
<pin id="413" dir="1" index="1" bw="32" slack="1"/>
</pin_list>
<bind>
<opset="c "/>
</bind>
</comp>

<comp id="416" class="1005" name="s_reg_416">
<pin_list>
<pin id="417" dir="0" index="0" bw="32" slack="2"/>
<pin id="418" dir="1" index="1" bw="32" slack="2"/>
</pin_list>
<bind>
<opset="s "/>
</bind>
</comp>

<comp id="421" class="1005" name="mul_reg_421">
<pin_list>
<pin id="422" dir="0" index="0" bw="32" slack="2"/>
<pin id="423" dir="1" index="1" bw="32" slack="2"/>
</pin_list>
<bind>
<opset="mul "/>
</bind>
</comp>

<comp id="426" class="1005" name="mul1_reg_426">
<pin_list>
<pin id="427" dir="0" index="0" bw="32" slack="1"/>
<pin id="428" dir="1" index="1" bw="32" slack="1"/>
</pin_list>
<bind>
<opset="mul1 "/>
</bind>
</comp>

<comp id="431" class="1005" name="mul2_reg_431">
<pin_list>
<pin id="432" dir="0" index="0" bw="32" slack="2"/>
<pin id="433" dir="1" index="1" bw="32" slack="2"/>
</pin_list>
<bind>
<opset="mul2 "/>
</bind>
</comp>

<comp id="436" class="1005" name="mul3_reg_436">
<pin_list>
<pin id="437" dir="0" index="0" bw="32" slack="1"/>
<pin id="438" dir="1" index="1" bw="32" slack="1"/>
</pin_list>
<bind>
<opset="mul3 "/>
</bind>
</comp>

<comp id="441" class="1005" name="real_op_data_addr_reg_441">
<pin_list>
<pin id="442" dir="0" index="0" bw="10" slack="1"/>
<pin id="443" dir="1" index="1" bw="10" slack="1"/>
</pin_list>
<bind>
<opset="real_op_data_addr "/>
</bind>
</comp>

<comp id="446" class="1005" name="imag_op_data_addr_reg_446">
<pin_list>
<pin id="447" dir="0" index="0" bw="10" slack="1"/>
<pin id="448" dir="1" index="1" bw="10" slack="1"/>
</pin_list>
<bind>
<opset="imag_op_data_addr "/>
</bind>
</comp>

<comp id="451" class="1005" name="imag_op_data_load_reg_451">
<pin_list>
<pin id="452" dir="0" index="0" bw="32" slack="2"/>
<pin id="453" dir="1" index="1" bw="32" slack="2"/>
</pin_list>
<bind>
<opset="imag_op_data_load "/>
</bind>
</comp>

<comp id="456" class="1005" name="add193_load_reg_456">
<pin_list>
<pin id="457" dir="0" index="0" bw="32" slack="1"/>
<pin id="458" dir="1" index="1" bw="32" slack="1"/>
</pin_list>
<bind>
<opset="add193_load "/>
</bind>
</comp>

<comp id="461" class="1005" name="add39194_load_reg_461">
<pin_list>
<pin id="462" dir="0" index="0" bw="32" slack="1"/>
<pin id="463" dir="1" index="1" bw="32" slack="1"/>
</pin_list>
<bind>
<opset="add39194_load "/>
</bind>
</comp>

</comp_list>

<net_list>
<net id="47"><net_src comp="12" pin="0"/><net_sink comp="44" pin=0"/></net>

<net id="51"><net_src comp="12" pin="0"/><net_sink comp="48" pin=0"/></net>

<net id="55"><net_src comp="12" pin="0"/><net_sink comp="52" pin=0"/></net>

<net id="59"><net_src comp="12" pin="0"/><net_sink comp="56" pin=0"/></net>

<net id="63"><net_src comp="12" pin="0"/><net_sink comp="60" pin=0"/></net>

<net id="69"><net_src comp="0" pin="0"/><net_sink comp="64" pin=0"/></net>

<net id="70"><net_src comp="24" pin="0"/><net_sink comp="64" pin=1"/></net>

<net id="76"><net_src comp="64" pin="3"/><net_sink comp="71" pin=0"/></net>

<net id="82"><net_src comp="2" pin="0"/><net_sink comp="77" pin=0"/></net>

<net id="83"><net_src comp="24" pin="0"/><net_sink comp="77" pin=1"/></net>

<net id="89"><net_src comp="77" pin="3"/><net_sink comp="84" pin=0"/></net>

<net id="95"><net_src comp="8" pin="0"/><net_sink comp="90" pin=0"/></net>

<net id="96"><net_src comp="24" pin="0"/><net_sink comp="90" pin=1"/></net>

<net id="102"><net_src comp="90" pin="3"/><net_sink comp="97" pin=0"/></net>

<net id="108"><net_src comp="10" pin="0"/><net_sink comp="103" pin=0"/></net>

<net id="109"><net_src comp="24" pin="0"/><net_sink comp="103" pin=1"/></net>

<net id="115"><net_src comp="103" pin="3"/><net_sink comp="110" pin=0"/></net>

<net id="121"><net_src comp="4" pin="0"/><net_sink comp="116" pin=0"/></net>

<net id="122"><net_src comp="24" pin="0"/><net_sink comp="116" pin=1"/></net>

<net id="128"><net_src comp="6" pin="0"/><net_sink comp="123" pin=0"/></net>

<net id="129"><net_src comp="24" pin="0"/><net_sink comp="123" pin=1"/></net>

<net id="135"><net_src comp="116" pin="3"/><net_sink comp="130" pin=0"/></net>

<net id="141"><net_src comp="123" pin="3"/><net_sink comp="136" pin=0"/></net>

<net id="153"><net_src comp="142" pin="2"/><net_sink comp="150" pin=0"/></net>

<net id="154"><net_src comp="150" pin="1"/><net_sink comp="142" pin=1"/></net>

<net id="155"><net_src comp="150" pin="1"/><net_sink comp="130" pin=1"/></net>

<net id="159"><net_src comp="142" pin="2"/><net_sink comp="156" pin=0"/></net>

<net id="160"><net_src comp="156" pin="1"/><net_sink comp="142" pin=1"/></net>

<net id="161"><net_src comp="156" pin="1"/><net_sink comp="136" pin=1"/></net>

<net id="166"><net_src comp="14" pin="0"/><net_sink comp="162" pin=0"/></net>

<net id="171"><net_src comp="16" pin="0"/><net_sink comp="167" pin=0"/></net>

<net id="176"><net_src comp="16" pin="0"/><net_sink comp="172" pin=0"/></net>

<net id="184"><net_src comp="177" pin="1"/><net_sink comp="180" pin=0"/></net>

<net id="185"><net_src comp="18" pin="0"/><net_sink comp="180" pin=1"/></net>

<net id="190"><net_src comp="177" pin="1"/><net_sink comp="186" pin=0"/></net>

<net id="191"><net_src comp="20" pin="0"/><net_sink comp="186" pin=1"/></net>

<net id="199"><net_src comp="192" pin="1"/><net_sink comp="195" pin=0"/></net>

<net id="200"><net_src comp="22" pin="0"/><net_sink comp="195" pin=1"/></net>

<net id="206"><net_src comp="195" pin="2"/><net_sink comp="201" pin=0"/></net>

<net id="207"><net_src comp="16" pin="0"/><net_sink comp="201" pin=1"/></net>

<net id="208"><net_src comp="192" pin="1"/><net_sink comp="201" pin=2"/></net>

<net id="213"><net_src comp="201" pin="3"/><net_sink comp="209" pin=0"/></net>

<net id="214"><net_src comp="16" pin="0"/><net_sink comp="209" pin=1"/></net>

<net id="218"><net_src comp="201" pin="3"/><net_sink comp="215" pin=0"/></net>

<net id="219"><net_src comp="215" pin="1"/><net_sink comp="64" pin=2"/></net>

<net id="220"><net_src comp="215" pin="1"/><net_sink comp="77" pin=2"/></net>

<net id="224"><net_src comp="201" pin="3"/><net_sink comp="221" pin=0"/></net>

<net id="229"><net_src comp="201" pin="3"/><net_sink comp="225" pin=0"/></net>

<net id="230"><net_src comp="26" pin="0"/><net_sink comp="225" pin=1"/></net>

<net id="235"><net_src comp="225" pin="2"/><net_sink comp="231" pin=0"/></net>

<net id="236"><net_src comp="22" pin="0"/><net_sink comp="231" pin=1"/></net>

<net id="241"><net_src comp="186" pin="2"/><net_sink comp="237" pin=0"/></net>

<net id="246"><net_src comp="225" pin="2"/><net_sink comp="242" pin=0"/></net>

<net id="254"><net_src comp="247" pin="1"/><net_sink comp="250" pin=0"/></net>

<net id="255"><net_src comp="26" pin="0"/><net_sink comp="250" pin=1"/></net>

<net id="261"><net_src comp="250" pin="2"/><net_sink comp="256" pin=1"/></net>

<net id="262"><net_src comp="247" pin="1"/><net_sink comp="256" pin=2"/></net>

<net id="266"><net_src comp="256" pin="3"/><net_sink comp="263" pin=0"/></net>

<net id="271"><net_src comp="263" pin="1"/><net_sink comp="267" pin=1"/></net>

<net id="276"><net_src comp="256" pin="3"/><net_sink comp="272" pin=0"/></net>

<net id="280"><net_src comp="277" pin="1"/><net_sink comp="90" pin=2"/></net>

<net id="281"><net_src comp="277" pin="1"/><net_sink comp="103" pin=2"/></net>

<net id="285"><net_src comp="282" pin="1"/><net_sink comp="116" pin=2"/></net>

<net id="286"><net_src comp="282" pin="1"/><net_sink comp="123" pin=2"/></net>

<net id="291"><net_src comp="130" pin="3"/><net_sink comp="287" pin=0"/></net>

<net id="295"><net_src comp="292" pin="1"/><net_sink comp="142" pin=0"/></net>

<net id="303"><net_src comp="300" pin="1"/><net_sink comp="142" pin=0"/></net>

<net id="308"><net_src comp="150" pin="1"/><net_sink comp="304" pin=0"/></net>

<net id="313"><net_src comp="156" pin="1"/><net_sink comp="309" pin=0"/></net>

<net id="317"><net_src comp="44" pin="1"/><net_sink comp="314" pin=0"/></net>

<net id="318"><net_src comp="314" pin="1"/><net_sink comp="172" pin=1"/></net>

<net id="319"><net_src comp="314" pin="1"/><net_sink comp="192" pin=0"/></net>

<net id="320"><net_src comp="314" pin="1"/><net_sink comp="242" pin=1"/></net>

<net id="324"><net_src comp="48" pin="1"/><net_sink comp="321" pin=0"/></net>

<net id="325"><net_src comp="321" pin="1"/><net_sink comp="167" pin=1"/></net>

<net id="326"><net_src comp="321" pin="1"/><net_sink comp="247" pin=0"/></net>

<net id="327"><net_src comp="321" pin="1"/><net_sink comp="272" pin=1"/></net>

<net id="331"><net_src comp="52" pin="1"/><net_sink comp="328" pin=0"/></net>

<net id="332"><net_src comp="328" pin="1"/><net_sink comp="162" pin=1"/></net>

<net id="333"><net_src comp="328" pin="1"/><net_sink comp="177" pin=0"/></net>

<net id="334"><net_src comp="328" pin="1"/><net_sink comp="237" pin=1"/></net>

<net id="338"><net_src comp="56" pin="1"/><net_sink comp="335" pin=0"/></net>

<net id="339"><net_src comp="335" pin="1"/><net_sink comp="287" pin=1"/></net>

<net id="340"><net_src comp="335" pin="1"/><net_sink comp="292" pin=0"/></net>

<net id="341"><net_src comp="335" pin="1"/><net_sink comp="304" pin=1"/></net>

<net id="345"><net_src comp="60" pin="1"/><net_sink comp="342" pin=0"/></net>

<net id="346"><net_src comp="342" pin="1"/><net_sink comp="296" pin=1"/></net>

<net id="347"><net_src comp="342" pin="1"/><net_sink comp="300" pin=0"/></net>

<net id="348"><net_src comp="342" pin="1"/><net_sink comp="309" pin=1"/></net>

<net id="352"><net_src comp="180" pin="2"/><net_sink comp="349" pin=0"/></net>

<net id="356"><net_src comp="195" pin="2"/><net_sink comp="353" pin=0"/></net>

<net id="357"><net_src comp="353" pin="1"/><net_sink comp="256" pin=0"/></net>

<net id="361"><net_src comp="209" pin="2"/><net_sink comp="358" pin=0"/></net>

<net id="365"><net_src comp="221" pin="1"/><net_sink comp="362" pin=0"/></net>

<net id="366"><net_src comp="362" pin="1"/><net_sink comp="267" pin=0"/></net>

<net id="370"><net_src comp="64" pin="3"/><net_sink comp="367" pin=0"/></net>

<net id="371"><net_src comp="367" pin="1"/><net_sink comp="71" pin=0"/></net>

<net id="375"><net_src comp="77" pin="3"/><net_sink comp="372" pin=0"/></net>

<net id="376"><net_src comp="372" pin="1"/><net_sink comp="84" pin=0"/></net>

<net id="380"><net_src comp="231" pin="2"/><net_sink comp="377" pin=0"/></net>

<net id="384"><net_src comp="256" pin="3"/><net_sink comp="381" pin=0"/></net>

<net id="385"><net_src comp="381" pin="1"/><net_sink comp="282" pin=0"/></net>

<net id="389"><net_src comp="267" pin="2"/><net_sink comp="386" pin=0"/></net>

<net id="390"><net_src comp="386" pin="1"/><net_sink comp="277" pin=0"/></net>

<net id="394"><net_src comp="71" pin="3"/><net_sink comp="391" pin=0"/></net>

<net id="395"><net_src comp="391" pin="1"/><net_sink comp="146" pin=0"/></net>

<net id="399"><net_src comp="84" pin="3"/><net_sink comp="396" pin=0"/></net>

<net id="400"><net_src comp="396" pin="1"/><net_sink comp="146" pin=0"/></net>

<net id="404"><net_src comp="90" pin="3"/><net_sink comp="401" pin=0"/></net>

<net id="405"><net_src comp="401" pin="1"/><net_sink comp="97" pin=0"/></net>

<net id="409"><net_src comp="103" pin="3"/><net_sink comp="406" pin=0"/></net>

<net id="410"><net_src comp="406" pin="1"/><net_sink comp="110" pin=0"/></net>

<net id="414"><net_src comp="97" pin="3"/><net_sink comp="411" pin=0"/></net>

<net id="415"><net_src comp="411" pin="1"/><net_sink comp="146" pin=1"/></net>

<net id="419"><net_src comp="110" pin="3"/><net_sink comp="416" pin=0"/></net>

<net id="420"><net_src comp="416" pin="1"/><net_sink comp="146" pin=1"/></net>

<net id="424"><net_src comp="146" pin="2"/><net_sink comp="421" pin=0"/></net>

<net id="425"><net_src comp="421" pin="1"/><net_sink comp="142" pin=0"/></net>

<net id="429"><net_src comp="146" pin="2"/><net_sink comp="426" pin=0"/></net>

<net id="430"><net_src comp="426" pin="1"/><net_sink comp="142" pin=1"/></net>

<net id="434"><net_src comp="146" pin="2"/><net_sink comp="431" pin=0"/></net>

<net id="435"><net_src comp="431" pin="1"/><net_sink comp="142" pin=0"/></net>

<net id="439"><net_src comp="146" pin="2"/><net_sink comp="436" pin=0"/></net>

<net id="440"><net_src comp="436" pin="1"/><net_sink comp="142" pin=1"/></net>

<net id="444"><net_src comp="116" pin="3"/><net_sink comp="441" pin=0"/></net>

<net id="445"><net_src comp="441" pin="1"/><net_sink comp="130" pin=0"/></net>

<net id="449"><net_src comp="123" pin="3"/><net_sink comp="446" pin=0"/></net>

<net id="450"><net_src comp="446" pin="1"/><net_sink comp="136" pin=0"/></net>

<net id="454"><net_src comp="136" pin="3"/><net_sink comp="451" pin=0"/></net>

<net id="455"><net_src comp="451" pin="1"/><net_sink comp="296" pin=0"/></net>

<net id="459"><net_src comp="292" pin="1"/><net_sink comp="456" pin=0"/></net>

<net id="460"><net_src comp="456" pin="1"/><net_sink comp="142" pin=0"/></net>

<net id="464"><net_src comp="300" pin="1"/><net_sink comp="461" pin=0"/></net>

<net id="465"><net_src comp="461" pin="1"/><net_sink comp="142" pin=0"/></net>

</net_list>

</model> 
---------------- Datapath Model END ------------------

* FSMD analyzer results:
  - Output states:
	Port: real_op_data | {20 }
	Port: imag_op_data | {22 }
	Port: cos_coefficients_table | {}
	Port: sin_coefficients_table | {}
 - Input state : 
	Port: dft_Pipeline_VITIS_LOOP_43_2_VITIS_LOOP_44_3 : real_sample_data | {1 2 }
	Port: dft_Pipeline_VITIS_LOOP_43_2_VITIS_LOOP_44_3 : imag_sample_data | {1 2 }
	Port: dft_Pipeline_VITIS_LOOP_43_2_VITIS_LOOP_44_3 : real_op_data | {13 14 }
	Port: dft_Pipeline_VITIS_LOOP_43_2_VITIS_LOOP_44_3 : imag_op_data | {13 14 }
	Port: dft_Pipeline_VITIS_LOOP_43_2_VITIS_LOOP_44_3 : cos_coefficients_table | {3 4 }
	Port: dft_Pipeline_VITIS_LOOP_43_2_VITIS_LOOP_44_3 : sin_coefficients_table | {3 4 }
  - Chain level:
	State 1
		store_ln0 : 1
		store_ln43 : 1
		store_ln44 : 1
		indvar_flatten_load : 1
		icmp_ln43 : 2
		add_ln43 : 2
		br_ln43 : 3
		j_load : 1
		icmp_ln44 : 2
		select_ln43 : 3
		first_iter_0 : 4
		br_ln44 : 5
		zext_ln44 : 4
		trunc_ln45_1 : 4
		real_sample_data_addr : 5
		real_sample_data_load : 6
		imag_sample_data_addr : 5
		imag_sample_data_load : 6
		add_ln44 : 4
		icmp_ln44_1 : 5
		br_ln44 : 6
		store_ln43 : 3
		store_ln44 : 5
	State 2
		add_ln43_1 : 1
		select_ln43_1 : 2
		trunc_ln45 : 3
		index : 4
		store_ln43 : 3
	State 3
		cos_coefficients_table_addr : 1
		c : 2
		sin_coefficients_table_addr : 1
		s : 2
	State 4
	State 5
	State 6
	State 7
	State 8
	State 9
	State 10
	State 11
	State 12
	State 13
		real_op_data_addr : 1
		imag_op_data_addr : 1
		real_op_data_load : 2
		imag_op_data_load : 2
	State 14
		store_ln49 : 1
	State 15
		add : 1
	State 16
	State 17
		add2 : 1
	State 18
	State 19
	State 20
	State 21
	State 22


============================================================
+ Verbose Summary: Datapath Resource usage 
============================================================

* Functional unit list:
|----------|----------------------|---------|---------|---------|
| Operation|    Functional Unit   |   DSP   |    FF   |   LUT   |
|----------|----------------------|---------|---------|---------|
|   fadd   |      grp_fu_142      |    2    |   205   |   390   |
|----------|----------------------|---------|---------|---------|
|   fmul   |      grp_fu_146      |    3    |   143   |   321   |
|----------|----------------------|---------|---------|---------|
|          |   icmp_ln43_fu_180   |    0    |    0    |    28   |
|   icmp   |   icmp_ln44_fu_195   |    0    |    0    |    12   |
|          |  first_iter_0_fu_209 |    0    |    0    |    12   |
|          |  icmp_ln44_1_fu_231  |    0    |    0    |    12   |
|----------|----------------------|---------|---------|---------|
|    mul   |     index_fu_267     |    0    |    0    |    63   |
|----------|----------------------|---------|---------|---------|
|          |    add_ln43_fu_186   |    0    |    0    |    28   |
|    add   |    add_ln44_fu_225   |    0    |    0    |    12   |
|          |   add_ln43_1_fu_250  |    0    |    0    |    12   |
|----------|----------------------|---------|---------|---------|
|  select  |  select_ln43_fu_201  |    0    |    0    |    11   |
|          | select_ln43_1_fu_256 |    0    |    0    |    11   |
|----------|----------------------|---------|---------|---------|
|          |   zext_ln44_fu_215   |    0    |    0    |    0    |
|   zext   |   zext_ln46_fu_277   |    0    |    0    |    0    |
|          |   zext_ln43_fu_282   |    0    |    0    |    0    |
|----------|----------------------|---------|---------|---------|
|   trunc  |  trunc_ln45_1_fu_221 |    0    |    0    |    0    |
|          |   trunc_ln45_fu_263  |    0    |    0    |    0    |
|----------|----------------------|---------|---------|---------|
|   Total  |                      |    5    |   348   |   912   |
|----------|----------------------|---------|---------|---------|

Memories:
N/A

* Register list:
+-----------------------------------+--------+
|                                   |   FF   |
+-----------------------------------+--------+
|        add193_load_reg_456        |   32   |
|           add193_reg_335          |   32   |
|       add39194_load_reg_461       |   32   |
|          add39194_reg_342         |   32   |
|             c_reg_411             |   32   |
|cos_coefficients_table_addr_reg_401|   10   |
|        first_iter_0_reg_358       |    1   |
|            i_1_reg_321            |   11   |
|         icmp_ln43_reg_349         |    1   |
|        icmp_ln44_1_reg_377        |    1   |
|         icmp_ln44_reg_353         |    1   |
|     imag_op_data_addr_reg_446     |   10   |
|     imag_op_data_load_reg_451     |   32   |
|   imag_sample_data_addr_reg_372   |   10   |
|   imag_sample_data_load_reg_396   |   32   |
|           index_reg_386           |   10   |
|       indvar_flatten_reg_328      |   21   |
|             j_reg_314             |   11   |
|            mul1_reg_426           |   32   |
|            mul2_reg_431           |   32   |
|            mul3_reg_436           |   32   |
|            mul_reg_421            |   32   |
|     real_op_data_addr_reg_441     |   10   |
|   real_sample_data_addr_reg_367   |   10   |
|   real_sample_data_load_reg_391   |   32   |
|              reg_150              |   32   |
|              reg_156              |   32   |
|             s_reg_416             |   32   |
|       select_ln43_1_reg_381       |   11   |
|sin_coefficients_table_addr_reg_406|   10   |
|        trunc_ln45_1_reg_362       |   10   |
+-----------------------------------+--------+
|               Total               |   618  |
+-----------------------------------+--------+

* Multiplexer (MUX) list: 
|-------------------|------|------|------|--------||---------||---------||---------|
|        Comp       |  Pin | Size |  BW  | S x BW ||  Delay  ||    FF   ||   LUT   |
|-------------------|------|------|------|--------||---------||---------||---------|
|  grp_access_fu_71 |  p0  |   2  |  10  |   20   ||    0    ||    9    |
|  grp_access_fu_84 |  p0  |   2  |  10  |   20   ||    0    ||    9    |
|  grp_access_fu_97 |  p0  |   2  |  10  |   20   ||    0    ||    9    |
| grp_access_fu_110 |  p0  |   2  |  10  |   20   ||    0    ||    9    |
| grp_access_fu_130 |  p0  |   2  |  10  |   20   ||    0    ||    9    |
| grp_access_fu_136 |  p0  |   2  |  10  |   20   ||    0    ||    9    |
|     grp_fu_142    |  p0  |   6  |  32  |   192  ||    0    ||    31   |
|     grp_fu_142    |  p1  |   4  |  32  |   128  ||    0    ||    20   |
|     grp_fu_146    |  p0  |   2  |  32  |   64   ||    0    ||    9    |
|     grp_fu_146    |  p1  |   2  |  32  |   64   ||    0    ||    9    |
|-------------------|------|------|------|--------||---------||---------||---------|
|       Total       |      |      |      |   568  || 16.5958 ||    0    ||   123   |
|-------------------|------|------|------|--------||---------||---------||---------|



* Summary:
+-----------+--------+--------+--------+--------+
|           |   DSP  |  Delay |   FF   |   LUT  |
+-----------+--------+--------+--------+--------+
|  Function |    5   |    -   |   348  |   912  |
|   Memory  |    -   |    -   |    -   |    -   |
|Multiplexer|    -   |   16   |    0   |   123  |
|  Register |    -   |    -   |   618  |    -   |
+-----------+--------+--------+--------+--------+
|   Total   |    5   |   16   |   966  |  1035  |
+-----------+--------+--------+--------+--------+
