

================================================================
== Vitis HLS Report for 'dft_Pipeline_VITIS_LOOP_67_4'
================================================================
* Date:           Sun Nov  9 02:12:21 2025

* Version:        2024.2 (Build 5238294 on Nov  8 2024)
* Project:        dft.comp
* Solution:       hls (Vivado IP Flow Target)
* Product family: zynq
* Target device:  xc7z020-clg400-1


================================================================
== Performance Estimates
================================================================
+ Timing: 
    * Summary: 
    +--------+----------+----------+------------+
    |  Clock |  Target  | Estimated| Uncertainty|
    +--------+----------+----------+------------+
    |ap_clk  |  10.00 ns|  4.842 ns|     2.70 ns|
    +--------+----------+----------+------------+

+ Latency: 
    * Summary: 
    +---------+---------+-----------+-----------+------+------+------------------------------------------------+
    |  Latency (cycles) |   Latency (absolute)  |   Interval  |                    Pipeline                    |
    |   min   |   max   |    min    |    max    |  min |  max |                      Type                      |
    +---------+---------+-----------+-----------+------+------+------------------------------------------------+
    |     1026|     1026|  10.260 us|  10.260 us|  1025|  1025|  loop auto-rewind stp (delay=0 clock cycles(s))|
    +---------+---------+-----------+-----------+------+------+------------------------------------------------+

    + Detail: 
        * Instance: 
        N/A

        * Loop: 
        +-------------------+---------+---------+----------+-----------+-----------+------+----------+
        |                   |  Latency (cycles) | Iteration|  Initiation Interval  | Trip |          |
        |     Loop Name     |   min   |   max   |  Latency |  achieved |   target  | Count| Pipelined|
        +-------------------+---------+---------+----------+-----------+-----------+------+----------+
        |- VITIS_LOOP_67_4  |     1024|     1024|         2|          1|          1|  1024|       yes|
        +-------------------+---------+---------+----------+-----------+-----------+------+----------+

============================================================
+ Verbose Summary: Synthesis Manager
============================================================
InlineROM: 1
ExposeGlobal: 0
============================================================
+ Verbose Summary: CDFG Model
============================================================
IsTopModel: 0
ResetActiveHigh: 1
IsCombinational: 0
IsDatapathOnly: 0
HasWiredReturn: 1
HasMFsm: 2
HasVarLatency: 1
IsPipeline: 0
IsRtlPipelined: 0
IsInstanceOverlapped: 0
IsDontTouch: 0
HasImplIP: 0
IsGatedGlobalClock: 0

+ Individual pipeline summary: 
  * Pipeline-0: initiation interval (II) = 1, depth = 2


============================================================
+ Verbose Summary: Schedule
============================================================
* Number of FSM states : 2
* Pipeline : 1
  Pipeline-0 : II = 1, D = 2, States = { 1 2 }
* Dataflow Pipeline: 0

* FSM state transitions: 
1 --> 2 
2 --> 

* FSM state operations: 

State 1 <SV = 0> <Delay = 4.84>
ST_1 : Operation 5 [1/1] (0.00ns)   --->   "%i = alloca i32 1" [dft.cpp:67]   --->   Operation 5 'alloca' 'i' <Predicate = true> <Delay = 0.00>
ST_1 : Operation 6 [1/1] (0.00ns)   --->   "%specaxissidechannel_ln0 = specaxissidechannel void @_ssdm_op_SpecAXISSideChannel, i32 %real_op_V_data_V, i4 %real_op_V_keep_V, i4 %real_op_V_strb_V, i1 0, i1 %real_op_V_last_V, i1 0, i1 0, void @empty_4"   --->   Operation 6 'specaxissidechannel' 'specaxissidechannel_ln0' <Predicate = true> <Delay = 0.00>
ST_1 : Operation 7 [1/1] (0.00ns)   --->   "%specaxissidechannel_ln0 = specaxissidechannel void @_ssdm_op_SpecAXISSideChannel, i32 %imag_op_V_data_V, i4 %imag_op_V_keep_V, i4 %imag_op_V_strb_V, i1 0, i1 %imag_op_V_last_V, i1 0, i1 0, void @empty_3"   --->   Operation 7 'specaxissidechannel' 'specaxissidechannel_ln0' <Predicate = true> <Delay = 0.00>
ST_1 : Operation 8 [1/1] (0.00ns)   --->   "%specinterface_ln0 = specinterface void @_ssdm_op_SpecInterface, i1 %imag_op_V_last_V, i4 %imag_op_V_strb_V, i4 %imag_op_V_keep_V, i32 %imag_op_V_data_V, void @empty_9, i32 0, i32 0, void @empty_8, i32 0, i32 0, void @empty_7, void @empty_7, void @empty_7, i32 0, i32 0, i32 0, i32 0, void @empty_7, void @empty_7, i32 4294967295, i32 0, i32 0"   --->   Operation 8 'specinterface' 'specinterface_ln0' <Predicate = true> <Delay = 0.00>
ST_1 : Operation 9 [1/1] (0.00ns)   --->   "%specinterface_ln0 = specinterface void @_ssdm_op_SpecInterface, i1 %real_op_V_last_V, i4 %real_op_V_strb_V, i4 %real_op_V_keep_V, i32 %real_op_V_data_V, void @empty_9, i32 0, i32 0, void @empty_8, i32 0, i32 0, void @empty_7, void @empty_7, void @empty_7, i32 0, i32 0, i32 0, i32 0, void @empty_7, void @empty_7, i32 4294967295, i32 0, i32 0"   --->   Operation 9 'specinterface' 'specinterface_ln0' <Predicate = true> <Delay = 0.00>
ST_1 : Operation 10 [1/1] (1.58ns)   --->   "%store_ln67 = store i11 0, i11 %i" [dft.cpp:67]   --->   Operation 10 'store' 'store_ln67' <Predicate = true> <Delay = 1.58>
ST_1 : Operation 11 [1/1] (0.00ns)   --->   "%br_ln67 = br void %for.body50" [dft.cpp:67]   --->   Operation 11 'br' 'br_ln67' <Predicate = true> <Delay = 0.00>
ST_1 : Operation 12 [1/1] (0.00ns)   --->   "%i_1 = load i11 %i" [dft.cpp:67]   --->   Operation 12 'load' 'i_1' <Predicate = true> <Delay = 0.00>
ST_1 : Operation 13 [1/1] (1.63ns)   --->   "%icmp_ln67 = icmp_eq  i11 %i_1, i11 1024" [dft.cpp:67]   --->   Operation 13 'icmp' 'icmp_ln67' <Predicate = true> <Delay = 1.63> <CoreInst = "Cmp">   --->   Core 9 'Cmp' <Latency = 0> <II = 1> <Delay = 1.63> <FuncUnit> <Opcode : 'seteq' 'setne' 'setle' 'setge' 'setlt' 'setgt'> <InPorts = 2> <OutPorts = 1>
ST_1 : Operation 14 [1/1] (1.63ns)   --->   "%add_ln67 = add i11 %i_1, i11 1" [dft.cpp:67]   --->   Operation 14 'add' 'add_ln67' <Predicate = true> <Delay = 1.63> <CoreInst = "Adder">   --->   Core 1 'Adder' <Latency = 0> <II = 1> <Delay = 1.63> <FuncUnit> <Opcode : 'add' 'sub'> <InPorts = 2> <OutPorts = 1>
ST_1 : Operation 15 [1/1] (0.00ns)   --->   "%br_ln67 = br i1 %icmp_ln67, void %for.body50.split, void %for.end70.exitStub" [dft.cpp:67]   --->   Operation 15 'br' 'br_ln67' <Predicate = true> <Delay = 0.00>
ST_1 : Operation 16 [1/1] (0.00ns)   --->   "%zext_ln67 = zext i11 %i_1" [dft.cpp:67]   --->   Operation 16 'zext' 'zext_ln67' <Predicate = (!icmp_ln67)> <Delay = 0.00>
ST_1 : Operation 17 [1/1] (0.00ns)   --->   "%real_op_data_addr = getelementptr i32 %real_op_data, i64 0, i64 %zext_ln67" [dft.cpp:69]   --->   Operation 17 'getelementptr' 'real_op_data_addr' <Predicate = (!icmp_ln67)> <Delay = 0.00>
ST_1 : Operation 18 [2/2] (3.25ns)   --->   "%real_op_pkt_data = load i10 %real_op_data_addr" [dft.cpp:69]   --->   Operation 18 'load' 'real_op_pkt_data' <Predicate = (!icmp_ln67)> <Delay = 3.25> <CoreInst = "RAM">   --->   Core 81 'RAM' <Latency = 1> <II = 1> <Delay = 3.25> <Storage> <Opcode : 'load' 'store'> <Ports = 2> <Width = 32> <Depth = 1024> <RAM>
ST_1 : Operation 19 [1/1] (0.00ns)   --->   "%imag_op_data_addr = getelementptr i32 %imag_op_data, i64 0, i64 %zext_ln67" [dft.cpp:71]   --->   Operation 19 'getelementptr' 'imag_op_data_addr' <Predicate = (!icmp_ln67)> <Delay = 0.00>
ST_1 : Operation 20 [2/2] (3.25ns)   --->   "%imag_op_pkt_data = load i10 %imag_op_data_addr" [dft.cpp:71]   --->   Operation 20 'load' 'imag_op_pkt_data' <Predicate = (!icmp_ln67)> <Delay = 3.25> <CoreInst = "RAM">   --->   Core 81 'RAM' <Latency = 1> <II = 1> <Delay = 3.25> <Storage> <Opcode : 'load' 'store'> <Ports = 2> <Width = 32> <Depth = 1024> <RAM>
ST_1 : Operation 21 [1/1] (1.63ns)   --->   "%imag_op_pkt_last = icmp_eq  i11 %i_1, i11 1023" [dft.cpp:74]   --->   Operation 21 'icmp' 'imag_op_pkt_last' <Predicate = (!icmp_ln67)> <Delay = 1.63> <CoreInst = "Cmp">   --->   Core 9 'Cmp' <Latency = 0> <II = 1> <Delay = 1.63> <FuncUnit> <Opcode : 'seteq' 'setne' 'setle' 'setge' 'setlt' 'setgt'> <InPorts = 2> <OutPorts = 1>
ST_1 : Operation 22 [1/1] (1.58ns)   --->   "%store_ln67 = store i11 %add_ln67, i11 %i" [dft.cpp:67]   --->   Operation 22 'store' 'store_ln67' <Predicate = (!icmp_ln67)> <Delay = 1.58>
ST_1 : Operation 33 [1/1] (1.58ns)   --->   "%ret_ln0 = ret"   --->   Operation 33 'ret' 'ret_ln0' <Predicate = (icmp_ln67)> <Delay = 1.58>

State 2 <SV = 1> <Delay = 4.54>
ST_2 : Operation 23 [1/1] (0.00ns)   --->   "%specpipeline_ln67 = specpipeline void @_ssdm_op_SpecPipeline, i32 4294967295, i32 0, i32 0, i32 0, void @empty_7" [dft.cpp:67]   --->   Operation 23 'specpipeline' 'specpipeline_ln67' <Predicate = true> <Delay = 0.00>
ST_2 : Operation 24 [1/1] (0.00ns)   --->   "%speclooptripcount_ln67 = speclooptripcount void @_ssdm_op_SpecLoopTripCount, i64 1024, i64 1024, i64 1024" [dft.cpp:67]   --->   Operation 24 'speclooptripcount' 'speclooptripcount_ln67' <Predicate = true> <Delay = 0.00>
ST_2 : Operation 25 [1/1] (0.00ns)   --->   "%specloopname_ln67 = specloopname void @_ssdm_op_SpecLoopName, void @empty_0" [dft.cpp:67]   --->   Operation 25 'specloopname' 'specloopname_ln67' <Predicate = true> <Delay = 0.00>
ST_2 : Operation 26 [1/2] ( I:3.25ns O:3.25ns )   --->   "%real_op_pkt_data = load i10 %real_op_data_addr" [dft.cpp:69]   --->   Operation 26 'load' 'real_op_pkt_data' <Predicate = true> <Delay = 3.25> <CoreInst = "RAM">   --->   Core 81 'RAM' <Latency = 1> <II = 1> <Delay = 3.25> <Storage> <Opcode : 'load' 'store'> <Ports = 2> <Width = 32> <Depth = 1024> <RAM>
ST_2 : Operation 27 [1/2] ( I:3.25ns O:3.25ns )   --->   "%imag_op_pkt_data = load i10 %imag_op_data_addr" [dft.cpp:71]   --->   Operation 27 'load' 'imag_op_pkt_data' <Predicate = true> <Delay = 3.25> <CoreInst = "RAM">   --->   Core 81 'RAM' <Latency = 1> <II = 1> <Delay = 3.25> <Storage> <Opcode : 'load' 'store'> <Ports = 2> <Width = 32> <Depth = 1024> <RAM>
ST_2 : Operation 28 [1/1] (0.00ns)   --->   "%bitcast_ln84 = bitcast i32 %real_op_pkt_data" [dft.cpp:84]   --->   Operation 28 'bitcast' 'bitcast_ln84' <Predicate = true> <Delay = 0.00>
ST_2 : Operation 29 [1/1] (1.29ns)   --->   "%write_ln84 = write void @_ssdm_op_Write.axis.volatile.i32P0A.i4P0A.i4P0A.i1P0A, i32 %real_op_V_data_V, i4 %real_op_V_keep_V, i4 %real_op_V_strb_V, i1 %real_op_V_last_V, i32 %bitcast_ln84, i4 15, i4 0, i1 %imag_op_pkt_last" [dft.cpp:84]   --->   Operation 29 'write' 'write_ln84' <Predicate = true> <Delay = 1.29> <CoreInst = "regslice">   --->   Core 135 'regslice' <Latency = 0> <II = 1> <Delay = 1.86> <Adapter> <Opcode : 'read' 'write'>
ST_2 : Operation 30 [1/1] (0.00ns)   --->   "%bitcast_ln85 = bitcast i32 %imag_op_pkt_data" [dft.cpp:85]   --->   Operation 30 'bitcast' 'bitcast_ln85' <Predicate = true> <Delay = 0.00>
ST_2 : Operation 31 [1/1] (1.29ns)   --->   "%write_ln85 = write void @_ssdm_op_Write.axis.volatile.i32P0A.i4P0A.i4P0A.i1P0A, i32 %imag_op_V_data_V, i4 %imag_op_V_keep_V, i4 %imag_op_V_strb_V, i1 %imag_op_V_last_V, i32 %bitcast_ln85, i4 15, i4 0, i1 %imag_op_pkt_last" [dft.cpp:85]   --->   Operation 31 'write' 'write_ln85' <Predicate = true> <Delay = 1.29> <CoreInst = "regslice">   --->   Core 135 'regslice' <Latency = 0> <II = 1> <Delay = 1.86> <Adapter> <Opcode : 'read' 'write'>
ST_2 : Operation 32 [1/1] (0.00ns)   --->   "%br_ln67 = br void %for.body50" [dft.cpp:67]   --->   Operation 32 'br' 'br_ln67' <Predicate = true> <Delay = 0.00>


============================================================
+ Verbose Summary: Binding
============================================================
STG Binding: 
---------------- STG Properties BEGIN ----------------
- Is combinational: 0
- Is one-state seq: 0
- Is datapath-only: 0
- Is pipelined: 0
- Is top level: 0
Port [ Return ] is wired: 1; IO mode=ap_ctrl_hs:ce=0
Port [ real_op_data]:  wired=1; compound=1; hidden=0; nouse=0; global=0; static=0; extern=0; dir=0; type=1; pingpong=0; private_global=0; MemPort=[13]; IO mode=ap_memory:ce=0
Port [ imag_op_data]:  wired=1; compound=1; hidden=0; nouse=0; global=0; static=0; extern=0; dir=0; type=1; pingpong=0; private_global=0; MemPort=[13]; IO mode=ap_memory:ce=0
Port [ real_op_V_data_V]:  wired=1; compound=1; hidden=0; nouse=0; global=0; static=0; extern=0; dir=1; type=0; pingpong=0; private_global=0; IO mode=axis:ce=0
Port [ real_op_V_keep_V]:  wired=1; compound=1; hidden=0; nouse=0; global=0; static=0; extern=0; dir=1; type=0; pingpong=0; private_global=0; IO mode=axis:ce=0
Port [ real_op_V_strb_V]:  wired=1; compound=1; hidden=0; nouse=0; global=0; static=0; extern=0; dir=1; type=0; pingpong=0; private_global=0; IO mode=axis:ce=0
Port [ real_op_V_last_V]:  wired=1; compound=1; hidden=0; nouse=0; global=0; static=0; extern=0; dir=1; type=0; pingpong=0; private_global=0; IO mode=axis:ce=0
Port [ imag_op_V_data_V]:  wired=1; compound=1; hidden=0; nouse=0; global=0; static=0; extern=0; dir=1; type=0; pingpong=0; private_global=0; IO mode=axis:ce=0
Port [ imag_op_V_keep_V]:  wired=1; compound=1; hidden=0; nouse=0; global=0; static=0; extern=0; dir=1; type=0; pingpong=0; private_global=0; IO mode=axis:ce=0
Port [ imag_op_V_strb_V]:  wired=1; compound=1; hidden=0; nouse=0; global=0; static=0; extern=0; dir=1; type=0; pingpong=0; private_global=0; IO mode=axis:ce=0
Port [ imag_op_V_last_V]:  wired=1; compound=1; hidden=0; nouse=0; global=0; static=0; extern=0; dir=1; type=0; pingpong=0; private_global=0; IO mode=axis:ce=0
---------------- STG Properties END ------------------

---------------- Datapath Model BEGIN ----------------

<LifeTime>
<method=bitvector/>
i                       (alloca             ) [ 010]
specaxissidechannel_ln0 (specaxissidechannel) [ 000]
specaxissidechannel_ln0 (specaxissidechannel) [ 000]
specinterface_ln0       (specinterface      ) [ 000]
specinterface_ln0       (specinterface      ) [ 000]
store_ln67              (store              ) [ 000]
br_ln67                 (br                 ) [ 000]
i_1                     (load               ) [ 000]
icmp_ln67               (icmp               ) [ 010]
add_ln67                (add                ) [ 000]
br_ln67                 (br                 ) [ 000]
zext_ln67               (zext               ) [ 000]
real_op_data_addr       (getelementptr      ) [ 011]
imag_op_data_addr       (getelementptr      ) [ 011]
imag_op_pkt_last        (icmp               ) [ 011]
store_ln67              (store              ) [ 000]
specpipeline_ln67       (specpipeline       ) [ 000]
speclooptripcount_ln67  (speclooptripcount  ) [ 000]
specloopname_ln67       (specloopname       ) [ 000]
real_op_pkt_data        (load               ) [ 000]
imag_op_pkt_data        (load               ) [ 000]
bitcast_ln84            (bitcast            ) [ 000]
write_ln84              (write              ) [ 000]
bitcast_ln85            (bitcast            ) [ 000]
write_ln85              (write              ) [ 000]
br_ln67                 (br                 ) [ 000]
ret_ln0                 (ret                ) [ 000]
</LifeTime>

<model>

<comp_list>
<comp id="0" class="1000" name="real_op_data">
<pin_list>
<pin id="1" dir="1" index="0" bw="1" slack="0"/>
</pin_list>
<bind>
<StgValue><ssdm name="real_op_data"/><MemPortTyVec>1 3 </MemPortTyVec>
</StgValue>
</bind>
</comp>

<comp id="2" class="1000" name="imag_op_data">
<pin_list>
<pin id="3" dir="1" index="0" bw="1" slack="0"/>
</pin_list>
<bind>
<StgValue><ssdm name="imag_op_data"/><MemPortTyVec>1 3 </MemPortTyVec>
</StgValue>
</bind>
</comp>

<comp id="4" class="1000" name="real_op_V_data_V">
<pin_list>
<pin id="5" dir="1" index="0" bw="1" slack="0"/>
</pin_list>
<bind>
<StgValue><ssdm name="real_op_V_data_V"/></StgValue>
</bind>
</comp>

<comp id="6" class="1000" name="real_op_V_keep_V">
<pin_list>
<pin id="7" dir="1" index="0" bw="1" slack="0"/>
</pin_list>
<bind>
<StgValue><ssdm name="real_op_V_keep_V"/></StgValue>
</bind>
</comp>

<comp id="8" class="1000" name="real_op_V_strb_V">
<pin_list>
<pin id="9" dir="1" index="0" bw="1" slack="0"/>
</pin_list>
<bind>
<StgValue><ssdm name="real_op_V_strb_V"/></StgValue>
</bind>
</comp>

<comp id="10" class="1000" name="real_op_V_last_V">
<pin_list>
<pin id="11" dir="1" index="0" bw="1" slack="0"/>
</pin_list>
<bind>
<StgValue><ssdm name="real_op_V_last_V"/></StgValue>
</bind>
</comp>

<comp id="12" class="1000" name="imag_op_V_data_V">
<pin_list>
<pin id="13" dir="1" index="0" bw="1" slack="0"/>
</pin_list>
<bind>
<StgValue><ssdm name="imag_op_V_data_V"/></StgValue>
</bind>
</comp>

<comp id="14" class="1000" name="imag_op_V_keep_V">
<pin_list>
<pin id="15" dir="1" index="0" bw="1" slack="0"/>
</pin_list>
<bind>
<StgValue><ssdm name="imag_op_V_keep_V"/></StgValue>
</bind>
</comp>

<comp id="16" class="1000" name="imag_op_V_strb_V">
<pin_list>
<pin id="17" dir="1" index="0" bw="1" slack="0"/>
</pin_list>
<bind>
<StgValue><ssdm name="imag_op_V_strb_V"/></StgValue>
</bind>
</comp>

<comp id="18" class="1000" name="imag_op_V_last_V">
<pin_list>
<pin id="19" dir="1" index="0" bw="1" slack="0"/>
</pin_list>
<bind>
<StgValue><ssdm name="imag_op_V_last_V"/></StgValue>
</bind>
</comp>

<comp id="20" class="1001" name="const_20">
<pin_list>
<pin id="21" dir="1" index="0" bw="1" slack="0"/>
</pin_list>
<bind>
<StgValue><ssdm name=""/></StgValue>
</bind>
</comp>

<comp id="22" class="1001" name="const_22">
<pin_list>
<pin id="23" dir="1" index="0" bw="1" slack="2147483647"/>
</pin_list>
<bind>
<StgValue><ssdm name="_ssdm_op_SpecAXISSideChannel"/></StgValue>
</bind>
</comp>

<comp id="24" class="1001" name="const_24">
<pin_list>
<pin id="25" dir="1" index="0" bw="1" slack="2147483647"/>
</pin_list>
<bind>
<StgValue><ssdm name=""/></StgValue>
</bind>
</comp>

<comp id="26" class="1001" name="const_26">
<pin_list>
<pin id="27" dir="1" index="0" bw="1" slack="2147483647"/>
</pin_list>
<bind>
<StgValue><ssdm name="empty_4"/></StgValue>
</bind>
</comp>

<comp id="28" class="1001" name="const_28">
<pin_list>
<pin id="29" dir="1" index="0" bw="1" slack="2147483647"/>
</pin_list>
<bind>
<StgValue><ssdm name="empty_3"/></StgValue>
</bind>
</comp>

<comp id="30" class="1001" name="const_30">
<pin_list>
<pin id="31" dir="1" index="0" bw="1" slack="2147483647"/>
</pin_list>
<bind>
<StgValue><ssdm name="_ssdm_op_SpecInterface"/></StgValue>
</bind>
</comp>

<comp id="32" class="1001" name="const_32">
<pin_list>
<pin id="33" dir="1" index="0" bw="1" slack="2147483647"/>
</pin_list>
<bind>
<StgValue><ssdm name="empty_9"/></StgValue>
</bind>
</comp>

<comp id="34" class="1001" name="const_34">
<pin_list>
<pin id="35" dir="1" index="0" bw="1" slack="2147483647"/>
</pin_list>
<bind>
<StgValue><ssdm name=""/></StgValue>
</bind>
</comp>

<comp id="36" class="1001" name="const_36">
<pin_list>
<pin id="37" dir="1" index="0" bw="1" slack="2147483647"/>
</pin_list>
<bind>
<StgValue><ssdm name="empty_8"/></StgValue>
</bind>
</comp>

<comp id="38" class="1001" name="const_38">
<pin_list>
<pin id="39" dir="1" index="0" bw="1" slack="2147483647"/>
</pin_list>
<bind>
<StgValue><ssdm name="empty_7"/></StgValue>
</bind>
</comp>

<comp id="40" class="1001" name="const_40">
<pin_list>
<pin id="41" dir="1" index="0" bw="1" slack="2147483647"/>
</pin_list>
<bind>
<StgValue><ssdm name=""/></StgValue>
</bind>
</comp>

<comp id="42" class="1001" name="const_42">
<pin_list>
<pin id="43" dir="1" index="0" bw="1" slack="0"/>
</pin_list>
<bind>
<StgValue><ssdm name=""/></StgValue>
</bind>
</comp>

<comp id="44" class="1001" name="const_44">
<pin_list>
<pin id="45" dir="1" index="0" bw="1" slack="0"/>
</pin_list>
<bind>
<StgValue><ssdm name=""/></StgValue>
</bind>
</comp>

<comp id="46" class="1001" name="const_46">
<pin_list>
<pin id="47" dir="1" index="0" bw="1" slack="0"/>
</pin_list>
<bind>
<StgValue><ssdm name=""/></StgValue>
</bind>
</comp>

<comp id="48" class="1001" name="const_48">
<pin_list>
<pin id="49" dir="1" index="0" bw="1" slack="0"/>
</pin_list>
<bind>
<StgValue><ssdm name=""/></StgValue>
</bind>
</comp>

<comp id="50" class="1001" name="const_50">
<pin_list>
<pin id="51" dir="1" index="0" bw="1" slack="0"/>
</pin_list>
<bind>
<StgValue><ssdm name=""/></StgValue>
</bind>
</comp>

<comp id="52" class="1001" name="const_52">
<pin_list>
<pin id="53" dir="1" index="0" bw="1" slack="2147483647"/>
</pin_list>
<bind>
<StgValue><ssdm name="_ssdm_op_SpecPipeline"/></StgValue>
</bind>
</comp>

<comp id="54" class="1001" name="const_54">
<pin_list>
<pin id="55" dir="1" index="0" bw="1" slack="2147483647"/>
</pin_list>
<bind>
<StgValue><ssdm name="_ssdm_op_SpecLoopTripCount"/></StgValue>
</bind>
</comp>

<comp id="56" class="1001" name="const_56">
<pin_list>
<pin id="57" dir="1" index="0" bw="1" slack="2147483647"/>
</pin_list>
<bind>
<StgValue><ssdm name=""/></StgValue>
</bind>
</comp>

<comp id="58" class="1001" name="const_58">
<pin_list>
<pin id="59" dir="1" index="0" bw="1" slack="2147483647"/>
</pin_list>
<bind>
<StgValue><ssdm name="_ssdm_op_SpecLoopName"/></StgValue>
</bind>
</comp>

<comp id="60" class="1001" name="const_60">
<pin_list>
<pin id="61" dir="1" index="0" bw="1" slack="2147483647"/>
</pin_list>
<bind>
<StgValue><ssdm name="empty_0"/></StgValue>
</bind>
</comp>

<comp id="62" class="1001" name="const_62">
<pin_list>
<pin id="63" dir="1" index="0" bw="1" slack="0"/>
</pin_list>
<bind>
<StgValue><ssdm name="_ssdm_op_Write.axis.volatile.i32P0A.i4P0A.i4P0A.i1P0A"/></StgValue>
</bind>
</comp>

<comp id="64" class="1001" name="const_64">
<pin_list>
<pin id="65" dir="1" index="0" bw="1" slack="0"/>
</pin_list>
<bind>
<StgValue><ssdm name=""/></StgValue>
</bind>
</comp>

<comp id="66" class="1001" name="const_66">
<pin_list>
<pin id="67" dir="1" index="0" bw="1" slack="0"/>
</pin_list>
<bind>
<StgValue><ssdm name=""/></StgValue>
</bind>
</comp>

<comp id="68" class="1004" name="i_fu_68">
<pin_list>
<pin id="69" dir="0" index="0" bw="1" slack="0"/>
<pin id="70" dir="1" index="1" bw="11" slack="0"/>
</pin_list>
<bind>
<opcode="alloca(26) " fcode="alloca"/>
<opset="i/1 "/>
</bind>
</comp>

<comp id="72" class="1004" name="write_ln84_write_fu_72">
<pin_list>
<pin id="73" dir="0" index="0" bw="0" slack="0"/>
<pin id="74" dir="0" index="1" bw="32" slack="0"/>
<pin id="75" dir="0" index="2" bw="4" slack="0"/>
<pin id="76" dir="0" index="3" bw="4" slack="0"/>
<pin id="77" dir="0" index="4" bw="1" slack="0"/>
<pin id="78" dir="0" index="5" bw="32" slack="0"/>
<pin id="79" dir="0" index="6" bw="1" slack="0"/>
<pin id="80" dir="0" index="7" bw="1" slack="0"/>
<pin id="81" dir="0" index="8" bw="1" slack="1"/>
<pin id="82" dir="1" index="9" bw="0" slack="2147483647"/>
</pin_list>
<bind>
<opcode="write(1151) " fcode="write"/>
<opset="write_ln84/2 "/>
</bind>
</comp>

<comp id="90" class="1004" name="write_ln85_write_fu_90">
<pin_list>
<pin id="91" dir="0" index="0" bw="0" slack="0"/>
<pin id="92" dir="0" index="1" bw="32" slack="0"/>
<pin id="93" dir="0" index="2" bw="4" slack="0"/>
<pin id="94" dir="0" index="3" bw="4" slack="0"/>
<pin id="95" dir="0" index="4" bw="1" slack="0"/>
<pin id="96" dir="0" index="5" bw="32" slack="0"/>
<pin id="97" dir="0" index="6" bw="1" slack="0"/>
<pin id="98" dir="0" index="7" bw="1" slack="0"/>
<pin id="99" dir="0" index="8" bw="1" slack="1"/>
<pin id="100" dir="1" index="9" bw="0" slack="2147483647"/>
</pin_list>
<bind>
<opcode="write(1151) " fcode="write"/>
<opset="write_ln85/2 "/>
</bind>
</comp>

<comp id="108" class="1004" name="real_op_data_addr_gep_fu_108">
<pin_list>
<pin id="109" dir="0" index="0" bw="32" slack="0"/>
<pin id="110" dir="0" index="1" bw="1" slack="0"/>
<pin id="111" dir="0" index="2" bw="11" slack="0"/>
<pin id="112" dir="1" index="3" bw="10" slack="0"/>
</pin_list>
<bind>
<opcode="getelementptr(29) " fcode="getelementptr"/>
<opset="real_op_data_addr/1 "/>
</bind>
</comp>

<comp id="115" class="1004" name="grp_access_fu_115">
<pin_list>
<pin id="116" dir="0" index="0" bw="10" slack="0"/>
<pin id="117" dir="0" index="1" bw="32" slack="2147483647"/>
<pin id="118" dir="0" index="2" bw="0" slack="2147483647"/>
<pin id="119" dir="1" index="3" bw="32" slack="0"/>
</pin_list>
<bind>
<opcode="load(27) " fcode="load"/>
<opset="real_op_pkt_data/1 "/>
</bind>
</comp>

<comp id="121" class="1004" name="imag_op_data_addr_gep_fu_121">
<pin_list>
<pin id="122" dir="0" index="0" bw="32" slack="0"/>
<pin id="123" dir="0" index="1" bw="1" slack="0"/>
<pin id="124" dir="0" index="2" bw="11" slack="0"/>
<pin id="125" dir="1" index="3" bw="10" slack="0"/>
</pin_list>
<bind>
<opcode="getelementptr(29) " fcode="getelementptr"/>
<opset="imag_op_data_addr/1 "/>
</bind>
</comp>

<comp id="128" class="1004" name="grp_access_fu_128">
<pin_list>
<pin id="129" dir="0" index="0" bw="10" slack="0"/>
<pin id="130" dir="0" index="1" bw="32" slack="2147483647"/>
<pin id="131" dir="0" index="2" bw="0" slack="2147483647"/>
<pin id="132" dir="1" index="3" bw="32" slack="0"/>
</pin_list>
<bind>
<opcode="load(27) " fcode="load"/>
<opset="imag_op_pkt_data/1 "/>
</bind>
</comp>

<comp id="134" class="1004" name="store_ln67_store_fu_134">
<pin_list>
<pin id="135" dir="0" index="0" bw="1" slack="0"/>
<pin id="136" dir="0" index="1" bw="11" slack="0"/>
<pin id="137" dir="1" index="2" bw="0" slack="2147483647"/>
</pin_list>
<bind>
<opcode="store(28) " fcode="store"/>
<opset="store_ln67/1 "/>
</bind>
</comp>

<comp id="139" class="1004" name="i_1_load_fu_139">
<pin_list>
<pin id="140" dir="0" index="0" bw="11" slack="0"/>
<pin id="141" dir="1" index="1" bw="11" slack="0"/>
</pin_list>
<bind>
<opcode="load(27) " fcode="load"/>
<opset="i_1/1 "/>
</bind>
</comp>

<comp id="142" class="1004" name="icmp_ln67_fu_142">
<pin_list>
<pin id="143" dir="0" index="0" bw="11" slack="0"/>
<pin id="144" dir="0" index="1" bw="11" slack="0"/>
<pin id="145" dir="1" index="2" bw="1" slack="2147483647"/>
</pin_list>
<bind>
<opcode="icmp(45) " fcode="icmp"/>
<opset="icmp_ln67/1 "/>
</bind>
</comp>

<comp id="148" class="1004" name="add_ln67_fu_148">
<pin_list>
<pin id="149" dir="0" index="0" bw="11" slack="0"/>
<pin id="150" dir="0" index="1" bw="1" slack="0"/>
<pin id="151" dir="1" index="2" bw="11" slack="0"/>
</pin_list>
<bind>
<opcode="add(8) " fcode="add"/>
<opset="add_ln67/1 "/>
</bind>
</comp>

<comp id="154" class="1004" name="zext_ln67_fu_154">
<pin_list>
<pin id="155" dir="0" index="0" bw="11" slack="0"/>
<pin id="156" dir="1" index="1" bw="64" slack="0"/>
</pin_list>
<bind>
<opcode="zext(34) " fcode="zext"/>
<opset="zext_ln67/1 "/>
</bind>
</comp>

<comp id="160" class="1004" name="imag_op_pkt_last_fu_160">
<pin_list>
<pin id="161" dir="0" index="0" bw="11" slack="0"/>
<pin id="162" dir="0" index="1" bw="11" slack="0"/>
<pin id="163" dir="1" index="2" bw="1" slack="1"/>
</pin_list>
<bind>
<opcode="icmp(45) " fcode="icmp"/>
<opset="imag_op_pkt_last/1 "/>
</bind>
</comp>

<comp id="166" class="1004" name="store_ln67_store_fu_166">
<pin_list>
<pin id="167" dir="0" index="0" bw="11" slack="0"/>
<pin id="168" dir="0" index="1" bw="11" slack="0"/>
<pin id="169" dir="1" index="2" bw="0" slack="2147483647"/>
</pin_list>
<bind>
<opcode="store(28) " fcode="store"/>
<opset="store_ln67/1 "/>
</bind>
</comp>

<comp id="171" class="1004" name="bitcast_ln84_fu_171">
<pin_list>
<pin id="172" dir="0" index="0" bw="32" slack="0"/>
<pin id="173" dir="1" index="1" bw="32" slack="0"/>
</pin_list>
<bind>
<opcode="bitcast(44) " fcode="bitcast"/>
<opset="bitcast_ln84/2 "/>
</bind>
</comp>

<comp id="176" class="1004" name="bitcast_ln85_fu_176">
<pin_list>
<pin id="177" dir="0" index="0" bw="32" slack="0"/>
<pin id="178" dir="1" index="1" bw="32" slack="0"/>
</pin_list>
<bind>
<opcode="bitcast(44) " fcode="bitcast"/>
<opset="bitcast_ln85/2 "/>
</bind>
</comp>

<comp id="181" class="1005" name="i_reg_181">
<pin_list>
<pin id="182" dir="0" index="0" bw="11" slack="0"/>
<pin id="183" dir="1" index="1" bw="11" slack="0"/>
</pin_list>
<bind>
<opset="i "/>
</bind>
</comp>

<comp id="191" class="1005" name="real_op_data_addr_reg_191">
<pin_list>
<pin id="192" dir="0" index="0" bw="10" slack="1"/>
<pin id="193" dir="1" index="1" bw="10" slack="1"/>
</pin_list>
<bind>
<opset="real_op_data_addr "/>
</bind>
</comp>

<comp id="196" class="1005" name="imag_op_data_addr_reg_196">
<pin_list>
<pin id="197" dir="0" index="0" bw="10" slack="1"/>
<pin id="198" dir="1" index="1" bw="10" slack="1"/>
</pin_list>
<bind>
<opset="imag_op_data_addr "/>
</bind>
</comp>

<comp id="201" class="1005" name="imag_op_pkt_last_reg_201">
<pin_list>
<pin id="202" dir="0" index="0" bw="1" slack="1"/>
<pin id="203" dir="1" index="1" bw="1" slack="1"/>
</pin_list>
<bind>
<opset="imag_op_pkt_last "/>
</bind>
</comp>

</comp_list>

<net_list>
<net id="71"><net_src comp="20" pin="0"/><net_sink comp="68" pin=0"/></net>

<net id="83"><net_src comp="62" pin="0"/><net_sink comp="72" pin=0"/></net>

<net id="84"><net_src comp="4" pin="0"/><net_sink comp="72" pin=1"/></net>

<net id="85"><net_src comp="6" pin="0"/><net_sink comp="72" pin=2"/></net>

<net id="86"><net_src comp="8" pin="0"/><net_sink comp="72" pin=3"/></net>

<net id="87"><net_src comp="10" pin="0"/><net_sink comp="72" pin=4"/></net>

<net id="88"><net_src comp="64" pin="0"/><net_sink comp="72" pin=6"/></net>

<net id="89"><net_src comp="66" pin="0"/><net_sink comp="72" pin=7"/></net>

<net id="101"><net_src comp="62" pin="0"/><net_sink comp="90" pin=0"/></net>

<net id="102"><net_src comp="12" pin="0"/><net_sink comp="90" pin=1"/></net>

<net id="103"><net_src comp="14" pin="0"/><net_sink comp="90" pin=2"/></net>

<net id="104"><net_src comp="16" pin="0"/><net_sink comp="90" pin=3"/></net>

<net id="105"><net_src comp="18" pin="0"/><net_sink comp="90" pin=4"/></net>

<net id="106"><net_src comp="64" pin="0"/><net_sink comp="90" pin=6"/></net>

<net id="107"><net_src comp="66" pin="0"/><net_sink comp="90" pin=7"/></net>

<net id="113"><net_src comp="0" pin="0"/><net_sink comp="108" pin=0"/></net>

<net id="114"><net_src comp="48" pin="0"/><net_sink comp="108" pin=1"/></net>

<net id="120"><net_src comp="108" pin="3"/><net_sink comp="115" pin=0"/></net>

<net id="126"><net_src comp="2" pin="0"/><net_sink comp="121" pin=0"/></net>

<net id="127"><net_src comp="48" pin="0"/><net_sink comp="121" pin=1"/></net>

<net id="133"><net_src comp="121" pin="3"/><net_sink comp="128" pin=0"/></net>

<net id="138"><net_src comp="42" pin="0"/><net_sink comp="134" pin=0"/></net>

<net id="146"><net_src comp="139" pin="1"/><net_sink comp="142" pin=0"/></net>

<net id="147"><net_src comp="44" pin="0"/><net_sink comp="142" pin=1"/></net>

<net id="152"><net_src comp="139" pin="1"/><net_sink comp="148" pin=0"/></net>

<net id="153"><net_src comp="46" pin="0"/><net_sink comp="148" pin=1"/></net>

<net id="157"><net_src comp="139" pin="1"/><net_sink comp="154" pin=0"/></net>

<net id="158"><net_src comp="154" pin="1"/><net_sink comp="108" pin=2"/></net>

<net id="159"><net_src comp="154" pin="1"/><net_sink comp="121" pin=2"/></net>

<net id="164"><net_src comp="139" pin="1"/><net_sink comp="160" pin=0"/></net>

<net id="165"><net_src comp="50" pin="0"/><net_sink comp="160" pin=1"/></net>

<net id="170"><net_src comp="148" pin="2"/><net_sink comp="166" pin=0"/></net>

<net id="174"><net_src comp="115" pin="3"/><net_sink comp="171" pin=0"/></net>

<net id="175"><net_src comp="171" pin="1"/><net_sink comp="72" pin=5"/></net>

<net id="179"><net_src comp="128" pin="3"/><net_sink comp="176" pin=0"/></net>

<net id="180"><net_src comp="176" pin="1"/><net_sink comp="90" pin=5"/></net>

<net id="184"><net_src comp="68" pin="1"/><net_sink comp="181" pin=0"/></net>

<net id="185"><net_src comp="181" pin="1"/><net_sink comp="134" pin=1"/></net>

<net id="186"><net_src comp="181" pin="1"/><net_sink comp="139" pin=0"/></net>

<net id="187"><net_src comp="181" pin="1"/><net_sink comp="166" pin=1"/></net>

<net id="194"><net_src comp="108" pin="3"/><net_sink comp="191" pin=0"/></net>

<net id="195"><net_src comp="191" pin="1"/><net_sink comp="115" pin=0"/></net>

<net id="199"><net_src comp="121" pin="3"/><net_sink comp="196" pin=0"/></net>

<net id="200"><net_src comp="196" pin="1"/><net_sink comp="128" pin=0"/></net>

<net id="204"><net_src comp="160" pin="2"/><net_sink comp="201" pin=0"/></net>

<net id="205"><net_src comp="201" pin="1"/><net_sink comp="72" pin=8"/></net>

<net id="206"><net_src comp="201" pin="1"/><net_sink comp="90" pin=8"/></net>

</net_list>

</model> 
---------------- Datapath Model END ------------------

* FSMD analyzer results:
  - Output states:
	Port: real_op_V_data_V | {2 }
	Port: real_op_V_keep_V | {2 }
	Port: real_op_V_strb_V | {2 }
	Port: real_op_V_last_V | {2 }
	Port: imag_op_V_data_V | {2 }
	Port: imag_op_V_keep_V | {2 }
	Port: imag_op_V_strb_V | {2 }
	Port: imag_op_V_last_V | {2 }
 - Input state : 
	Port: dft_Pipeline_VITIS_LOOP_67_4 : real_op_data | {1 2 }
	Port: dft_Pipeline_VITIS_LOOP_67_4 : imag_op_data | {1 2 }
  - Chain level:
	State 1
		store_ln67 : 1
		i_1 : 1
		icmp_ln67 : 2
		add_ln67 : 2
		br_ln67 : 3
		zext_ln67 : 2
		real_op_data_addr : 3
		real_op_pkt_data : 4
		imag_op_data_addr : 3
		imag_op_pkt_data : 4
		imag_op_pkt_last : 2
		store_ln67 : 3
	State 2
		bitcast_ln84 : 1
		write_ln84 : 2
		bitcast_ln85 : 1
		write_ln85 : 2


============================================================
+ Verbose Summary: Datapath Resource usage 
============================================================

* Functional unit list:
|----------|-------------------------|---------|---------|
| Operation|     Functional Unit     |    FF   |   LUT   |
|----------|-------------------------|---------|---------|
|   icmp   |     icmp_ln67_fu_142    |    0    |    12   |
|          | imag_op_pkt_last_fu_160 |    0    |    12   |
|----------|-------------------------|---------|---------|
|    add   |     add_ln67_fu_148     |    0    |    12   |
|----------|-------------------------|---------|---------|
|   write  |  write_ln84_write_fu_72 |    0    |    0    |
|          |  write_ln85_write_fu_90 |    0    |    0    |
|----------|-------------------------|---------|---------|
|   zext   |     zext_ln67_fu_154    |    0    |    0    |
|----------|-------------------------|---------|---------|
|   Total  |                         |    0    |    36   |
|----------|-------------------------|---------|---------|

Memories:
N/A

* Register list:
+-------------------------+--------+
|                         |   FF   |
+-------------------------+--------+
|        i_reg_181        |   11   |
|imag_op_data_addr_reg_196|   10   |
| imag_op_pkt_last_reg_201|    1   |
|real_op_data_addr_reg_191|   10   |
+-------------------------+--------+
|          Total          |   32   |
+-------------------------+--------+

* Multiplexer (MUX) list: 
|-------------------|------|------|------|--------||---------||---------||---------|
|        Comp       |  Pin | Size |  BW  | S x BW ||  Delay  ||    FF   ||   LUT   |
|-------------------|------|------|------|--------||---------||---------||---------|
| grp_access_fu_115 |  p0  |   2  |  10  |   20   ||    0    ||    9    |
| grp_access_fu_128 |  p0  |   2  |  10  |   20   ||    0    ||    9    |
|-------------------|------|------|------|--------||---------||---------||---------|
|       Total       |      |      |      |   40   ||  3.176  ||    0    ||    18   |
|-------------------|------|------|------|--------||---------||---------||---------|



* Summary:
+-----------+--------+--------+--------+
|           |  Delay |   FF   |   LUT  |
+-----------+--------+--------+--------+
|  Function |    -   |    0   |   36   |
|   Memory  |    -   |    -   |    -   |
|Multiplexer|    3   |    0   |   18   |
|  Register |    -   |   32   |    -   |
+-----------+--------+--------+--------+
|   Total   |    3   |   32   |   54   |
+-----------+--------+--------+--------+
