

================================================================
== Vitis HLS Report for 'dft_Pipeline_VITIS_LOOP_21_1'
================================================================
* Date:           Sun Nov  9 02:12:22 2025

* Version:        2024.2 (Build 5238294 on Nov  8 2024)
* Project:        dft.comp
* Solution:       hls (Vivado IP Flow Target)
* Product family: zynq
* Target device:  xc7z020-clg400-1


================================================================
== Performance Estimates
================================================================
+ Timing: 
    * Summary: 
    +--------+----------+----------+------------+
    |  Clock |  Target  | Estimated| Uncertainty|
    +--------+----------+----------+------------+
    |ap_clk  |  10.00 ns|  6.481 ns|     2.70 ns|
    +--------+----------+----------+------------+

+ Latency: 
    * Summary: 
    +---------+---------+-----------+-----------+------+------+------------------------------------------------+
    |  Latency (cycles) |   Latency (absolute)  |   Interval  |                    Pipeline                    |
    |   min   |   max   |    min    |    max    |  min |  max |                      Type                      |
    +---------+---------+-----------+-----------+------+------+------------------------------------------------+
    |     1026|     1026|  10.260 us|  10.260 us|  1025|  1025|  loop auto-rewind stp (delay=0 clock cycles(s))|
    +---------+---------+-----------+-----------+------+------+------------------------------------------------+

    + Detail: 
        * Instance: 
        N/A

        * Loop: 
        +-------------------+---------+---------+----------+-----------+-----------+------+----------+
        |                   |  Latency (cycles) | Iteration|  Initiation Interval  | Trip |          |
        |     Loop Name     |   min   |   max   |  Latency |  achieved |   target  | Count| Pipelined|
        +-------------------+---------+---------+----------+-----------+-----------+------+----------+
        |- VITIS_LOOP_21_1  |     1024|     1024|         2|          1|          1|  1024|       yes|
        +-------------------+---------+---------+----------+-----------+-----------+------+----------+



================================================================
== Utilization Estimates
================================================================
* Summary: 
+-----------------+---------+-----+--------+-------+-----+
|       Name      | BRAM_18K| DSP |   FF   |  LUT  | URAM|
+-----------------+---------+-----+--------+-------+-----+
|DSP              |        -|    -|       -|      -|    -|
|Expression       |        -|    -|       0|     32|    -|
|FIFO             |        -|    -|       -|      -|    -|
|Instance         |        -|    -|       -|      -|    -|
|Memory           |        -|    -|       -|      -|    -|
|Multiplexer      |        -|    -|       0|     54|    -|
|Register         |        -|    -|      27|      -|    -|
+-----------------+---------+-----+--------+-------+-----+
|Total            |        0|    0|      27|     86|    0|
+-----------------+---------+-----+--------+-------+-----+
|Available        |      280|  220|  106400|  53200|    0|
+-----------------+---------+-----+--------+-------+-----+
|Utilization (%)  |        0|    0|      ~0|     ~0|    0|
+-----------------+---------+-----+--------+-------+-----+

+ Detail: 
    * Instance: 
    N/A

    * DSP: 
    N/A

    * Memory: 
    N/A

    * FIFO: 
    N/A

    * Expression: 
    +--------------------------------+----------+----+---+----+------------+------------+
    |          Variable Name         | Operation| DSP| FF| LUT| Bitwidth P0| Bitwidth P1|
    +--------------------------------+----------+----+---+----+------------+------------+
    |add_ln21_fu_164_p2              |         +|   0|  0|  12|          11|           1|
    |ap_block_pp0_stage0_11001       |       and|   0|  0|   2|           1|           1|
    |ap_block_pp0_stage0_11001_grp1  |       and|   0|  0|   2|           1|           1|
    |ap_block_pp0_stage0_11001_grp2  |       and|   0|  0|   2|           1|           1|
    |icmp_ln21_fu_158_p2             |      icmp|   0|  0|  12|          11|          12|
    |ap_enable_pp0                   |       xor|   0|  0|   2|           1|           2|
    +--------------------------------+----------+----+---+----+------------+------------+
    |Total                           |          |   0|  0|  32|          26|          18|
    +--------------------------------+----------+----+---+----+------------+------------+

    * Multiplexer: 
    +-------------------------+----+-----------+-----+-----------+
    |           Name          | LUT| Input Size| Bits| Total Bits|
    +-------------------------+----+-----------+-----+-----------+
    |ap_done_int              |   9|          2|    1|          2|
    |ap_enable_reg_pp0_iter1  |   9|          2|    1|          2|
    |ap_sig_allocacmp_i_2     |   9|          2|   11|         22|
    |i_fu_68                  |   9|          2|   11|         22|
    |imag_sample_TDATA_blk_n  |   9|          2|    1|          2|
    |real_sample_TDATA_blk_n  |   9|          2|    1|          2|
    +-------------------------+----+-----------+-----+-----------+
    |Total                    |  54|         12|   26|         52|
    +-------------------------+----+-----------+-----+-----------+

    * Register: 
    +-------------------------------------------+----+----+-----+-----------+
    |                    Name                   | FF | LUT| Bits| Const Bits|
    +-------------------------------------------+----+----+-----+-----------+
    |ap_CS_fsm                                  |   1|   0|    1|          0|
    |ap_block_pp0_stage0_subdone_grp1_done_reg  |   1|   0|    1|          0|
    |ap_block_pp0_stage0_subdone_grp2_done_reg  |   1|   0|    1|          0|
    |ap_done_reg                                |   1|   0|    1|          0|
    |ap_enable_reg_pp0_iter1                    |   1|   0|    1|          0|
    |i_fu_68                                    |  11|   0|   11|          0|
    |zext_ln21_reg_209                          |  11|   0|   64|         53|
    +-------------------------------------------+----+----+-----+-----------+
    |Total                                      |  27|   0|   80|         53|
    +-------------------------------------------+----+----+-----+-----------+



================================================================
== Interface
================================================================
* Summary: 
+---------------------------+-----+-----+------------+------------------------------+--------------+
|         RTL Ports         | Dir | Bits|  Protocol  |         Source Object        |    C Type    |
+---------------------------+-----+-----+------------+------------------------------+--------------+
|ap_clk                     |   in|    1|  ap_ctrl_hs|  dft_Pipeline_VITIS_LOOP_21_1|  return value|
|ap_rst                     |   in|    1|  ap_ctrl_hs|  dft_Pipeline_VITIS_LOOP_21_1|  return value|
|ap_start                   |   in|    1|  ap_ctrl_hs|  dft_Pipeline_VITIS_LOOP_21_1|  return value|
|ap_done                    |  out|    1|  ap_ctrl_hs|  dft_Pipeline_VITIS_LOOP_21_1|  return value|
|ap_idle                    |  out|    1|  ap_ctrl_hs|  dft_Pipeline_VITIS_LOOP_21_1|  return value|
|ap_ready                   |  out|    1|  ap_ctrl_hs|  dft_Pipeline_VITIS_LOOP_21_1|  return value|
|real_sample_TVALID         |   in|    1|        axis|          real_sample_V_data_V|       pointer|
|real_sample_TDATA          |   in|   32|        axis|          real_sample_V_data_V|       pointer|
|imag_sample_TVALID         |   in|    1|        axis|          imag_sample_V_data_V|       pointer|
|imag_sample_TDATA          |   in|   32|        axis|          imag_sample_V_data_V|       pointer|
|real_sample_TREADY         |  out|    1|        axis|          real_sample_V_last_V|       pointer|
|real_sample_TLAST          |   in|    1|        axis|          real_sample_V_last_V|       pointer|
|real_sample_TKEEP          |   in|    4|        axis|          real_sample_V_keep_V|       pointer|
|real_sample_TSTRB          |   in|    4|        axis|          real_sample_V_strb_V|       pointer|
|imag_sample_TREADY         |  out|    1|        axis|          imag_sample_V_last_V|       pointer|
|imag_sample_TLAST          |   in|    1|        axis|          imag_sample_V_last_V|       pointer|
|imag_sample_TKEEP          |   in|    4|        axis|          imag_sample_V_keep_V|       pointer|
|imag_sample_TSTRB          |   in|    4|        axis|          imag_sample_V_strb_V|       pointer|
|real_sample_data_address0  |  out|   10|   ap_memory|              real_sample_data|         array|
|real_sample_data_ce0       |  out|    1|   ap_memory|              real_sample_data|         array|
|real_sample_data_we0       |  out|    1|   ap_memory|              real_sample_data|         array|
|real_sample_data_d0        |  out|   32|   ap_memory|              real_sample_data|         array|
|imag_sample_data_address0  |  out|   10|   ap_memory|              imag_sample_data|         array|
|imag_sample_data_ce0       |  out|    1|   ap_memory|              imag_sample_data|         array|
|imag_sample_data_we0       |  out|    1|   ap_memory|              imag_sample_data|         array|
|imag_sample_data_d0        |  out|   32|   ap_memory|              imag_sample_data|         array|
|real_op_data_address0      |  out|   10|   ap_memory|                  real_op_data|         array|
|real_op_data_ce0           |  out|    1|   ap_memory|                  real_op_data|         array|
|real_op_data_we0           |  out|    1|   ap_memory|                  real_op_data|         array|
|real_op_data_d0            |  out|   32|   ap_memory|                  real_op_data|         array|
|imag_op_data_address0      |  out|   10|   ap_memory|                  imag_op_data|         array|
|imag_op_data_ce0           |  out|    1|   ap_memory|                  imag_op_data|         array|
|imag_op_data_we0           |  out|    1|   ap_memory|                  imag_op_data|         array|
|imag_op_data_d0            |  out|   32|   ap_memory|                  imag_op_data|         array|
+---------------------------+-----+-----+------------+------------------------------+--------------+

============================================================
+ Verbose Summary: Synthesis Manager
============================================================
InlineROM: 1
ExposeGlobal: 0
============================================================
+ Verbose Summary: CDFG Model
============================================================
IsTopModel: 0
ResetActiveHigh: 1
IsCombinational: 2
IsDatapathOnly: 2
HasWiredReturn: 1
HasMFsm: 2
HasVarLatency: 1
IsPipeline: 0
IsRtlPipelined: 0
IsInstanceOverlapped: 0
IsDontTouch: 0
HasImplIP: 0
IsGatedGlobalClock: 0

+ Individual pipeline summary: 
  * Pipeline-0: initiation interval (II) = 1, depth = 2


============================================================
+ Verbose Summary: Schedule
============================================================
* Number of FSM states : 2
* Pipeline : 1
  Pipeline-0 : II = 1, D = 2, States = { 1 2 }
* Dataflow Pipeline: 0

* FSM state transitions: 
1 --> 2 
2 --> 

* FSM state operations: 

State 1 <SV = 0> <Delay = 6.48>
ST_1 : Operation 5 [1/1] (0.00ns)   --->   "%i = alloca i32 1" [dft.cpp:21]   --->   Operation 5 'alloca' 'i' <Predicate = true> <Delay = 0.00>
ST_1 : Operation 6 [1/1] (0.00ns)   --->   "%specaxissidechannel_ln0 = specaxissidechannel void @_ssdm_op_SpecAXISSideChannel, i32 %imag_sample_V_data_V, i4 %imag_sample_V_keep_V, i4 %imag_sample_V_strb_V, i1 0, i1 %imag_sample_V_last_V, i1 0, i1 0, void @empty_2"   --->   Operation 6 'specaxissidechannel' 'specaxissidechannel_ln0' <Predicate = true> <Delay = 0.00>
ST_1 : Operation 7 [1/1] (0.00ns)   --->   "%specaxissidechannel_ln0 = specaxissidechannel void @_ssdm_op_SpecAXISSideChannel, i32 %real_sample_V_data_V, i4 %real_sample_V_keep_V, i4 %real_sample_V_strb_V, i1 0, i1 %real_sample_V_last_V, i1 0, i1 0, void @empty_10"   --->   Operation 7 'specaxissidechannel' 'specaxissidechannel_ln0' <Predicate = true> <Delay = 0.00>
ST_1 : Operation 8 [1/1] (0.00ns)   --->   "%specinterface_ln0 = specinterface void @_ssdm_op_SpecInterface, i1 %imag_sample_V_last_V, i4 %imag_sample_V_strb_V, i4 %imag_sample_V_keep_V, i32 %imag_sample_V_data_V, void @empty_9, i32 0, i32 0, void @empty_8, i32 0, i32 0, void @empty_7, void @empty_7, void @empty_7, i32 0, i32 0, i32 0, i32 0, void @empty_7, void @empty_7, i32 4294967295, i32 0, i32 0"   --->   Operation 8 'specinterface' 'specinterface_ln0' <Predicate = true> <Delay = 0.00>
ST_1 : Operation 9 [1/1] (0.00ns)   --->   "%specinterface_ln0 = specinterface void @_ssdm_op_SpecInterface, i1 %real_sample_V_last_V, i4 %real_sample_V_strb_V, i4 %real_sample_V_keep_V, i32 %real_sample_V_data_V, void @empty_9, i32 0, i32 0, void @empty_8, i32 0, i32 0, void @empty_7, void @empty_7, void @empty_7, i32 0, i32 0, i32 0, i32 0, void @empty_7, void @empty_7, i32 4294967295, i32 0, i32 0"   --->   Operation 9 'specinterface' 'specinterface_ln0' <Predicate = true> <Delay = 0.00>
ST_1 : Operation 10 [1/1] (1.58ns)   --->   "%store_ln21 = store i11 0, i11 %i" [dft.cpp:21]   --->   Operation 10 'store' 'store_ln21' <Predicate = true> <Delay = 1.58>
ST_1 : Operation 11 [1/1] (0.00ns)   --->   "%br_ln21 = br void %for.inc" [dft.cpp:21]   --->   Operation 11 'br' 'br_ln21' <Predicate = true> <Delay = 0.00>
ST_1 : Operation 12 [1/1] (0.00ns)   --->   "%i_2 = load i11 %i" [dft.cpp:21]   --->   Operation 12 'load' 'i_2' <Predicate = true> <Delay = 0.00>
ST_1 : Operation 13 [1/1] (1.63ns)   --->   "%icmp_ln21 = icmp_eq  i11 %i_2, i11 1024" [dft.cpp:21]   --->   Operation 13 'icmp' 'icmp_ln21' <Predicate = true> <Delay = 1.63> <CoreInst = "Cmp">   --->   Core 9 'Cmp' <Latency = 0> <II = 1> <Delay = 1.54> <FuncUnit> <Opcode : 'seteq' 'setne' 'setle' 'setge' 'setlt' 'setgt'> <InPorts = 2> <OutPorts = 1>
ST_1 : Operation 14 [1/1] (1.63ns)   --->   "%add_ln21 = add i11 %i_2, i11 1" [dft.cpp:21]   --->   Operation 14 'add' 'add_ln21' <Predicate = true> <Delay = 1.63> <CoreInst = "Adder">   --->   Core 1 'Adder' <Latency = 0> <II = 1> <Delay = 1.63> <FuncUnit> <Opcode : 'add' 'sub'> <InPorts = 2> <OutPorts = 1>
ST_1 : Operation 15 [1/1] (0.00ns)   --->   "%br_ln21 = br i1 %icmp_ln21, void %for.inc.split, void %for.inc40.preheader.exitStub" [dft.cpp:21]   --->   Operation 15 'br' 'br_ln21' <Predicate = true> <Delay = 0.00>
ST_1 : Operation 16 [1/1] (0.00ns)   --->   "%zext_ln21 = zext i11 %i_2" [dft.cpp:21]   --->   Operation 16 'zext' 'zext_ln21' <Predicate = (!icmp_ln21)> <Delay = 0.00>
ST_1 : Operation 17 [1/1] (0.00ns)   --->   "%real_op_data_addr = getelementptr i32 %real_op_data, i64 0, i64 %zext_ln21" [dft.cpp:29]   --->   Operation 17 'getelementptr' 'real_op_data_addr' <Predicate = (!icmp_ln21)> <Delay = 0.00>
ST_1 : Operation 18 [1/1] ( I:3.25ns O:3.25ns )   --->   "%store_ln29 = store i32 0, i10 %real_op_data_addr" [dft.cpp:29]   --->   Operation 18 'store' 'store_ln29' <Predicate = (!icmp_ln21)> <Delay = 3.25> <CoreInst = "RAM">   --->   Core 81 'RAM' <Latency = 1> <II = 1> <Delay = 3.25> <Storage> <Opcode : 'load' 'store'> <Ports = 2> <Width = 32> <Depth = 1024> <RAM>
ST_1 : Operation 19 [1/1] (0.00ns)   --->   "%imag_op_data_addr = getelementptr i32 %imag_op_data, i64 0, i64 %zext_ln21" [dft.cpp:30]   --->   Operation 19 'getelementptr' 'imag_op_data_addr' <Predicate = (!icmp_ln21)> <Delay = 0.00>
ST_1 : Operation 20 [1/1] ( I:3.25ns O:3.25ns )   --->   "%store_ln30 = store i32 0, i10 %imag_op_data_addr" [dft.cpp:30]   --->   Operation 20 'store' 'store_ln30' <Predicate = (!icmp_ln21)> <Delay = 3.25> <CoreInst = "RAM">   --->   Core 81 'RAM' <Latency = 1> <II = 1> <Delay = 3.25> <Storage> <Opcode : 'load' 'store'> <Ports = 2> <Width = 32> <Depth = 1024> <RAM>
ST_1 : Operation 21 [1/1] (1.58ns)   --->   "%store_ln21 = store i11 %add_ln21, i11 %i" [dft.cpp:21]   --->   Operation 21 'store' 'store_ln21' <Predicate = (!icmp_ln21)> <Delay = 1.58>
ST_1 : Operation 36 [1/1] (1.58ns)   --->   "%ret_ln0 = ret"   --->   Operation 36 'ret' 'ret_ln0' <Predicate = (icmp_ln21)> <Delay = 1.58>

State 2 <SV = 1> <Delay = 3.77>
ST_2 : Operation 22 [1/1] (0.00ns)   --->   "%specpipeline_ln21 = specpipeline void @_ssdm_op_SpecPipeline, i32 4294967295, i32 0, i32 0, i32 0, void @empty_7" [dft.cpp:21]   --->   Operation 22 'specpipeline' 'specpipeline_ln21' <Predicate = true> <Delay = 0.00>
ST_2 : Operation 23 [1/1] (0.00ns)   --->   "%speclooptripcount_ln21 = speclooptripcount void @_ssdm_op_SpecLoopTripCount, i64 1024, i64 1024, i64 1024" [dft.cpp:21]   --->   Operation 23 'speclooptripcount' 'speclooptripcount_ln21' <Predicate = true> <Delay = 0.00>
ST_2 : Operation 24 [1/1] (0.00ns)   --->   "%specloopname_ln21 = specloopname void @_ssdm_op_SpecLoopName, void @empty" [dft.cpp:21]   --->   Operation 24 'specloopname' 'specloopname_ln21' <Predicate = true> <Delay = 0.00>
ST_2 : Operation 25 [1/1] (0.51ns)   --->   "%empty = read i41 @_ssdm_op_Read.axis.volatile.i32P0A.i4P0A.i4P0A.i1P0A, i32 %real_sample_V_data_V, i4 %real_sample_V_keep_V, i4 %real_sample_V_strb_V, i1 %real_sample_V_last_V" [dft.cpp:23]   --->   Operation 25 'read' 'empty' <Predicate = true> <Delay = 0.51> <CoreInst = "regslice">   --->   Core 135 'regslice' <Latency = 0> <II = 1> <Delay = 1.86> <Adapter> <Opcode : 'read' 'write'>
ST_2 : Operation 26 [1/1] (0.00ns)   --->   "%p_s = extractvalue i41 %empty" [dft.cpp:23]   --->   Operation 26 'extractvalue' 'p_s' <Predicate = true> <Delay = 0.00>
ST_2 : Operation 27 [1/1] (0.00ns)   --->   "%real_sample_pkt_data = bitcast i32 %p_s" [dft.cpp:23]   --->   Operation 27 'bitcast' 'real_sample_pkt_data' <Predicate = true> <Delay = 0.00>
ST_2 : Operation 28 [1/1] (0.51ns)   --->   "%empty_14 = read i41 @_ssdm_op_Read.axis.volatile.i32P0A.i4P0A.i4P0A.i1P0A, i32 %imag_sample_V_data_V, i4 %imag_sample_V_keep_V, i4 %imag_sample_V_strb_V, i1 %imag_sample_V_last_V" [dft.cpp:24]   --->   Operation 28 'read' 'empty_14' <Predicate = true> <Delay = 0.51> <CoreInst = "regslice">   --->   Core 135 'regslice' <Latency = 0> <II = 1> <Delay = 1.86> <Adapter> <Opcode : 'read' 'write'>
ST_2 : Operation 29 [1/1] (0.00ns)   --->   "%p_1 = extractvalue i41 %empty_14" [dft.cpp:24]   --->   Operation 29 'extractvalue' 'p_1' <Predicate = true> <Delay = 0.00>
ST_2 : Operation 30 [1/1] (0.00ns)   --->   "%imag_sample_pkt_data = bitcast i32 %p_1" [dft.cpp:24]   --->   Operation 30 'bitcast' 'imag_sample_pkt_data' <Predicate = true> <Delay = 0.00>
ST_2 : Operation 31 [1/1] (0.00ns)   --->   "%real_sample_data_addr = getelementptr i32 %real_sample_data, i64 0, i64 %zext_ln21" [dft.cpp:26]   --->   Operation 31 'getelementptr' 'real_sample_data_addr' <Predicate = true> <Delay = 0.00>
ST_2 : Operation 32 [1/1] ( I:3.25ns O:3.25ns )   --->   "%store_ln26 = store i32 %real_sample_pkt_data, i10 %real_sample_data_addr" [dft.cpp:26]   --->   Operation 32 'store' 'store_ln26' <Predicate = true> <Delay = 3.25> <CoreInst = "RAM">   --->   Core 81 'RAM' <Latency = 1> <II = 1> <Delay = 3.25> <Storage> <Opcode : 'load' 'store'> <Ports = 2> <Width = 32> <Depth = 1024> <RAM>
ST_2 : Operation 33 [1/1] (0.00ns)   --->   "%imag_sample_data_addr = getelementptr i32 %imag_sample_data, i64 0, i64 %zext_ln21" [dft.cpp:27]   --->   Operation 33 'getelementptr' 'imag_sample_data_addr' <Predicate = true> <Delay = 0.00>
ST_2 : Operation 34 [1/1] ( I:3.25ns O:3.25ns )   --->   "%store_ln27 = store i32 %imag_sample_pkt_data, i10 %imag_sample_data_addr" [dft.cpp:27]   --->   Operation 34 'store' 'store_ln27' <Predicate = true> <Delay = 3.25> <CoreInst = "RAM">   --->   Core 81 'RAM' <Latency = 1> <II = 1> <Delay = 3.25> <Storage> <Opcode : 'load' 'store'> <Ports = 2> <Width = 32> <Depth = 1024> <RAM>
ST_2 : Operation 35 [1/1] (0.00ns)   --->   "%br_ln21 = br void %for.inc" [dft.cpp:21]   --->   Operation 35 'br' 'br_ln21' <Predicate = true> <Delay = 0.00>


============================================================
+ Verbose Summary: Binding
============================================================
STG Binding: 
---------------- STG Properties BEGIN ----------------
- Is combinational: 0
- Is one-state seq: 0
- Is datapath-only: 0
- Is pipelined: 0
- Is top level: 0
Port [ Return ] is wired: 1; IO mode=ap_ctrl_hs:ce=0
Port [ real_sample_V_data_V]:  wired=1; compound=1; hidden=0; nouse=0; global=0; static=0; extern=0; dir=0; type=0; pingpong=0; private_global=0; IO mode=axis:ce=0
Port [ real_sample_V_keep_V]:  wired=1; compound=1; hidden=0; nouse=0; global=0; static=0; extern=0; dir=0; type=0; pingpong=0; private_global=0; IO mode=axis:ce=0
Port [ real_sample_V_strb_V]:  wired=1; compound=1; hidden=0; nouse=0; global=0; static=0; extern=0; dir=0; type=0; pingpong=0; private_global=0; IO mode=axis:ce=0
Port [ real_sample_V_last_V]:  wired=1; compound=1; hidden=0; nouse=0; global=0; static=0; extern=0; dir=0; type=0; pingpong=0; private_global=0; IO mode=axis:ce=0
Port [ imag_sample_V_data_V]:  wired=1; compound=1; hidden=0; nouse=0; global=0; static=0; extern=0; dir=0; type=0; pingpong=0; private_global=0; IO mode=axis:ce=0
Port [ imag_sample_V_keep_V]:  wired=1; compound=1; hidden=0; nouse=0; global=0; static=0; extern=0; dir=0; type=0; pingpong=0; private_global=0; IO mode=axis:ce=0
Port [ imag_sample_V_strb_V]:  wired=1; compound=1; hidden=0; nouse=0; global=0; static=0; extern=0; dir=0; type=0; pingpong=0; private_global=0; IO mode=axis:ce=0
Port [ imag_sample_V_last_V]:  wired=1; compound=1; hidden=0; nouse=0; global=0; static=0; extern=0; dir=0; type=0; pingpong=0; private_global=0; IO mode=axis:ce=0
Port [ real_sample_data]:  wired=1; compound=1; hidden=0; nouse=0; global=0; static=0; extern=0; dir=1; type=1; pingpong=0; private_global=0; MemPort=[03]; IO mode=ap_memory:ce=0
Port [ imag_sample_data]:  wired=1; compound=1; hidden=0; nouse=0; global=0; static=0; extern=0; dir=1; type=1; pingpong=0; private_global=0; MemPort=[03]; IO mode=ap_memory:ce=0
Port [ real_op_data]:  wired=1; compound=1; hidden=0; nouse=0; global=0; static=0; extern=0; dir=1; type=1; pingpong=0; private_global=0; MemPort=[03]; IO mode=ap_memory:ce=0
Port [ imag_op_data]:  wired=1; compound=1; hidden=0; nouse=0; global=0; static=0; extern=0; dir=1; type=1; pingpong=0; private_global=0; MemPort=[03]; IO mode=ap_memory:ce=0
---------------- STG Properties END ------------------

---------------- Datapath Model BEGIN ----------------

<LifeTime>
<method=bitvector/>
i                       (alloca             ) [ 010]
specaxissidechannel_ln0 (specaxissidechannel) [ 000]
specaxissidechannel_ln0 (specaxissidechannel) [ 000]
specinterface_ln0       (specinterface      ) [ 000]
specinterface_ln0       (specinterface      ) [ 000]
store_ln21              (store              ) [ 000]
br_ln21                 (br                 ) [ 000]
i_2                     (load               ) [ 000]
icmp_ln21               (icmp               ) [ 010]
add_ln21                (add                ) [ 000]
br_ln21                 (br                 ) [ 000]
zext_ln21               (zext               ) [ 011]
real_op_data_addr       (getelementptr      ) [ 000]
store_ln29              (store              ) [ 000]
imag_op_data_addr       (getelementptr      ) [ 000]
store_ln30              (store              ) [ 000]
store_ln21              (store              ) [ 000]
specpipeline_ln21       (specpipeline       ) [ 000]
speclooptripcount_ln21  (speclooptripcount  ) [ 000]
specloopname_ln21       (specloopname       ) [ 000]
empty                   (read               ) [ 000]
p_s                     (extractvalue       ) [ 000]
real_sample_pkt_data    (bitcast            ) [ 000]
empty_14                (read               ) [ 000]
p_1                     (extractvalue       ) [ 000]
imag_sample_pkt_data    (bitcast            ) [ 000]
real_sample_data_addr   (getelementptr      ) [ 000]
store_ln26              (store              ) [ 000]
imag_sample_data_addr   (getelementptr      ) [ 000]
store_ln27              (store              ) [ 000]
br_ln21                 (br                 ) [ 000]
ret_ln0                 (ret                ) [ 000]
</LifeTime>

<model>

<comp_list>
<comp id="0" class="1000" name="real_sample_V_data_V">
<pin_list>
<pin id="1" dir="1" index="0" bw="1" slack="0"/>
</pin_list>
<bind>
<StgValue><ssdm name="real_sample_V_data_V"/></StgValue>
</bind>
</comp>

<comp id="2" class="1000" name="real_sample_V_keep_V">
<pin_list>
<pin id="3" dir="1" index="0" bw="1" slack="0"/>
</pin_list>
<bind>
<StgValue><ssdm name="real_sample_V_keep_V"/></StgValue>
</bind>
</comp>

<comp id="4" class="1000" name="real_sample_V_strb_V">
<pin_list>
<pin id="5" dir="1" index="0" bw="1" slack="0"/>
</pin_list>
<bind>
<StgValue><ssdm name="real_sample_V_strb_V"/></StgValue>
</bind>
</comp>

<comp id="6" class="1000" name="real_sample_V_last_V">
<pin_list>
<pin id="7" dir="1" index="0" bw="1" slack="0"/>
</pin_list>
<bind>
<StgValue><ssdm name="real_sample_V_last_V"/></StgValue>
</bind>
</comp>

<comp id="8" class="1000" name="imag_sample_V_data_V">
<pin_list>
<pin id="9" dir="1" index="0" bw="1" slack="0"/>
</pin_list>
<bind>
<StgValue><ssdm name="imag_sample_V_data_V"/></StgValue>
</bind>
</comp>

<comp id="10" class="1000" name="imag_sample_V_keep_V">
<pin_list>
<pin id="11" dir="1" index="0" bw="1" slack="0"/>
</pin_list>
<bind>
<StgValue><ssdm name="imag_sample_V_keep_V"/></StgValue>
</bind>
</comp>

<comp id="12" class="1000" name="imag_sample_V_strb_V">
<pin_list>
<pin id="13" dir="1" index="0" bw="1" slack="0"/>
</pin_list>
<bind>
<StgValue><ssdm name="imag_sample_V_strb_V"/></StgValue>
</bind>
</comp>

<comp id="14" class="1000" name="imag_sample_V_last_V">
<pin_list>
<pin id="15" dir="1" index="0" bw="1" slack="0"/>
</pin_list>
<bind>
<StgValue><ssdm name="imag_sample_V_last_V"/></StgValue>
</bind>
</comp>

<comp id="16" class="1000" name="real_sample_data">
<pin_list>
<pin id="17" dir="1" index="0" bw="1" slack="0"/>
</pin_list>
<bind>
<StgValue><ssdm name="real_sample_data"/><MemPortTyVec>0 3 </MemPortTyVec>
</StgValue>
</bind>
</comp>

<comp id="18" class="1000" name="imag_sample_data">
<pin_list>
<pin id="19" dir="1" index="0" bw="1" slack="0"/>
</pin_list>
<bind>
<StgValue><ssdm name="imag_sample_data"/><MemPortTyVec>0 3 </MemPortTyVec>
</StgValue>
</bind>
</comp>

<comp id="20" class="1000" name="real_op_data">
<pin_list>
<pin id="21" dir="1" index="0" bw="1" slack="0"/>
</pin_list>
<bind>
<StgValue><ssdm name="real_op_data"/><MemPortTyVec>0 3 </MemPortTyVec>
</StgValue>
</bind>
</comp>

<comp id="22" class="1000" name="imag_op_data">
<pin_list>
<pin id="23" dir="1" index="0" bw="1" slack="0"/>
</pin_list>
<bind>
<StgValue><ssdm name="imag_op_data"/><MemPortTyVec>0 3 </MemPortTyVec>
</StgValue>
</bind>
</comp>

<comp id="24" class="1001" name="const_24">
<pin_list>
<pin id="25" dir="1" index="0" bw="1" slack="0"/>
</pin_list>
<bind>
<StgValue><ssdm name=""/></StgValue>
</bind>
</comp>

<comp id="26" class="1001" name="const_26">
<pin_list>
<pin id="27" dir="1" index="0" bw="1" slack="2147483647"/>
</pin_list>
<bind>
<StgValue><ssdm name="_ssdm_op_SpecAXISSideChannel"/></StgValue>
</bind>
</comp>

<comp id="28" class="1001" name="const_28">
<pin_list>
<pin id="29" dir="1" index="0" bw="1" slack="2147483647"/>
</pin_list>
<bind>
<StgValue><ssdm name=""/></StgValue>
</bind>
</comp>

<comp id="30" class="1001" name="const_30">
<pin_list>
<pin id="31" dir="1" index="0" bw="1" slack="2147483647"/>
</pin_list>
<bind>
<StgValue><ssdm name="empty_2"/></StgValue>
</bind>
</comp>

<comp id="32" class="1001" name="const_32">
<pin_list>
<pin id="33" dir="1" index="0" bw="1" slack="2147483647"/>
</pin_list>
<bind>
<StgValue><ssdm name="empty_10"/></StgValue>
</bind>
</comp>

<comp id="34" class="1001" name="const_34">
<pin_list>
<pin id="35" dir="1" index="0" bw="1" slack="2147483647"/>
</pin_list>
<bind>
<StgValue><ssdm name="_ssdm_op_SpecInterface"/></StgValue>
</bind>
</comp>

<comp id="36" class="1001" name="const_36">
<pin_list>
<pin id="37" dir="1" index="0" bw="1" slack="2147483647"/>
</pin_list>
<bind>
<StgValue><ssdm name="empty_9"/></StgValue>
</bind>
</comp>

<comp id="38" class="1001" name="const_38">
<pin_list>
<pin id="39" dir="1" index="0" bw="1" slack="2147483647"/>
</pin_list>
<bind>
<StgValue><ssdm name=""/></StgValue>
</bind>
</comp>

<comp id="40" class="1001" name="const_40">
<pin_list>
<pin id="41" dir="1" index="0" bw="1" slack="2147483647"/>
</pin_list>
<bind>
<StgValue><ssdm name="empty_8"/></StgValue>
</bind>
</comp>

<comp id="42" class="1001" name="const_42">
<pin_list>
<pin id="43" dir="1" index="0" bw="1" slack="2147483647"/>
</pin_list>
<bind>
<StgValue><ssdm name="empty_7"/></StgValue>
</bind>
</comp>

<comp id="44" class="1001" name="const_44">
<pin_list>
<pin id="45" dir="1" index="0" bw="1" slack="2147483647"/>
</pin_list>
<bind>
<StgValue><ssdm name=""/></StgValue>
</bind>
</comp>

<comp id="46" class="1001" name="const_46">
<pin_list>
<pin id="47" dir="1" index="0" bw="1" slack="0"/>
</pin_list>
<bind>
<StgValue><ssdm name=""/></StgValue>
</bind>
</comp>

<comp id="48" class="1001" name="const_48">
<pin_list>
<pin id="49" dir="1" index="0" bw="1" slack="0"/>
</pin_list>
<bind>
<StgValue><ssdm name=""/></StgValue>
</bind>
</comp>

<comp id="50" class="1001" name="const_50">
<pin_list>
<pin id="51" dir="1" index="0" bw="1" slack="0"/>
</pin_list>
<bind>
<StgValue><ssdm name=""/></StgValue>
</bind>
</comp>

<comp id="52" class="1001" name="const_52">
<pin_list>
<pin id="53" dir="1" index="0" bw="1" slack="0"/>
</pin_list>
<bind>
<StgValue><ssdm name=""/></StgValue>
</bind>
</comp>

<comp id="54" class="1001" name="const_54">
<pin_list>
<pin id="55" dir="1" index="0" bw="1" slack="0"/>
</pin_list>
<bind>
<StgValue><ssdm name=""/></StgValue>
</bind>
</comp>

<comp id="56" class="1001" name="const_56">
<pin_list>
<pin id="57" dir="1" index="0" bw="1" slack="2147483647"/>
</pin_list>
<bind>
<StgValue><ssdm name="_ssdm_op_SpecPipeline"/></StgValue>
</bind>
</comp>

<comp id="58" class="1001" name="const_58">
<pin_list>
<pin id="59" dir="1" index="0" bw="1" slack="2147483647"/>
</pin_list>
<bind>
<StgValue><ssdm name="_ssdm_op_SpecLoopTripCount"/></StgValue>
</bind>
</comp>

<comp id="60" class="1001" name="const_60">
<pin_list>
<pin id="61" dir="1" index="0" bw="1" slack="2147483647"/>
</pin_list>
<bind>
<StgValue><ssdm name=""/></StgValue>
</bind>
</comp>

<comp id="62" class="1001" name="const_62">
<pin_list>
<pin id="63" dir="1" index="0" bw="1" slack="2147483647"/>
</pin_list>
<bind>
<StgValue><ssdm name="_ssdm_op_SpecLoopName"/></StgValue>
</bind>
</comp>

<comp id="64" class="1001" name="const_64">
<pin_list>
<pin id="65" dir="1" index="0" bw="1" slack="2147483647"/>
</pin_list>
<bind>
<StgValue><ssdm name="empty"/></StgValue>
</bind>
</comp>

<comp id="66" class="1001" name="const_66">
<pin_list>
<pin id="67" dir="1" index="0" bw="1" slack="0"/>
</pin_list>
<bind>
<StgValue><ssdm name="_ssdm_op_Read.axis.volatile.i32P0A.i4P0A.i4P0A.i1P0A"/></StgValue>
</bind>
</comp>

<comp id="68" class="1004" name="i_fu_68">
<pin_list>
<pin id="69" dir="0" index="0" bw="1" slack="0"/>
<pin id="70" dir="1" index="1" bw="11" slack="0"/>
</pin_list>
<bind>
<opcode="alloca(26) " fcode="alloca"/>
<opset="i/1 "/>
</bind>
</comp>

<comp id="72" class="1004" name="empty_read_fu_72">
<pin_list>
<pin id="73" dir="0" index="0" bw="41" slack="0"/>
<pin id="74" dir="0" index="1" bw="32" slack="0"/>
<pin id="75" dir="0" index="2" bw="4" slack="0"/>
<pin id="76" dir="0" index="3" bw="4" slack="0"/>
<pin id="77" dir="0" index="4" bw="1" slack="0"/>
<pin id="78" dir="1" index="5" bw="41" slack="0"/>
</pin_list>
<bind>
<opcode="read(1150) " fcode="read"/>
<opset="empty/2 "/>
</bind>
</comp>

<comp id="84" class="1004" name="empty_14_read_fu_84">
<pin_list>
<pin id="85" dir="0" index="0" bw="41" slack="0"/>
<pin id="86" dir="0" index="1" bw="32" slack="0"/>
<pin id="87" dir="0" index="2" bw="4" slack="0"/>
<pin id="88" dir="0" index="3" bw="4" slack="0"/>
<pin id="89" dir="0" index="4" bw="1" slack="0"/>
<pin id="90" dir="1" index="5" bw="41" slack="0"/>
</pin_list>
<bind>
<opcode="read(1150) " fcode="read"/>
<opset="empty_14/2 "/>
</bind>
</comp>

<comp id="96" class="1004" name="real_op_data_addr_gep_fu_96">
<pin_list>
<pin id="97" dir="0" index="0" bw="32" slack="0"/>
<pin id="98" dir="0" index="1" bw="1" slack="0"/>
<pin id="99" dir="0" index="2" bw="11" slack="0"/>
<pin id="100" dir="1" index="3" bw="10" slack="0"/>
</pin_list>
<bind>
<opcode="getelementptr(29) " fcode="getelementptr"/>
<opset="real_op_data_addr/1 "/>
</bind>
</comp>

<comp id="103" class="1004" name="store_ln29_access_fu_103">
<pin_list>
<pin id="104" dir="0" index="0" bw="10" slack="0"/>
<pin id="105" dir="0" index="1" bw="32" slack="0"/>
<pin id="106" dir="0" index="2" bw="0" slack="2147483647"/>
<pin id="107" dir="1" index="3" bw="32" slack="2147483647"/>
</pin_list>
<bind>
<opcode="store(28) " fcode="store"/>
<opset="store_ln29/1 "/>
</bind>
</comp>

<comp id="110" class="1004" name="imag_op_data_addr_gep_fu_110">
<pin_list>
<pin id="111" dir="0" index="0" bw="32" slack="0"/>
<pin id="112" dir="0" index="1" bw="1" slack="0"/>
<pin id="113" dir="0" index="2" bw="11" slack="0"/>
<pin id="114" dir="1" index="3" bw="10" slack="0"/>
</pin_list>
<bind>
<opcode="getelementptr(29) " fcode="getelementptr"/>
<opset="imag_op_data_addr/1 "/>
</bind>
</comp>

<comp id="117" class="1004" name="store_ln30_access_fu_117">
<pin_list>
<pin id="118" dir="0" index="0" bw="10" slack="0"/>
<pin id="119" dir="0" index="1" bw="32" slack="0"/>
<pin id="120" dir="0" index="2" bw="0" slack="2147483647"/>
<pin id="121" dir="1" index="3" bw="32" slack="2147483647"/>
</pin_list>
<bind>
<opcode="store(28) " fcode="store"/>
<opset="store_ln30/1 "/>
</bind>
</comp>

<comp id="124" class="1004" name="real_sample_data_addr_gep_fu_124">
<pin_list>
<pin id="125" dir="0" index="0" bw="32" slack="0"/>
<pin id="126" dir="0" index="1" bw="1" slack="0"/>
<pin id="127" dir="0" index="2" bw="11" slack="1"/>
<pin id="128" dir="1" index="3" bw="10" slack="0"/>
</pin_list>
<bind>
<opcode="getelementptr(29) " fcode="getelementptr"/>
<opset="real_sample_data_addr/2 "/>
</bind>
</comp>

<comp id="131" class="1004" name="store_ln26_access_fu_131">
<pin_list>
<pin id="132" dir="0" index="0" bw="10" slack="0"/>
<pin id="133" dir="0" index="1" bw="32" slack="0"/>
<pin id="134" dir="0" index="2" bw="0" slack="2147483647"/>
<pin id="135" dir="1" index="3" bw="32" slack="2147483647"/>
</pin_list>
<bind>
<opcode="store(28) " fcode="store"/>
<opset="store_ln26/2 "/>
</bind>
</comp>

<comp id="137" class="1004" name="imag_sample_data_addr_gep_fu_137">
<pin_list>
<pin id="138" dir="0" index="0" bw="32" slack="0"/>
<pin id="139" dir="0" index="1" bw="1" slack="0"/>
<pin id="140" dir="0" index="2" bw="11" slack="1"/>
<pin id="141" dir="1" index="3" bw="10" slack="0"/>
</pin_list>
<bind>
<opcode="getelementptr(29) " fcode="getelementptr"/>
<opset="imag_sample_data_addr/2 "/>
</bind>
</comp>

<comp id="144" class="1004" name="store_ln27_access_fu_144">
<pin_list>
<pin id="145" dir="0" index="0" bw="10" slack="0"/>
<pin id="146" dir="0" index="1" bw="32" slack="0"/>
<pin id="147" dir="0" index="2" bw="0" slack="2147483647"/>
<pin id="148" dir="1" index="3" bw="32" slack="2147483647"/>
</pin_list>
<bind>
<opcode="store(28) " fcode="store"/>
<opset="store_ln27/2 "/>
</bind>
</comp>

<comp id="150" class="1004" name="store_ln21_store_fu_150">
<pin_list>
<pin id="151" dir="0" index="0" bw="1" slack="0"/>
<pin id="152" dir="0" index="1" bw="11" slack="0"/>
<pin id="153" dir="1" index="2" bw="0" slack="2147483647"/>
</pin_list>
<bind>
<opcode="store(28) " fcode="store"/>
<opset="store_ln21/1 "/>
</bind>
</comp>

<comp id="155" class="1004" name="i_2_load_fu_155">
<pin_list>
<pin id="156" dir="0" index="0" bw="11" slack="0"/>
<pin id="157" dir="1" index="1" bw="11" slack="0"/>
</pin_list>
<bind>
<opcode="load(27) " fcode="load"/>
<opset="i_2/1 "/>
</bind>
</comp>

<comp id="158" class="1004" name="icmp_ln21_fu_158">
<pin_list>
<pin id="159" dir="0" index="0" bw="11" slack="0"/>
<pin id="160" dir="0" index="1" bw="11" slack="0"/>
<pin id="161" dir="1" index="2" bw="1" slack="2147483647"/>
</pin_list>
<bind>
<opcode="icmp(45) " fcode="icmp"/>
<opset="icmp_ln21/1 "/>
</bind>
</comp>

<comp id="164" class="1004" name="add_ln21_fu_164">
<pin_list>
<pin id="165" dir="0" index="0" bw="11" slack="0"/>
<pin id="166" dir="0" index="1" bw="1" slack="0"/>
<pin id="167" dir="1" index="2" bw="11" slack="0"/>
</pin_list>
<bind>
<opcode="add(8) " fcode="add"/>
<opset="add_ln21/1 "/>
</bind>
</comp>

<comp id="170" class="1004" name="zext_ln21_fu_170">
<pin_list>
<pin id="171" dir="0" index="0" bw="11" slack="0"/>
<pin id="172" dir="1" index="1" bw="64" slack="0"/>
</pin_list>
<bind>
<opcode="zext(34) " fcode="zext"/>
<opset="zext_ln21/1 "/>
</bind>
</comp>

<comp id="176" class="1004" name="store_ln21_store_fu_176">
<pin_list>
<pin id="177" dir="0" index="0" bw="11" slack="0"/>
<pin id="178" dir="0" index="1" bw="11" slack="0"/>
<pin id="179" dir="1" index="2" bw="0" slack="2147483647"/>
</pin_list>
<bind>
<opcode="store(28) " fcode="store"/>
<opset="store_ln21/1 "/>
</bind>
</comp>

<comp id="181" class="1004" name="p_s_fu_181">
<pin_list>
<pin id="182" dir="0" index="0" bw="41" slack="0"/>
<pin id="183" dir="1" index="1" bw="32" slack="0"/>
</pin_list>
<bind>
<opcode="extractvalue(56) " fcode="extractvalue"/>
<opset="p_s/2 "/>
</bind>
</comp>

<comp id="185" class="1004" name="real_sample_pkt_data_fu_185">
<pin_list>
<pin id="186" dir="0" index="0" bw="32" slack="0"/>
<pin id="187" dir="1" index="1" bw="32" slack="0"/>
</pin_list>
<bind>
<opcode="bitcast(44) " fcode="bitcast"/>
<opset="real_sample_pkt_data/2 "/>
</bind>
</comp>

<comp id="190" class="1004" name="p_1_fu_190">
<pin_list>
<pin id="191" dir="0" index="0" bw="41" slack="0"/>
<pin id="192" dir="1" index="1" bw="32" slack="0"/>
</pin_list>
<bind>
<opcode="extractvalue(56) " fcode="extractvalue"/>
<opset="p_1/2 "/>
</bind>
</comp>

<comp id="194" class="1004" name="imag_sample_pkt_data_fu_194">
<pin_list>
<pin id="195" dir="0" index="0" bw="32" slack="0"/>
<pin id="196" dir="1" index="1" bw="32" slack="0"/>
</pin_list>
<bind>
<opcode="bitcast(44) " fcode="bitcast"/>
<opset="imag_sample_pkt_data/2 "/>
</bind>
</comp>

<comp id="199" class="1005" name="i_reg_199">
<pin_list>
<pin id="200" dir="0" index="0" bw="11" slack="0"/>
<pin id="201" dir="1" index="1" bw="11" slack="0"/>
</pin_list>
<bind>
<opset="i "/>
</bind>
</comp>

<comp id="209" class="1005" name="zext_ln21_reg_209">
<pin_list>
<pin id="210" dir="0" index="0" bw="64" slack="1"/>
<pin id="211" dir="1" index="1" bw="64" slack="1"/>
</pin_list>
<bind>
<opset="zext_ln21 "/>
</bind>
</comp>

</comp_list>

<net_list>
<net id="71"><net_src comp="24" pin="0"/><net_sink comp="68" pin=0"/></net>

<net id="79"><net_src comp="66" pin="0"/><net_sink comp="72" pin=0"/></net>

<net id="80"><net_src comp="0" pin="0"/><net_sink comp="72" pin=1"/></net>

<net id="81"><net_src comp="2" pin="0"/><net_sink comp="72" pin=2"/></net>

<net id="82"><net_src comp="4" pin="0"/><net_sink comp="72" pin=3"/></net>

<net id="83"><net_src comp="6" pin="0"/><net_sink comp="72" pin=4"/></net>

<net id="91"><net_src comp="66" pin="0"/><net_sink comp="84" pin=0"/></net>

<net id="92"><net_src comp="8" pin="0"/><net_sink comp="84" pin=1"/></net>

<net id="93"><net_src comp="10" pin="0"/><net_sink comp="84" pin=2"/></net>

<net id="94"><net_src comp="12" pin="0"/><net_sink comp="84" pin=3"/></net>

<net id="95"><net_src comp="14" pin="0"/><net_sink comp="84" pin=4"/></net>

<net id="101"><net_src comp="20" pin="0"/><net_sink comp="96" pin=0"/></net>

<net id="102"><net_src comp="52" pin="0"/><net_sink comp="96" pin=1"/></net>

<net id="108"><net_src comp="54" pin="0"/><net_sink comp="103" pin=1"/></net>

<net id="109"><net_src comp="96" pin="3"/><net_sink comp="103" pin=0"/></net>

<net id="115"><net_src comp="22" pin="0"/><net_sink comp="110" pin=0"/></net>

<net id="116"><net_src comp="52" pin="0"/><net_sink comp="110" pin=1"/></net>

<net id="122"><net_src comp="54" pin="0"/><net_sink comp="117" pin=1"/></net>

<net id="123"><net_src comp="110" pin="3"/><net_sink comp="117" pin=0"/></net>

<net id="129"><net_src comp="16" pin="0"/><net_sink comp="124" pin=0"/></net>

<net id="130"><net_src comp="52" pin="0"/><net_sink comp="124" pin=1"/></net>

<net id="136"><net_src comp="124" pin="3"/><net_sink comp="131" pin=0"/></net>

<net id="142"><net_src comp="18" pin="0"/><net_sink comp="137" pin=0"/></net>

<net id="143"><net_src comp="52" pin="0"/><net_sink comp="137" pin=1"/></net>

<net id="149"><net_src comp="137" pin="3"/><net_sink comp="144" pin=0"/></net>

<net id="154"><net_src comp="46" pin="0"/><net_sink comp="150" pin=0"/></net>

<net id="162"><net_src comp="155" pin="1"/><net_sink comp="158" pin=0"/></net>

<net id="163"><net_src comp="48" pin="0"/><net_sink comp="158" pin=1"/></net>

<net id="168"><net_src comp="155" pin="1"/><net_sink comp="164" pin=0"/></net>

<net id="169"><net_src comp="50" pin="0"/><net_sink comp="164" pin=1"/></net>

<net id="173"><net_src comp="155" pin="1"/><net_sink comp="170" pin=0"/></net>

<net id="174"><net_src comp="170" pin="1"/><net_sink comp="96" pin=2"/></net>

<net id="175"><net_src comp="170" pin="1"/><net_sink comp="110" pin=2"/></net>

<net id="180"><net_src comp="164" pin="2"/><net_sink comp="176" pin=0"/></net>

<net id="184"><net_src comp="72" pin="5"/><net_sink comp="181" pin=0"/></net>

<net id="188"><net_src comp="181" pin="1"/><net_sink comp="185" pin=0"/></net>

<net id="189"><net_src comp="185" pin="1"/><net_sink comp="131" pin=1"/></net>

<net id="193"><net_src comp="84" pin="5"/><net_sink comp="190" pin=0"/></net>

<net id="197"><net_src comp="190" pin="1"/><net_sink comp="194" pin=0"/></net>

<net id="198"><net_src comp="194" pin="1"/><net_sink comp="144" pin=1"/></net>

<net id="202"><net_src comp="68" pin="1"/><net_sink comp="199" pin=0"/></net>

<net id="203"><net_src comp="199" pin="1"/><net_sink comp="150" pin=1"/></net>

<net id="204"><net_src comp="199" pin="1"/><net_sink comp="155" pin=0"/></net>

<net id="205"><net_src comp="199" pin="1"/><net_sink comp="176" pin=1"/></net>

<net id="212"><net_src comp="170" pin="1"/><net_sink comp="209" pin=0"/></net>

<net id="213"><net_src comp="209" pin="1"/><net_sink comp="124" pin=2"/></net>

<net id="214"><net_src comp="209" pin="1"/><net_sink comp="137" pin=2"/></net>

</net_list>

</model> 
---------------- Datapath Model END ------------------

* FSMD analyzer results:
  - Output states:
	Port: real_sample_V_data_V | {}
	Port: real_sample_V_keep_V | {}
	Port: real_sample_V_strb_V | {}
	Port: real_sample_V_last_V | {}
	Port: imag_sample_V_data_V | {}
	Port: imag_sample_V_keep_V | {}
	Port: imag_sample_V_strb_V | {}
	Port: imag_sample_V_last_V | {}
	Port: real_sample_data | {2 }
	Port: imag_sample_data | {2 }
	Port: real_op_data | {1 }
	Port: imag_op_data | {1 }
 - Input state : 
	Port: dft_Pipeline_VITIS_LOOP_21_1 : real_sample_V_data_V | {2 }
	Port: dft_Pipeline_VITIS_LOOP_21_1 : real_sample_V_keep_V | {2 }
	Port: dft_Pipeline_VITIS_LOOP_21_1 : real_sample_V_strb_V | {2 }
	Port: dft_Pipeline_VITIS_LOOP_21_1 : real_sample_V_last_V | {2 }
	Port: dft_Pipeline_VITIS_LOOP_21_1 : imag_sample_V_data_V | {2 }
	Port: dft_Pipeline_VITIS_LOOP_21_1 : imag_sample_V_keep_V | {2 }
	Port: dft_Pipeline_VITIS_LOOP_21_1 : imag_sample_V_strb_V | {2 }
	Port: dft_Pipeline_VITIS_LOOP_21_1 : imag_sample_V_last_V | {2 }
  - Chain level:
	State 1
		store_ln21 : 1
		i_2 : 1
		icmp_ln21 : 2
		add_ln21 : 2
		br_ln21 : 3
		zext_ln21 : 2
		real_op_data_addr : 3
		store_ln29 : 4
		imag_op_data_addr : 3
		store_ln30 : 4
		store_ln21 : 3
	State 2
		real_sample_pkt_data : 1
		imag_sample_pkt_data : 1
		store_ln26 : 2
		store_ln27 : 2


============================================================
+ Verbose Summary: Datapath Resource usage 
============================================================

* Functional unit list:
|----------|---------------------|---------|---------|
| Operation|   Functional Unit   |    FF   |   LUT   |
|----------|---------------------|---------|---------|
|   icmp   |   icmp_ln21_fu_158  |    0    |    12   |
|----------|---------------------|---------|---------|
|    add   |   add_ln21_fu_164   |    0    |    12   |
|----------|---------------------|---------|---------|
|   read   |   empty_read_fu_72  |    0    |    0    |
|          | empty_14_read_fu_84 |    0    |    0    |
|----------|---------------------|---------|---------|
|   zext   |   zext_ln21_fu_170  |    0    |    0    |
|----------|---------------------|---------|---------|
|extractvalue|      p_s_fu_181     |    0    |    0    |
|          |      p_1_fu_190     |    0    |    0    |
|----------|---------------------|---------|---------|
|   Total  |                     |    0    |    24   |
|----------|---------------------|---------|---------|

Memories:
N/A

* Register list:
+-----------------+--------+
|                 |   FF   |
+-----------------+--------+
|    i_reg_199    |   11   |
|zext_ln21_reg_209|   64   |
+-----------------+--------+
|      Total      |   75   |
+-----------------+--------+

* Multiplexer (MUX) list: 
|--------|------|------|------|--------|
|  Comp  |  Pin | Size |  BW  | S x BW |
|--------|------|------|------|--------|
|  Total |      |      |      |    0   |
|--------|------|------|------|--------|



* Summary:
+-----------+--------+--------+
|           |   FF   |   LUT  |
+-----------+--------+--------+
|  Function |    0   |   24   |
|   Memory  |    -   |    -   |
|Multiplexer|    -   |    -   |
|  Register |   75   |    -   |
+-----------+--------+--------+
|   Total   |   75   |   24   |
+-----------+--------+--------+
