

================================================================
== Vitis HLS Report for 'dft_Pipeline_VITIS_LOOP_43_2_VITIS_LOOP_44_3'
================================================================
* Date:           Sun Nov  9 02:12:21 2025

* Version:        2024.2 (Build 5238294 on Nov  8 2024)
* Project:        dft.comp
* Solution:       hls (Vivado IP Flow Target)
* Product family: zynq
* Target device:  xc7z020-clg400-1


================================================================
== Performance Estimates
================================================================
+ Timing: 
    * Summary: 
    +--------+----------+----------+------------+
    |  Clock |  Target  | Estimated| Uncertainty|
    +--------+----------+----------+------------+
    |ap_clk  |  10.00 ns|  7.256 ns|     2.70 ns|
    +--------+----------+----------+------------+

+ Latency: 
    * Summary: 
    +---------+---------+-----------+-----------+---------+---------+------------------------------------------------+
    |  Latency (cycles) |   Latency (absolute)  |      Interval     |                    Pipeline                    |
    |   min   |   max   |    min    |    max    |   min   |   max   |                      Type                      |
    +---------+---------+-----------+-----------+---------+---------+------------------------------------------------+
    |  6291473|  6291473|  62.915 ms|  62.915 ms|  6291462|  6291462|  loop auto-rewind stp (delay=0 clock cycles(s))|
    +---------+---------+-----------+-----------+---------+---------+------------------------------------------------+

    + Detail: 
        * Instance: 
        N/A

        * Loop: 
        +-----------------------------------+---------+---------+----------+-----------+-----------+---------+----------+
        |                                   |  Latency (cycles) | Iteration|  Initiation Interval  |   Trip  |          |
        |             Loop Name             |   min   |   max   |  Latency |  achieved |   target  |  Count  | Pipelined|
        +-----------------------------------+---------+---------+----------+-----------+-----------+---------+----------+
        |- VITIS_LOOP_43_2_VITIS_LOOP_44_3  |  6291471|  6291471|        22|          6|          1|  1048576|       yes|
        +-----------------------------------+---------+---------+----------+-----------+-----------+---------+----------+

============================================================
+ Verbose Summary: Synthesis Manager
============================================================
InlineROM: 1
ExposeGlobal: 0
============================================================
+ Verbose Summary: CDFG Model
============================================================
IsTopModel: 0
ResetActiveHigh: 1
IsCombinational: 0
IsDatapathOnly: 0
HasWiredReturn: 1
HasMFsm: 2
HasVarLatency: 1
IsPipeline: 0
IsRtlPipelined: 0
IsInstanceOverlapped: 0
IsDontTouch: 0
HasImplIP: 0
IsGatedGlobalClock: 0

+ Individual pipeline summary: 
  * Pipeline-0: initiation interval (II) = 6, depth = 22


============================================================
+ Verbose Summary: Schedule
============================================================
* Number of FSM states : 22
* Pipeline : 1
  Pipeline-0 : II = 6, D = 22, States = { 1 2 3 4 5 6 7 8 9 10 11 12 13 14 15 16 17 18 19 20 21 22 }
* Dataflow Pipeline: 0

* FSM state transitions: 
1 --> 2 
2 --> 3 
3 --> 4 
4 --> 5 
5 --> 6 
6 --> 7 
7 --> 8 
8 --> 9 
9 --> 10 
10 --> 11 
11 --> 12 
12 --> 13 
13 --> 14 
14 --> 15 
15 --> 16 
16 --> 17 
17 --> 18 
18 --> 19 
19 --> 20 
20 --> 21 
21 --> 22 
22 --> 

* FSM state operations: 

State 1 <SV = 0> <Delay = 7.19>
ST_1 : Operation 25 [1/1] (0.00ns)   --->   "%j = alloca i32 1" [dft.cpp:44]   --->   Operation 25 'alloca' 'j' <Predicate = true> <Delay = 0.00>
ST_1 : Operation 26 [1/1] (0.00ns)   --->   "%i_1 = alloca i32 1" [dft.cpp:43]   --->   Operation 26 'alloca' 'i_1' <Predicate = true> <Delay = 0.00>
ST_1 : Operation 27 [1/1] (0.00ns)   --->   "%indvar_flatten = alloca i32 1"   --->   Operation 27 'alloca' 'indvar_flatten' <Predicate = true> <Delay = 0.00>
ST_1 : Operation 28 [1/1] (0.00ns)   --->   "%add193 = alloca i32 1"   --->   Operation 28 'alloca' 'add193' <Predicate = true> <Delay = 0.00>
ST_1 : Operation 29 [1/1] (0.00ns)   --->   "%add39194 = alloca i32 1"   --->   Operation 29 'alloca' 'add39194' <Predicate = true> <Delay = 0.00>
ST_1 : Operation 30 [1/1] (1.58ns)   --->   "%store_ln0 = store i21 0, i21 %indvar_flatten"   --->   Operation 30 'store' 'store_ln0' <Predicate = true> <Delay = 1.58>
ST_1 : Operation 31 [1/1] (1.58ns)   --->   "%store_ln43 = store i11 0, i11 %i_1" [dft.cpp:43]   --->   Operation 31 'store' 'store_ln43' <Predicate = true> <Delay = 1.58>
ST_1 : Operation 32 [1/1] (1.58ns)   --->   "%store_ln44 = store i11 0, i11 %j" [dft.cpp:44]   --->   Operation 32 'store' 'store_ln44' <Predicate = true> <Delay = 1.58>
ST_1 : Operation 33 [1/1] (0.00ns)   --->   "%br_ln0 = br void %for.inc40"   --->   Operation 33 'br' 'br_ln0' <Predicate = true> <Delay = 0.00>
ST_1 : Operation 34 [1/1] (0.00ns)   --->   "%indvar_flatten_load = load i21 %indvar_flatten" [dft.cpp:43]   --->   Operation 34 'load' 'indvar_flatten_load' <Predicate = true> <Delay = 0.00>
ST_1 : Operation 35 [1/1] (2.22ns)   --->   "%icmp_ln43 = icmp_eq  i21 %indvar_flatten_load, i21 1048576" [dft.cpp:43]   --->   Operation 35 'icmp' 'icmp_ln43' <Predicate = true> <Delay = 2.22> <CoreInst = "Cmp">   --->   Core 9 'Cmp' <Latency = 0> <II = 1> <Delay = 2.22> <FuncUnit> <Opcode : 'seteq' 'setne' 'setle' 'setge' 'setlt' 'setgt'> <InPorts = 2> <OutPorts = 1>
ST_1 : Operation 36 [1/1] (2.22ns)   --->   "%add_ln43 = add i21 %indvar_flatten_load, i21 1" [dft.cpp:43]   --->   Operation 36 'add' 'add_ln43' <Predicate = true> <Delay = 2.22> <CoreInst = "Adder">   --->   Core 1 'Adder' <Latency = 0> <II = 1> <Delay = 2.22> <FuncUnit> <Opcode : 'add' 'sub'> <InPorts = 2> <OutPorts = 1>
ST_1 : Operation 37 [1/1] (0.00ns)   --->   "%br_ln43 = br i1 %icmp_ln43, void %for.inc43, void %for.body50.preheader.exitStub" [dft.cpp:43]   --->   Operation 37 'br' 'br_ln43' <Predicate = true> <Delay = 0.00>
ST_1 : Operation 38 [1/1] (0.00ns)   --->   "%j_load = load i11 %j" [dft.cpp:44]   --->   Operation 38 'load' 'j_load' <Predicate = (!icmp_ln43)> <Delay = 0.00>
ST_1 : Operation 39 [1/1] (1.63ns)   --->   "%icmp_ln44 = icmp_eq  i11 %j_load, i11 1024" [dft.cpp:44]   --->   Operation 39 'icmp' 'icmp_ln44' <Predicate = (!icmp_ln43)> <Delay = 1.63> <CoreInst = "Cmp">   --->   Core 9 'Cmp' <Latency = 0> <II = 1> <Delay = 1.63> <FuncUnit> <Opcode : 'seteq' 'setne' 'setle' 'setge' 'setlt' 'setgt'> <InPorts = 2> <OutPorts = 1>
ST_1 : Operation 40 [1/1] (0.69ns)   --->   "%select_ln43 = select i1 %icmp_ln44, i11 0, i11 %j_load" [dft.cpp:43]   --->   Operation 40 'select' 'select_ln43' <Predicate = (!icmp_ln43)> <Delay = 0.69> <CoreInst = "Sel">   --->   Core 73 'Sel' <Latency = 0> <II = 1> <Delay = 0.69> <FuncUnit> <Opcode : 'select'> <InPorts = 3> <OutPorts = 1>
ST_1 : Operation 41 [1/1] (1.63ns)   --->   "%first_iter_0 = icmp_eq  i11 %select_ln43, i11 0" [dft.cpp:43]   --->   Operation 41 'icmp' 'first_iter_0' <Predicate = (!icmp_ln43)> <Delay = 1.63> <CoreInst = "Cmp">   --->   Core 9 'Cmp' <Latency = 0> <II = 1> <Delay = 1.63> <FuncUnit> <Opcode : 'seteq' 'setne' 'setle' 'setge' 'setlt' 'setgt'> <InPorts = 2> <OutPorts = 1>
ST_1 : Operation 42 [1/1] (0.00ns)   --->   "%br_ln44 = br i1 %first_iter_0, void %for.inc40.split, void %for.first.iter.for.inc40" [dft.cpp:44]   --->   Operation 42 'br' 'br_ln44' <Predicate = (!icmp_ln43)> <Delay = 0.00>
ST_1 : Operation 43 [1/1] (0.00ns)   --->   "%zext_ln44 = zext i11 %select_ln43" [dft.cpp:44]   --->   Operation 43 'zext' 'zext_ln44' <Predicate = (!icmp_ln43)> <Delay = 0.00>
ST_1 : Operation 44 [1/1] (0.00ns)   --->   "%trunc_ln45_1 = trunc i11 %select_ln43" [dft.cpp:45]   --->   Operation 44 'trunc' 'trunc_ln45_1' <Predicate = (!icmp_ln43)> <Delay = 0.00>
ST_1 : Operation 45 [1/1] (0.00ns)   --->   "%real_sample_data_addr = getelementptr i32 %real_sample_data, i64 0, i64 %zext_ln44" [dft.cpp:49]   --->   Operation 45 'getelementptr' 'real_sample_data_addr' <Predicate = (!icmp_ln43)> <Delay = 0.00>
ST_1 : Operation 46 [2/2] (3.25ns)   --->   "%real_sample_data_load = load i10 %real_sample_data_addr" [dft.cpp:49]   --->   Operation 46 'load' 'real_sample_data_load' <Predicate = (!icmp_ln43)> <Delay = 3.25> <CoreInst = "RAM">   --->   Core 81 'RAM' <Latency = 1> <II = 1> <Delay = 3.25> <Storage> <Opcode : 'load' 'store'> <Ports = 2> <Width = 32> <Depth = 1024> <RAM>
ST_1 : Operation 47 [1/1] (0.00ns)   --->   "%imag_sample_data_addr = getelementptr i32 %imag_sample_data, i64 0, i64 %zext_ln44" [dft.cpp:49]   --->   Operation 47 'getelementptr' 'imag_sample_data_addr' <Predicate = (!icmp_ln43)> <Delay = 0.00>
ST_1 : Operation 48 [2/2] (3.25ns)   --->   "%imag_sample_data_load = load i10 %imag_sample_data_addr" [dft.cpp:49]   --->   Operation 48 'load' 'imag_sample_data_load' <Predicate = (!icmp_ln43)> <Delay = 3.25> <CoreInst = "RAM">   --->   Core 81 'RAM' <Latency = 1> <II = 1> <Delay = 3.25> <Storage> <Opcode : 'load' 'store'> <Ports = 2> <Width = 32> <Depth = 1024> <RAM>
ST_1 : Operation 49 [1/1] (1.63ns)   --->   "%add_ln44 = add i11 %select_ln43, i11 1" [dft.cpp:44]   --->   Operation 49 'add' 'add_ln44' <Predicate = (!icmp_ln43)> <Delay = 1.63> <CoreInst = "Adder">   --->   Core 1 'Adder' <Latency = 0> <II = 1> <Delay = 1.63> <FuncUnit> <Opcode : 'add' 'sub'> <InPorts = 2> <OutPorts = 1>
ST_1 : Operation 50 [1/1] (1.63ns)   --->   "%icmp_ln44_1 = icmp_eq  i11 %add_ln44, i11 1024" [dft.cpp:44]   --->   Operation 50 'icmp' 'icmp_ln44_1' <Predicate = (!icmp_ln43)> <Delay = 1.63> <CoreInst = "Cmp">   --->   Core 9 'Cmp' <Latency = 0> <II = 1> <Delay = 1.63> <FuncUnit> <Opcode : 'seteq' 'setne' 'setle' 'setge' 'setlt' 'setgt'> <InPorts = 2> <OutPorts = 1>
ST_1 : Operation 51 [1/1] (0.00ns)   --->   "%br_ln44 = br i1 %icmp_ln44_1, void %new.latch.for.inc40.split, void %last.iter.for.inc40.split" [dft.cpp:44]   --->   Operation 51 'br' 'br_ln44' <Predicate = (!icmp_ln43)> <Delay = 0.00>
ST_1 : Operation 52 [1/1] (1.58ns)   --->   "%store_ln43 = store i21 %add_ln43, i21 %indvar_flatten" [dft.cpp:43]   --->   Operation 52 'store' 'store_ln43' <Predicate = (!icmp_ln43)> <Delay = 1.58>
ST_1 : Operation 53 [1/1] (1.58ns)   --->   "%store_ln44 = store i11 %add_ln44, i11 %j" [dft.cpp:44]   --->   Operation 53 'store' 'store_ln44' <Predicate = (!icmp_ln43)> <Delay = 1.58>

State 2 <SV = 1> <Delay = 6.85>
ST_2 : Operation 54 [1/1] (0.00ns)   --->   "%i_1_load = load i11 %i_1" [dft.cpp:43]   --->   Operation 54 'load' 'i_1_load' <Predicate = (!icmp_ln43)> <Delay = 0.00>
ST_2 : Operation 55 [1/1] (1.63ns)   --->   "%add_ln43_1 = add i11 %i_1_load, i11 1" [dft.cpp:43]   --->   Operation 55 'add' 'add_ln43_1' <Predicate = (!icmp_ln43 & icmp_ln44)> <Delay = 1.63> <CoreInst = "Adder">   --->   Core 1 'Adder' <Latency = 0> <II = 1> <Delay = 1.63> <FuncUnit> <Opcode : 'add' 'sub'> <InPorts = 2> <OutPorts = 1>
ST_2 : Operation 56 [1/1] (0.69ns)   --->   "%select_ln43_1 = select i1 %icmp_ln44, i11 %add_ln43_1, i11 %i_1_load" [dft.cpp:43]   --->   Operation 56 'select' 'select_ln43_1' <Predicate = (!icmp_ln43)> <Delay = 0.69> <CoreInst = "Sel">   --->   Core 73 'Sel' <Latency = 0> <II = 1> <Delay = 0.69> <FuncUnit> <Opcode : 'select'> <InPorts = 3> <OutPorts = 1>
ST_2 : Operation 57 [1/1] (0.00ns)   --->   "%trunc_ln45 = trunc i11 %select_ln43_1" [dft.cpp:45]   --->   Operation 57 'trunc' 'trunc_ln45' <Predicate = (!icmp_ln43)> <Delay = 0.00>
ST_2 : Operation 58 [1/1] (4.52ns)   --->   "%index = mul i10 %trunc_ln45_1, i10 %trunc_ln45" [dft.cpp:45]   --->   Operation 58 'mul' 'index' <Predicate = (!icmp_ln43)> <Delay = 4.52> <CoreInst = "Multiplier">   --->   Core 3 'Multiplier' <Latency = 0> <II = 1> <Delay = 4.52> <FuncUnit> <Opcode : 'mul'> <InPorts = 2> <OutPorts = 1>
ST_2 : Operation 59 [1/2] ( I:3.25ns O:3.25ns )   --->   "%real_sample_data_load = load i10 %real_sample_data_addr" [dft.cpp:49]   --->   Operation 59 'load' 'real_sample_data_load' <Predicate = (!icmp_ln43)> <Delay = 3.25> <CoreInst = "RAM">   --->   Core 81 'RAM' <Latency = 1> <II = 1> <Delay = 3.25> <Storage> <Opcode : 'load' 'store'> <Ports = 2> <Width = 32> <Depth = 1024> <RAM>
ST_2 : Operation 60 [1/2] ( I:3.25ns O:3.25ns )   --->   "%imag_sample_data_load = load i10 %imag_sample_data_addr" [dft.cpp:49]   --->   Operation 60 'load' 'imag_sample_data_load' <Predicate = (!icmp_ln43)> <Delay = 3.25> <CoreInst = "RAM">   --->   Core 81 'RAM' <Latency = 1> <II = 1> <Delay = 3.25> <Storage> <Opcode : 'load' 'store'> <Ports = 2> <Width = 32> <Depth = 1024> <RAM>
ST_2 : Operation 61 [1/1] (1.58ns)   --->   "%store_ln43 = store i11 %select_ln43_1, i11 %i_1" [dft.cpp:43]   --->   Operation 61 'store' 'store_ln43' <Predicate = (!icmp_ln43)> <Delay = 1.58>

State 3 <SV = 2> <Delay = 3.25>
ST_3 : Operation 62 [1/1] (0.00ns)   --->   "%zext_ln46 = zext i10 %index" [dft.cpp:46]   --->   Operation 62 'zext' 'zext_ln46' <Predicate = (!icmp_ln43)> <Delay = 0.00>
ST_3 : Operation 63 [1/1] (0.00ns)   --->   "%cos_coefficients_table_addr = getelementptr i32 %cos_coefficients_table, i64 0, i64 %zext_ln46" [dft.cpp:46]   --->   Operation 63 'getelementptr' 'cos_coefficients_table_addr' <Predicate = (!icmp_ln43)> <Delay = 0.00>
ST_3 : Operation 64 [2/2] (3.25ns)   --->   "%c = load i10 %cos_coefficients_table_addr" [dft.cpp:46]   --->   Operation 64 'load' 'c' <Predicate = (!icmp_ln43)> <Delay = 3.25> <CoreInst = "ROM">   --->   Core 94 'ROM' <Latency = 1> <II = 1> <Delay = 3.25> <Storage> <Opcode : 'load'> <Ports = 0> <Width = 32> <Depth = 1024> <ROM>
ST_3 : Operation 65 [1/1] (0.00ns)   --->   "%sin_coefficients_table_addr = getelementptr i32 %sin_coefficients_table, i64 0, i64 %zext_ln46" [dft.cpp:47]   --->   Operation 65 'getelementptr' 'sin_coefficients_table_addr' <Predicate = (!icmp_ln43)> <Delay = 0.00>
ST_3 : Operation 66 [2/2] (3.25ns)   --->   "%s = load i10 %sin_coefficients_table_addr" [dft.cpp:47]   --->   Operation 66 'load' 's' <Predicate = (!icmp_ln43)> <Delay = 3.25> <CoreInst = "ROM">   --->   Core 94 'ROM' <Latency = 1> <II = 1> <Delay = 3.25> <Storage> <Opcode : 'load'> <Ports = 0> <Width = 32> <Depth = 1024> <ROM>

State 4 <SV = 3> <Delay = 3.25>
ST_4 : Operation 67 [1/2] ( I:3.25ns O:3.25ns )   --->   "%c = load i10 %cos_coefficients_table_addr" [dft.cpp:46]   --->   Operation 67 'load' 'c' <Predicate = (!icmp_ln43)> <Delay = 3.25> <CoreInst = "ROM">   --->   Core 94 'ROM' <Latency = 1> <II = 1> <Delay = 3.25> <Storage> <Opcode : 'load'> <Ports = 0> <Width = 32> <Depth = 1024> <ROM>
ST_4 : Operation 68 [1/2] ( I:3.25ns O:3.25ns )   --->   "%s = load i10 %sin_coefficients_table_addr" [dft.cpp:47]   --->   Operation 68 'load' 's' <Predicate = (!icmp_ln43)> <Delay = 3.25> <CoreInst = "ROM">   --->   Core 94 'ROM' <Latency = 1> <II = 1> <Delay = 3.25> <Storage> <Opcode : 'load'> <Ports = 0> <Width = 32> <Depth = 1024> <ROM>

State 5 <SV = 4> <Delay = 5.70>
ST_5 : Operation 69 [4/4] (5.70ns)   --->   "%mul = fmul i32 %real_sample_data_load, i32 %c" [dft.cpp:49]   --->   Operation 69 'fmul' 'mul' <Predicate = (!icmp_ln43)> <Delay = 5.70> <CoreInst = "FMul_maxdsp">   --->   Core 30 'FMul_maxdsp' <Latency = 3> <II = 1> <Delay = 5.70> <FuncUnit> <Opcode : 'fmul'> <InPorts = 2> <OutPorts = 1>

State 6 <SV = 5> <Delay = 5.70>
ST_6 : Operation 70 [3/4] (5.70ns)   --->   "%mul = fmul i32 %real_sample_data_load, i32 %c" [dft.cpp:49]   --->   Operation 70 'fmul' 'mul' <Predicate = (!icmp_ln43)> <Delay = 5.70> <CoreInst = "FMul_maxdsp">   --->   Core 30 'FMul_maxdsp' <Latency = 3> <II = 1> <Delay = 5.70> <FuncUnit> <Opcode : 'fmul'> <InPorts = 2> <OutPorts = 1>
ST_6 : Operation 71 [4/4] (5.70ns)   --->   "%mul1 = fmul i32 %imag_sample_data_load, i32 %s" [dft.cpp:49]   --->   Operation 71 'fmul' 'mul1' <Predicate = (!icmp_ln43)> <Delay = 5.70> <CoreInst = "FMul_maxdsp">   --->   Core 30 'FMul_maxdsp' <Latency = 3> <II = 1> <Delay = 5.70> <FuncUnit> <Opcode : 'fmul'> <InPorts = 2> <OutPorts = 1>

State 7 <SV = 6> <Delay = 5.70>
ST_7 : Operation 72 [2/4] (5.70ns)   --->   "%mul = fmul i32 %real_sample_data_load, i32 %c" [dft.cpp:49]   --->   Operation 72 'fmul' 'mul' <Predicate = true> <Delay = 5.70> <CoreInst = "FMul_maxdsp">   --->   Core 30 'FMul_maxdsp' <Latency = 3> <II = 1> <Delay = 5.70> <FuncUnit> <Opcode : 'fmul'> <InPorts = 2> <OutPorts = 1>
ST_7 : Operation 73 [3/4] (5.70ns)   --->   "%mul1 = fmul i32 %imag_sample_data_load, i32 %s" [dft.cpp:49]   --->   Operation 73 'fmul' 'mul1' <Predicate = true> <Delay = 5.70> <CoreInst = "FMul_maxdsp">   --->   Core 30 'FMul_maxdsp' <Latency = 3> <II = 1> <Delay = 5.70> <FuncUnit> <Opcode : 'fmul'> <InPorts = 2> <OutPorts = 1>
ST_7 : Operation 74 [4/4] (5.70ns)   --->   "%mul2 = fmul i32 %real_sample_data_load, i32 %s" [dft.cpp:50]   --->   Operation 74 'fmul' 'mul2' <Predicate = true> <Delay = 5.70> <CoreInst = "FMul_maxdsp">   --->   Core 30 'FMul_maxdsp' <Latency = 3> <II = 1> <Delay = 5.70> <FuncUnit> <Opcode : 'fmul'> <InPorts = 2> <OutPorts = 1>

State 8 <SV = 7> <Delay = 5.70>
ST_8 : Operation 75 [1/4] (5.70ns)   --->   "%mul = fmul i32 %real_sample_data_load, i32 %c" [dft.cpp:49]   --->   Operation 75 'fmul' 'mul' <Predicate = true> <Delay = 5.70> <CoreInst = "FMul_maxdsp">   --->   Core 30 'FMul_maxdsp' <Latency = 3> <II = 1> <Delay = 5.70> <FuncUnit> <Opcode : 'fmul'> <InPorts = 2> <OutPorts = 1>
ST_8 : Operation 76 [2/4] (5.70ns)   --->   "%mul1 = fmul i32 %imag_sample_data_load, i32 %s" [dft.cpp:49]   --->   Operation 76 'fmul' 'mul1' <Predicate = true> <Delay = 5.70> <CoreInst = "FMul_maxdsp">   --->   Core 30 'FMul_maxdsp' <Latency = 3> <II = 1> <Delay = 5.70> <FuncUnit> <Opcode : 'fmul'> <InPorts = 2> <OutPorts = 1>
ST_8 : Operation 77 [3/4] (5.70ns)   --->   "%mul2 = fmul i32 %real_sample_data_load, i32 %s" [dft.cpp:50]   --->   Operation 77 'fmul' 'mul2' <Predicate = true> <Delay = 5.70> <CoreInst = "FMul_maxdsp">   --->   Core 30 'FMul_maxdsp' <Latency = 3> <II = 1> <Delay = 5.70> <FuncUnit> <Opcode : 'fmul'> <InPorts = 2> <OutPorts = 1>
ST_8 : Operation 78 [4/4] (5.70ns)   --->   "%mul3 = fmul i32 %imag_sample_data_load, i32 %c" [dft.cpp:50]   --->   Operation 78 'fmul' 'mul3' <Predicate = true> <Delay = 5.70> <CoreInst = "FMul_maxdsp">   --->   Core 30 'FMul_maxdsp' <Latency = 3> <II = 1> <Delay = 5.70> <FuncUnit> <Opcode : 'fmul'> <InPorts = 2> <OutPorts = 1>

State 9 <SV = 8> <Delay = 5.70>
ST_9 : Operation 79 [1/4] (5.70ns)   --->   "%mul1 = fmul i32 %imag_sample_data_load, i32 %s" [dft.cpp:49]   --->   Operation 79 'fmul' 'mul1' <Predicate = true> <Delay = 5.70> <CoreInst = "FMul_maxdsp">   --->   Core 30 'FMul_maxdsp' <Latency = 3> <II = 1> <Delay = 5.70> <FuncUnit> <Opcode : 'fmul'> <InPorts = 2> <OutPorts = 1>
ST_9 : Operation 80 [2/4] (5.70ns)   --->   "%mul2 = fmul i32 %real_sample_data_load, i32 %s" [dft.cpp:50]   --->   Operation 80 'fmul' 'mul2' <Predicate = true> <Delay = 5.70> <CoreInst = "FMul_maxdsp">   --->   Core 30 'FMul_maxdsp' <Latency = 3> <II = 1> <Delay = 5.70> <FuncUnit> <Opcode : 'fmul'> <InPorts = 2> <OutPorts = 1>
ST_9 : Operation 81 [3/4] (5.70ns)   --->   "%mul3 = fmul i32 %imag_sample_data_load, i32 %c" [dft.cpp:50]   --->   Operation 81 'fmul' 'mul3' <Predicate = true> <Delay = 5.70> <CoreInst = "FMul_maxdsp">   --->   Core 30 'FMul_maxdsp' <Latency = 3> <II = 1> <Delay = 5.70> <FuncUnit> <Opcode : 'fmul'> <InPorts = 2> <OutPorts = 1>

State 10 <SV = 9> <Delay = 7.25>
ST_10 : Operation 82 [5/5] (7.25ns)   --->   "%sub = fsub i32 %mul, i32 %mul1" [dft.cpp:49]   --->   Operation 82 'fsub' 'sub' <Predicate = true> <Delay = 7.25> <CoreInst = "FAddSub_fulldsp">   --->   Core 18 'FAddSub_fulldsp' <Latency = 4> <II = 1> <Delay = 7.25> <FuncUnit> <Opcode : 'fadd' 'fsub'> <InPorts = 2> <OutPorts = 1>
ST_10 : Operation 83 [1/4] (5.70ns)   --->   "%mul2 = fmul i32 %real_sample_data_load, i32 %s" [dft.cpp:50]   --->   Operation 83 'fmul' 'mul2' <Predicate = true> <Delay = 5.70> <CoreInst = "FMul_maxdsp">   --->   Core 30 'FMul_maxdsp' <Latency = 3> <II = 1> <Delay = 5.70> <FuncUnit> <Opcode : 'fmul'> <InPorts = 2> <OutPorts = 1>
ST_10 : Operation 84 [2/4] (5.70ns)   --->   "%mul3 = fmul i32 %imag_sample_data_load, i32 %c" [dft.cpp:50]   --->   Operation 84 'fmul' 'mul3' <Predicate = true> <Delay = 5.70> <CoreInst = "FMul_maxdsp">   --->   Core 30 'FMul_maxdsp' <Latency = 3> <II = 1> <Delay = 5.70> <FuncUnit> <Opcode : 'fmul'> <InPorts = 2> <OutPorts = 1>

State 11 <SV = 10> <Delay = 7.25>
ST_11 : Operation 85 [4/5] (7.25ns)   --->   "%sub = fsub i32 %mul, i32 %mul1" [dft.cpp:49]   --->   Operation 85 'fsub' 'sub' <Predicate = true> <Delay = 7.25> <CoreInst = "FAddSub_fulldsp">   --->   Core 18 'FAddSub_fulldsp' <Latency = 4> <II = 1> <Delay = 7.25> <FuncUnit> <Opcode : 'fadd' 'fsub'> <InPorts = 2> <OutPorts = 1>
ST_11 : Operation 86 [1/4] (5.70ns)   --->   "%mul3 = fmul i32 %imag_sample_data_load, i32 %c" [dft.cpp:50]   --->   Operation 86 'fmul' 'mul3' <Predicate = true> <Delay = 5.70> <CoreInst = "FMul_maxdsp">   --->   Core 30 'FMul_maxdsp' <Latency = 3> <II = 1> <Delay = 5.70> <FuncUnit> <Opcode : 'fmul'> <InPorts = 2> <OutPorts = 1>

State 12 <SV = 11> <Delay = 7.25>
ST_12 : Operation 87 [3/5] (7.25ns)   --->   "%sub = fsub i32 %mul, i32 %mul1" [dft.cpp:49]   --->   Operation 87 'fsub' 'sub' <Predicate = true> <Delay = 7.25> <CoreInst = "FAddSub_fulldsp">   --->   Core 18 'FAddSub_fulldsp' <Latency = 4> <II = 1> <Delay = 7.25> <FuncUnit> <Opcode : 'fadd' 'fsub'> <InPorts = 2> <OutPorts = 1>
ST_12 : Operation 88 [5/5] (7.25ns)   --->   "%add1 = fadd i32 %mul2, i32 %mul3" [dft.cpp:50]   --->   Operation 88 'fadd' 'add1' <Predicate = true> <Delay = 7.25> <CoreInst = "FAddSub_fulldsp">   --->   Core 18 'FAddSub_fulldsp' <Latency = 4> <II = 1> <Delay = 7.25> <FuncUnit> <Opcode : 'fadd' 'fsub'> <InPorts = 2> <OutPorts = 1>

State 13 <SV = 12> <Delay = 7.25>
ST_13 : Operation 89 [1/1] (0.00ns)   --->   "%specloopname_ln0 = specloopname void @_ssdm_op_SpecLoopName, void @VITIS_LOOP_43_2_VITIS_LOOP_44_3_str"   --->   Operation 89 'specloopname' 'specloopname_ln0' <Predicate = true> <Delay = 0.00>
ST_13 : Operation 90 [1/1] (0.00ns)   --->   "%speclooptripcount_ln0 = speclooptripcount void @_ssdm_op_SpecLoopTripCount, i64 1048576, i64 1048576, i64 1048576"   --->   Operation 90 'speclooptripcount' 'speclooptripcount_ln0' <Predicate = true> <Delay = 0.00>
ST_13 : Operation 91 [1/1] (0.00ns)   --->   "%zext_ln43 = zext i11 %select_ln43_1" [dft.cpp:43]   --->   Operation 91 'zext' 'zext_ln43' <Predicate = true> <Delay = 0.00>
ST_13 : Operation 92 [1/1] (0.00ns)   --->   "%real_op_data_addr = getelementptr i32 %real_op_data, i64 0, i64 %zext_ln43" [dft.cpp:43]   --->   Operation 92 'getelementptr' 'real_op_data_addr' <Predicate = true> <Delay = 0.00>
ST_13 : Operation 93 [1/1] (0.00ns)   --->   "%imag_op_data_addr = getelementptr i32 %imag_op_data, i64 0, i64 %zext_ln43" [dft.cpp:43]   --->   Operation 93 'getelementptr' 'imag_op_data_addr' <Predicate = true> <Delay = 0.00>
ST_13 : Operation 94 [2/2] (3.25ns)   --->   "%real_op_data_load = load i10 %real_op_data_addr" [dft.cpp:49]   --->   Operation 94 'load' 'real_op_data_load' <Predicate = (first_iter_0)> <Delay = 3.25> <CoreInst = "RAM">   --->   Core 81 'RAM' <Latency = 1> <II = 1> <Delay = 3.25> <Storage> <Opcode : 'load' 'store'> <Ports = 2> <Width = 32> <Depth = 1024> <RAM>
ST_13 : Operation 95 [2/2] (3.25ns)   --->   "%imag_op_data_load = load i10 %imag_op_data_addr" [dft.cpp:50]   --->   Operation 95 'load' 'imag_op_data_load' <Predicate = (first_iter_0)> <Delay = 3.25> <CoreInst = "RAM">   --->   Core 81 'RAM' <Latency = 1> <II = 1> <Delay = 3.25> <Storage> <Opcode : 'load' 'store'> <Ports = 2> <Width = 32> <Depth = 1024> <RAM>
ST_13 : Operation 96 [2/5] (7.25ns)   --->   "%sub = fsub i32 %mul, i32 %mul1" [dft.cpp:49]   --->   Operation 96 'fsub' 'sub' <Predicate = true> <Delay = 7.25> <CoreInst = "FAddSub_fulldsp">   --->   Core 18 'FAddSub_fulldsp' <Latency = 4> <II = 1> <Delay = 7.25> <FuncUnit> <Opcode : 'fadd' 'fsub'> <InPorts = 2> <OutPorts = 1>
ST_13 : Operation 97 [4/5] (7.25ns)   --->   "%add1 = fadd i32 %mul2, i32 %mul3" [dft.cpp:50]   --->   Operation 97 'fadd' 'add1' <Predicate = true> <Delay = 7.25> <CoreInst = "FAddSub_fulldsp">   --->   Core 18 'FAddSub_fulldsp' <Latency = 4> <II = 1> <Delay = 7.25> <FuncUnit> <Opcode : 'fadd' 'fsub'> <InPorts = 2> <OutPorts = 1>

State 14 <SV = 13> <Delay = 7.25>
ST_14 : Operation 98 [1/2] ( I:3.25ns O:3.25ns )   --->   "%real_op_data_load = load i10 %real_op_data_addr" [dft.cpp:49]   --->   Operation 98 'load' 'real_op_data_load' <Predicate = (first_iter_0)> <Delay = 3.25> <CoreInst = "RAM">   --->   Core 81 'RAM' <Latency = 1> <II = 1> <Delay = 3.25> <Storage> <Opcode : 'load' 'store'> <Ports = 2> <Width = 32> <Depth = 1024> <RAM>
ST_14 : Operation 99 [1/2] ( I:3.25ns O:3.25ns )   --->   "%imag_op_data_load = load i10 %imag_op_data_addr" [dft.cpp:50]   --->   Operation 99 'load' 'imag_op_data_load' <Predicate = (first_iter_0)> <Delay = 3.25> <CoreInst = "RAM">   --->   Core 81 'RAM' <Latency = 1> <II = 1> <Delay = 3.25> <Storage> <Opcode : 'load' 'store'> <Ports = 2> <Width = 32> <Depth = 1024> <RAM>
ST_14 : Operation 100 [1/1] (1.58ns)   --->   "%store_ln49 = store i32 %real_op_data_load, i32 %add193" [dft.cpp:49]   --->   Operation 100 'store' 'store_ln49' <Predicate = (first_iter_0)> <Delay = 1.58>
ST_14 : Operation 101 [1/5] (7.25ns)   --->   "%sub = fsub i32 %mul, i32 %mul1" [dft.cpp:49]   --->   Operation 101 'fsub' 'sub' <Predicate = true> <Delay = 7.25> <CoreInst = "FAddSub_fulldsp">   --->   Core 18 'FAddSub_fulldsp' <Latency = 4> <II = 1> <Delay = 7.25> <FuncUnit> <Opcode : 'fadd' 'fsub'> <InPorts = 2> <OutPorts = 1>
ST_14 : Operation 102 [3/5] (7.25ns)   --->   "%add1 = fadd i32 %mul2, i32 %mul3" [dft.cpp:50]   --->   Operation 102 'fadd' 'add1' <Predicate = true> <Delay = 7.25> <CoreInst = "FAddSub_fulldsp">   --->   Core 18 'FAddSub_fulldsp' <Latency = 4> <II = 1> <Delay = 7.25> <FuncUnit> <Opcode : 'fadd' 'fsub'> <InPorts = 2> <OutPorts = 1>

State 15 <SV = 14> <Delay = 7.25>
ST_15 : Operation 103 [1/1] (0.00ns)   --->   "%add193_load = load i32 %add193" [dft.cpp:49]   --->   Operation 103 'load' 'add193_load' <Predicate = true> <Delay = 0.00>
ST_15 : Operation 104 [5/5] (7.25ns)   --->   "%add = fadd i32 %add193_load, i32 %sub" [dft.cpp:49]   --->   Operation 104 'fadd' 'add' <Predicate = true> <Delay = 7.25> <CoreInst = "FAddSub_fulldsp">   --->   Core 18 'FAddSub_fulldsp' <Latency = 4> <II = 1> <Delay = 7.25> <FuncUnit> <Opcode : 'fadd' 'fsub'> <InPorts = 2> <OutPorts = 1>
ST_15 : Operation 105 [2/5] (7.25ns)   --->   "%add1 = fadd i32 %mul2, i32 %mul3" [dft.cpp:50]   --->   Operation 105 'fadd' 'add1' <Predicate = true> <Delay = 7.25> <CoreInst = "FAddSub_fulldsp">   --->   Core 18 'FAddSub_fulldsp' <Latency = 4> <II = 1> <Delay = 7.25> <FuncUnit> <Opcode : 'fadd' 'fsub'> <InPorts = 2> <OutPorts = 1>

State 16 <SV = 15> <Delay = 7.25>
ST_16 : Operation 106 [1/1] (1.58ns)   --->   "%store_ln50 = store i32 %imag_op_data_load, i32 %add39194" [dft.cpp:50]   --->   Operation 106 'store' 'store_ln50' <Predicate = (first_iter_0)> <Delay = 1.58>
ST_16 : Operation 107 [1/1] (0.00ns)   --->   "%br_ln44 = br void %for.inc40.split" [dft.cpp:44]   --->   Operation 107 'br' 'br_ln44' <Predicate = (first_iter_0)> <Delay = 0.00>
ST_16 : Operation 108 [4/5] (7.25ns)   --->   "%add = fadd i32 %add193_load, i32 %sub" [dft.cpp:49]   --->   Operation 108 'fadd' 'add' <Predicate = true> <Delay = 7.25> <CoreInst = "FAddSub_fulldsp">   --->   Core 18 'FAddSub_fulldsp' <Latency = 4> <II = 1> <Delay = 7.25> <FuncUnit> <Opcode : 'fadd' 'fsub'> <InPorts = 2> <OutPorts = 1>
ST_16 : Operation 109 [1/5] (7.25ns)   --->   "%add1 = fadd i32 %mul2, i32 %mul3" [dft.cpp:50]   --->   Operation 109 'fadd' 'add1' <Predicate = true> <Delay = 7.25> <CoreInst = "FAddSub_fulldsp">   --->   Core 18 'FAddSub_fulldsp' <Latency = 4> <II = 1> <Delay = 7.25> <FuncUnit> <Opcode : 'fadd' 'fsub'> <InPorts = 2> <OutPorts = 1>
ST_16 : Operation 126 [1/1] (1.58ns)   --->   "%ret_ln0 = ret"   --->   Operation 126 'ret' 'ret_ln0' <Predicate = (icmp_ln43)> <Delay = 1.58>

State 17 <SV = 16> <Delay = 7.25>
ST_17 : Operation 110 [1/1] (0.00ns)   --->   "%add39194_load = load i32 %add39194" [dft.cpp:50]   --->   Operation 110 'load' 'add39194_load' <Predicate = true> <Delay = 0.00>
ST_17 : Operation 111 [3/5] (7.25ns)   --->   "%add = fadd i32 %add193_load, i32 %sub" [dft.cpp:49]   --->   Operation 111 'fadd' 'add' <Predicate = true> <Delay = 7.25> <CoreInst = "FAddSub_fulldsp">   --->   Core 18 'FAddSub_fulldsp' <Latency = 4> <II = 1> <Delay = 7.25> <FuncUnit> <Opcode : 'fadd' 'fsub'> <InPorts = 2> <OutPorts = 1>
ST_17 : Operation 112 [5/5] (7.25ns)   --->   "%add2 = fadd i32 %add39194_load, i32 %add1" [dft.cpp:50]   --->   Operation 112 'fadd' 'add2' <Predicate = true> <Delay = 7.25> <CoreInst = "FAddSub_fulldsp">   --->   Core 18 'FAddSub_fulldsp' <Latency = 4> <II = 1> <Delay = 7.25> <FuncUnit> <Opcode : 'fadd' 'fsub'> <InPorts = 2> <OutPorts = 1>

State 18 <SV = 17> <Delay = 7.25>
ST_18 : Operation 113 [2/5] (7.25ns)   --->   "%add = fadd i32 %add193_load, i32 %sub" [dft.cpp:49]   --->   Operation 113 'fadd' 'add' <Predicate = true> <Delay = 7.25> <CoreInst = "FAddSub_fulldsp">   --->   Core 18 'FAddSub_fulldsp' <Latency = 4> <II = 1> <Delay = 7.25> <FuncUnit> <Opcode : 'fadd' 'fsub'> <InPorts = 2> <OutPorts = 1>
ST_18 : Operation 114 [4/5] (7.25ns)   --->   "%add2 = fadd i32 %add39194_load, i32 %add1" [dft.cpp:50]   --->   Operation 114 'fadd' 'add2' <Predicate = true> <Delay = 7.25> <CoreInst = "FAddSub_fulldsp">   --->   Core 18 'FAddSub_fulldsp' <Latency = 4> <II = 1> <Delay = 7.25> <FuncUnit> <Opcode : 'fadd' 'fsub'> <InPorts = 2> <OutPorts = 1>

State 19 <SV = 18> <Delay = 7.25>
ST_19 : Operation 115 [1/5] (7.25ns)   --->   "%add = fadd i32 %add193_load, i32 %sub" [dft.cpp:49]   --->   Operation 115 'fadd' 'add' <Predicate = true> <Delay = 7.25> <CoreInst = "FAddSub_fulldsp">   --->   Core 18 'FAddSub_fulldsp' <Latency = 4> <II = 1> <Delay = 7.25> <FuncUnit> <Opcode : 'fadd' 'fsub'> <InPorts = 2> <OutPorts = 1>
ST_19 : Operation 116 [3/5] (7.25ns)   --->   "%add2 = fadd i32 %add39194_load, i32 %add1" [dft.cpp:50]   --->   Operation 116 'fadd' 'add2' <Predicate = true> <Delay = 7.25> <CoreInst = "FAddSub_fulldsp">   --->   Core 18 'FAddSub_fulldsp' <Latency = 4> <II = 1> <Delay = 7.25> <FuncUnit> <Opcode : 'fadd' 'fsub'> <InPorts = 2> <OutPorts = 1>

State 20 <SV = 19> <Delay = 7.25>
ST_20 : Operation 117 [2/5] (7.25ns)   --->   "%add2 = fadd i32 %add39194_load, i32 %add1" [dft.cpp:50]   --->   Operation 117 'fadd' 'add2' <Predicate = true> <Delay = 7.25> <CoreInst = "FAddSub_fulldsp">   --->   Core 18 'FAddSub_fulldsp' <Latency = 4> <II = 1> <Delay = 7.25> <FuncUnit> <Opcode : 'fadd' 'fsub'> <InPorts = 2> <OutPorts = 1>
ST_20 : Operation 118 [1/1] ( I:3.25ns O:3.25ns )   --->   "%store_ln49 = store i32 %add, i10 %real_op_data_addr" [dft.cpp:49]   --->   Operation 118 'store' 'store_ln49' <Predicate = (icmp_ln44_1)> <Delay = 3.25> <CoreInst = "RAM">   --->   Core 81 'RAM' <Latency = 1> <II = 1> <Delay = 3.25> <Storage> <Opcode : 'load' 'store'> <Ports = 2> <Width = 32> <Depth = 1024> <RAM>
ST_20 : Operation 119 [1/1] (1.58ns)   --->   "%store_ln49 = store i32 %add, i32 %add193" [dft.cpp:49]   --->   Operation 119 'store' 'store_ln49' <Predicate = true> <Delay = 1.58>

State 21 <SV = 20> <Delay = 7.25>
ST_21 : Operation 120 [1/1] (0.00ns)   --->   "%specpipeline_ln44 = specpipeline void @_ssdm_op_SpecPipeline, i32 4294967295, i32 0, i32 0, i32 0, void @empty_7" [dft.cpp:44]   --->   Operation 120 'specpipeline' 'specpipeline_ln44' <Predicate = true> <Delay = 0.00>
ST_21 : Operation 121 [1/5] (7.25ns)   --->   "%add2 = fadd i32 %add39194_load, i32 %add1" [dft.cpp:50]   --->   Operation 121 'fadd' 'add2' <Predicate = true> <Delay = 7.25> <CoreInst = "FAddSub_fulldsp">   --->   Core 18 'FAddSub_fulldsp' <Latency = 4> <II = 1> <Delay = 7.25> <FuncUnit> <Opcode : 'fadd' 'fsub'> <InPorts = 2> <OutPorts = 1>

State 22 <SV = 21> <Delay = 3.25>
ST_22 : Operation 122 [1/1] ( I:3.25ns O:3.25ns )   --->   "%store_ln50 = store i32 %add2, i10 %imag_op_data_addr" [dft.cpp:50]   --->   Operation 122 'store' 'store_ln50' <Predicate = (icmp_ln44_1)> <Delay = 3.25> <CoreInst = "RAM">   --->   Core 81 'RAM' <Latency = 1> <II = 1> <Delay = 3.25> <Storage> <Opcode : 'load' 'store'> <Ports = 2> <Width = 32> <Depth = 1024> <RAM>
ST_22 : Operation 123 [1/1] (0.00ns)   --->   "%br_ln44 = br void %new.latch.for.inc40.split" [dft.cpp:44]   --->   Operation 123 'br' 'br_ln44' <Predicate = (icmp_ln44_1)> <Delay = 0.00>
ST_22 : Operation 124 [1/1] (1.58ns)   --->   "%store_ln50 = store i32 %add2, i32 %add39194" [dft.cpp:50]   --->   Operation 124 'store' 'store_ln50' <Predicate = true> <Delay = 1.58>
ST_22 : Operation 125 [1/1] (0.00ns)   --->   "%br_ln44 = br void %for.inc40" [dft.cpp:44]   --->   Operation 125 'br' 'br_ln44' <Predicate = true> <Delay = 0.00>


============================================================
+ Verbose Summary: Timing violations
============================================================
Target clock period: 10.000ns, clock uncertainty: 2.700ns.

 <State 1>: 7.197ns
The critical path consists of the following:
	'store' operation 0 bit ('store_ln44', dft.cpp:44) of constant 0 on local variable 'j', dft.cpp:44 [14]  (1.588 ns)
	'load' operation 11 bit ('j_load', dft.cpp:44) on local variable 'j', dft.cpp:44 [22]  (0.000 ns)
	'icmp' operation 1 bit ('icmp_ln44', dft.cpp:44) [26]  (1.639 ns)
	'select' operation 11 bit ('select_ln43', dft.cpp:43) [27]  (0.692 ns)
	'add' operation 11 bit ('add_ln44', dft.cpp:44) [66]  (1.639 ns)
	'icmp' operation 1 bit ('icmp_ln44_1', dft.cpp:44) [67]  (1.639 ns)

 <State 2>: 6.851ns
The critical path consists of the following:
	'load' operation 11 bit ('i_1_load', dft.cpp:43) on local variable 'i', dft.cpp:43 [23]  (0.000 ns)
	'add' operation 11 bit ('add_ln43_1', dft.cpp:43) [28]  (1.639 ns)
	'select' operation 11 bit ('select_ln43_1', dft.cpp:43) [29]  (0.692 ns)
	'mul' operation 10 bit ('index', dft.cpp:45) [48]  (4.520 ns)

 <State 3>: 3.254ns
The critical path consists of the following:
	'getelementptr' operation 10 bit ('cos_coefficients_table_addr', dft.cpp:46) [50]  (0.000 ns)
	'load' operation 32 bit ('c', dft.cpp:46) on array 'cos_coefficients_table' [51]  (3.254 ns)

 <State 4>: 3.254ns
The critical path consists of the following:
	'load' operation 32 bit ('c', dft.cpp:46) on array 'cos_coefficients_table' [51]  (3.254 ns)

 <State 5>: 5.702ns
The critical path consists of the following:
	'fmul' operation 32 bit ('mul', dft.cpp:49) [56]  (5.702 ns)

 <State 6>: 5.702ns
The critical path consists of the following:
	'fmul' operation 32 bit ('mul', dft.cpp:49) [56]  (5.702 ns)

 <State 7>: 5.702ns
The critical path consists of the following:
	'fmul' operation 32 bit ('mul', dft.cpp:49) [56]  (5.702 ns)

 <State 8>: 5.702ns
The critical path consists of the following:
	'fmul' operation 32 bit ('mul', dft.cpp:49) [56]  (5.702 ns)

 <State 9>: 5.702ns
The critical path consists of the following:
	'fmul' operation 32 bit ('mul1', dft.cpp:49) [59]  (5.702 ns)

 <State 10>: 7.256ns
The critical path consists of the following:
	'fsub' operation 32 bit ('sub', dft.cpp:49) [60]  (7.256 ns)

 <State 11>: 7.256ns
The critical path consists of the following:
	'fsub' operation 32 bit ('sub', dft.cpp:49) [60]  (7.256 ns)

 <State 12>: 7.256ns
The critical path consists of the following:
	'fsub' operation 32 bit ('sub', dft.cpp:49) [60]  (7.256 ns)

 <State 13>: 7.256ns
The critical path consists of the following:
	'fsub' operation 32 bit ('sub', dft.cpp:49) [60]  (7.256 ns)

 <State 14>: 7.256ns
The critical path consists of the following:
	'fsub' operation 32 bit ('sub', dft.cpp:49) [60]  (7.256 ns)

 <State 15>: 7.256ns
The critical path consists of the following:
	'load' operation 32 bit ('add193_load', dft.cpp:49) on local variable 'add193' [42]  (0.000 ns)
	'fadd' operation 32 bit ('add', dft.cpp:49) [61]  (7.256 ns)

 <State 16>: 7.256ns
The critical path consists of the following:
	'fadd' operation 32 bit ('add', dft.cpp:49) [61]  (7.256 ns)

 <State 17>: 7.256ns
The critical path consists of the following:
	'fadd' operation 32 bit ('add', dft.cpp:49) [61]  (7.256 ns)

 <State 18>: 7.256ns
The critical path consists of the following:
	'fadd' operation 32 bit ('add', dft.cpp:49) [61]  (7.256 ns)

 <State 19>: 7.256ns
The critical path consists of the following:
	'fadd' operation 32 bit ('add', dft.cpp:49) [61]  (7.256 ns)

 <State 20>: 7.256ns
The critical path consists of the following:
	'fadd' operation 32 bit ('add2', dft.cpp:50) [65]  (7.256 ns)

 <State 21>: 7.256ns
The critical path consists of the following:
	'fadd' operation 32 bit ('add2', dft.cpp:50) [65]  (7.256 ns)

 <State 22>: 3.254ns
The critical path consists of the following:
	'store' operation 0 bit ('store_ln50', dft.cpp:50) of variable 'add2', dft.cpp:50 on array 'imag_op_data' [71]  (3.254 ns)


============================================================
+ Verbose Summary: Binding
============================================================
N/A
* FSMD analyzer results:
  - Output states:
 - Input state : 
  - Chain level:
	State 1
	State 2
	State 3
	State 4
	State 5
	State 6
	State 7
	State 8
	State 9
	State 10
	State 11
	State 12
	State 13
	State 14
	State 15
	State 16
	State 17
	State 18
	State 19
	State 20
	State 21
	State 22


============================================================
+ Verbose Summary: Datapath Resource usage 
============================================================
N/A
