
*** Running vivado
    with args -log design_dft_keep_axi_dma_1_0.vds -m64 -product Vivado -mode batch -messageDb vivado.pb -notrace -source design_dft_keep_axi_dma_1_0.tcl


****** Vivado v2024.2 (64-bit)
  **** SW Build 5239630 on Fri Nov 08 22:34:34 MST 2024
  **** IP Build 5239520 on Sun Nov 10 16:12:51 MST 2024
  **** SharedData Build 5239561 on Fri Nov 08 14:39:27 MST 2024
  **** Start of session at: Sun Nov  9 02:40:25 2025
    ** Copyright 1986-2022 Xilinx, Inc. All Rights Reserved.
    ** Copyright 2022-2024 Advanced Micro Devices, Inc. All Rights Reserved.

source design_dft_keep_axi_dma_1_0.tcl -notrace
create_project: Time (s): cpu = 00:00:09 ; elapsed = 00:00:10 . Memory (MB): peak = 1494.906 ; gain = 22.840 ; free physical = 11091 ; free virtual = 18049
INFO: [IP_Flow 19-234] Refreshing IP repositories
INFO: [IP_Flow 19-1700] Loaded user IP repository '/home/linux/ieng6/students/186/dnwadhwani/Desktop/project3/Read_the_docs/project_files/project3/dft_1024_precomputed/dft.comp/hls/impl/ip'.
INFO: [IP_Flow 19-2313] Loaded Vivado IP repository '/software/common/Xilinx_Vitis/Vivado/2024.2/data/ip'.
INFO: [IP_Flow 19-6924] IPCACHE: Running cache check for IP inst: design_dft_keep_axi_dma_1_0
INFO: [IP_Flow 19-6922] IPCACHE: Exporting cached entry 4716940196a055be to dir: /home/linux/ieng6/students/186/dnwadhwani/Desktop/project3/Read_the_docs/project_files/project3/dft_1024_precomputed/project_dft__keep/project_dft__keep.runs/design_dft_keep_axi_dma_1_0_synth_1
INFO: [IP_Flow 19-6928] IPCACHE: copied cached file /home/linux/ieng6/students/186/dnwadhwani/Desktop/project3/Read_the_docs/project_files/project3/dft_1024_precomputed/project_dft__keep/project_dft__keep.cache/ip/2024.2/4/7/4716940196a055be/design_dft_keep_axi_dma_0_0.dcp to /home/linux/ieng6/students/186/dnwadhwani/Desktop/project3/Read_the_docs/project_files/project3/dft_1024_precomputed/project_dft__keep/project_dft__keep.runs/design_dft_keep_axi_dma_1_0_synth_1/design_dft_keep_axi_dma_1_0.dcp.
INFO: [IP_Flow 19-6928] IPCACHE: copied cached file /home/linux/ieng6/students/186/dnwadhwani/Desktop/project3/Read_the_docs/project_files/project3/dft_1024_precomputed/project_dft__keep/project_dft__keep.cache/ip/2024.2/4/7/4716940196a055be/design_dft_keep_axi_dma_0_0_stub.v to /home/linux/ieng6/students/186/dnwadhwani/Desktop/project3/Read_the_docs/project_files/project3/dft_1024_precomputed/project_dft__keep/project_dft__keep.runs/design_dft_keep_axi_dma_1_0_synth_1/design_dft_keep_axi_dma_1_0_stub.v.
INFO: [IP_Flow 19-6928] IPCACHE: copied cached file /home/linux/ieng6/students/186/dnwadhwani/Desktop/project3/Read_the_docs/project_files/project3/dft_1024_precomputed/project_dft__keep/project_dft__keep.cache/ip/2024.2/4/7/4716940196a055be/design_dft_keep_axi_dma_0_0_stub.vhdl to /home/linux/ieng6/students/186/dnwadhwani/Desktop/project3/Read_the_docs/project_files/project3/dft_1024_precomputed/project_dft__keep/project_dft__keep.runs/design_dft_keep_axi_dma_1_0_synth_1/design_dft_keep_axi_dma_1_0_stub.vhdl.
INFO: [IP_Flow 19-6928] IPCACHE: copied cached file /home/linux/ieng6/students/186/dnwadhwani/Desktop/project3/Read_the_docs/project_files/project3/dft_1024_precomputed/project_dft__keep/project_dft__keep.cache/ip/2024.2/4/7/4716940196a055be/design_dft_keep_axi_dma_0_0_sim_netlist.v to /home/linux/ieng6/students/186/dnwadhwani/Desktop/project3/Read_the_docs/project_files/project3/dft_1024_precomputed/project_dft__keep/project_dft__keep.runs/design_dft_keep_axi_dma_1_0_synth_1/design_dft_keep_axi_dma_1_0_sim_netlist.v.
INFO: [IP_Flow 19-6928] IPCACHE: copied cached file /home/linux/ieng6/students/186/dnwadhwani/Desktop/project3/Read_the_docs/project_files/project3/dft_1024_precomputed/project_dft__keep/project_dft__keep.cache/ip/2024.2/4/7/4716940196a055be/design_dft_keep_axi_dma_0_0_sim_netlist.vhdl to /home/linux/ieng6/students/186/dnwadhwani/Desktop/project3/Read_the_docs/project_files/project3/dft_1024_precomputed/project_dft__keep/project_dft__keep.runs/design_dft_keep_axi_dma_1_0_synth_1/design_dft_keep_axi_dma_1_0_sim_netlist.vhdl.
INFO: [IP_Flow 19-4838] Using cached IP synthesis design for IP design_dft_keep_axi_dma_1_0, cache-ID = 4716940196a055be.
INFO: [Common 17-206] Exiting Vivado at Sun Nov  9 02:40:43 2025...
