#-----------------------------------------------------------
# Vivado v2024.2 (64-bit)
# SW Build 5239630 on Fri Nov 08 22:34:34 MST 2024
# IP Build 5239520 on Sun Nov 10 16:12:51 MST 2024
# SharedData Build 5239561 on Fri Nov 08 14:39:27 MST 2024
# Start of session at: Sun Nov  9 02:43:14 2025
# Process ID         : 1764713
# Current directory  : /home/linux/ieng6/students/186/dnwadhwani/Desktop/project3/Read_the_docs/project_files/project3/dft_1024_precomputed/project_dft__keep/project_dft__keep.runs/impl_1
# Command line       : vivado -log design_dft_keep_wrapper.vdi -applog -product Vivado -messageDb vivado.pb -mode batch -source design_dft_keep_wrapper.tcl -notrace
# Log file           : /home/linux/ieng6/students/186/dnwadhwani/Desktop/project3/Read_the_docs/project_files/project3/dft_1024_precomputed/project_dft__keep/project_dft__keep.runs/impl_1/design_dft_keep_wrapper.vdi
# Journal file       : /home/linux/ieng6/students/186/dnwadhwani/Desktop/project3/Read_the_docs/project_files/project3/dft_1024_precomputed/project_dft__keep/project_dft__keep.runs/impl_1/vivado.jou
# Running On         : ieng6-253.ucsd.edu
# Platform           : Linuxmint
# Operating System   : Linux Mint 22.1
# Processor Detail   : Intel(R) Xeon(R) Gold 5220 CPU @ 2.20GHz
# CPU Frequency      : 2194.843 MHz
# CPU Physical cores : 4
# CPU Logical cores  : 4
# Host memory        : 33655 MB
# Swap memory        : 1023 MB
# Total Virtual      : 34679 MB
# Available Virtual  : 21148 MB
#-----------------------------------------------------------
source design_dft_keep_wrapper.tcl -notrace
