==============================================================
Vitis HLS - High-Level Synthesis from C, C++ and OpenCL v2024.2 (64-bit)
Tool Version Limit: 2024.11
Copyright 1986-2022 Xilinx, Inc. All Rights Reserved.
Copyright 2022-2024 Advanced Micro Devices, Inc. All Rights Reserved.

==============================================================
INFO: [HLS 200-1505] Using default flow_target 'vivado'
INFO: [HLS 200-1510] Running: add_files dft.cpp 
INFO: [HLS 200-10] Adding design file 'dft.cpp' to the project
INFO: [HLS 200-1510] Running: add_files -tb dft_test.cpp 
INFO: [HLS 200-10] Adding test bench file 'dft_test.cpp' to the project
INFO: [HLS 200-1510] Running: set_top dft 
INFO: [HLS 200-1510] Running: set_part xc7z020clg400-1 
INFO: [HLS 200-1611] Setting target device to 'xc7z020-clg400-1'
INFO: [HLS 200-1510] Running: create_clock -period 10 
INFO: [SYN 201-201] Setting up clock 'default' with a period of 10ns.
INFO: [HLS 200-1510] Running: csynth_design 
INFO: [HLS 200-111] Finished File checks and directory preparation: CPU user time: 0.12 seconds. CPU system time: 0.04 seconds. Elapsed time: 2.72 seconds; current allocated memory: 659.020 MB.
INFO: [HLS 200-10] Analyzing design file 'dft.cpp' ... 
INFO: [HLS 200-111] Finished Source Code Analysis and Preprocessing: CPU user time: 4.58 seconds. CPU system time: 0.93 seconds. Elapsed time: 5.73 seconds; current allocated memory: 660.426 MB.
INFO: [HLS 200-777] Using interface defaults for 'Vivado' flow target.
INFO: [HLS 200-1995] There were 520 instructions in the design after the 'Compile/Link' phase of compilation. See the Design Size Report for more details: /home/linux/ieng6/students/186/dnwadhwani/Desktop/project3/Read_the_docs/project_files/project3/dft_1024_precomputed/dft.comp/hls/syn/report/csynth_design_size.rpt
INFO: [HLS 200-1995] There were 206 instructions in the design after the 'Unroll/Inline (step 1)' phase of compilation. See the Design Size Report for more details: /home/linux/ieng6/students/186/dnwadhwani/Desktop/project3/Read_the_docs/project_files/project3/dft_1024_precomputed/dft.comp/hls/syn/report/csynth_design_size.rpt
INFO: [HLS 200-1995] There were 167 instructions in the design after the 'Unroll/Inline (step 2)' phase of compilation. See the Design Size Report for more details: /home/linux/ieng6/students/186/dnwadhwani/Desktop/project3/Read_the_docs/project_files/project3/dft_1024_precomputed/dft.comp/hls/syn/report/csynth_design_size.rpt
INFO: [HLS 200-1995] There were 164 instructions in the design after the 'Unroll/Inline (step 3)' phase of compilation. See the Design Size Report for more details: /home/linux/ieng6/students/186/dnwadhwani/Desktop/project3/Read_the_docs/project_files/project3/dft_1024_precomputed/dft.comp/hls/syn/report/csynth_design_size.rpt
INFO: [HLS 200-1995] There were 164 instructions in the design after the 'Unroll/Inline (step 4)' phase of compilation. See the Design Size Report for more details: /home/linux/ieng6/students/186/dnwadhwani/Desktop/project3/Read_the_docs/project_files/project3/dft_1024_precomputed/dft.comp/hls/syn/report/csynth_design_size.rpt
INFO: [HLS 200-1995] There were 164 instructions in the design after the 'Array/Struct (step 1)' phase of compilation. See the Design Size Report for more details: /home/linux/ieng6/students/186/dnwadhwani/Desktop/project3/Read_the_docs/project_files/project3/dft_1024_precomputed/dft.comp/hls/syn/report/csynth_design_size.rpt
INFO: [HLS 200-1995] There were 164 instructions in the design after the 'Array/Struct (step 2)' phase of compilation. See the Design Size Report for more details: /home/linux/ieng6/students/186/dnwadhwani/Desktop/project3/Read_the_docs/project_files/project3/dft_1024_precomputed/dft.comp/hls/syn/report/csynth_design_size.rpt
INFO: [HLS 200-1995] There were 164 instructions in the design after the 'Array/Struct (step 3)' phase of compilation. See the Design Size Report for more details: /home/linux/ieng6/students/186/dnwadhwani/Desktop/project3/Read_the_docs/project_files/project3/dft_1024_precomputed/dft.comp/hls/syn/report/csynth_design_size.rpt
INFO: [HLS 200-1995] There were 164 instructions in the design after the 'Array/Struct (step 4)' phase of compilation. See the Design Size Report for more details: /home/linux/ieng6/students/186/dnwadhwani/Desktop/project3/Read_the_docs/project_files/project3/dft_1024_precomputed/dft.comp/hls/syn/report/csynth_design_size.rpt
INFO: [HLS 200-1995] There were 183 instructions in the design after the 'Array/Struct (step 5)' phase of compilation. See the Design Size Report for more details: /home/linux/ieng6/students/186/dnwadhwani/Desktop/project3/Read_the_docs/project_files/project3/dft_1024_precomputed/dft.comp/hls/syn/report/csynth_design_size.rpt
INFO: [HLS 200-1995] There were 173 instructions in the design after the 'Performance (step 1)' phase of compilation. See the Design Size Report for more details: /home/linux/ieng6/students/186/dnwadhwani/Desktop/project3/Read_the_docs/project_files/project3/dft_1024_precomputed/dft.comp/hls/syn/report/csynth_design_size.rpt
INFO: [HLS 200-1995] There were 171 instructions in the design after the 'Performance (step 2)' phase of compilation. See the Design Size Report for more details: /home/linux/ieng6/students/186/dnwadhwani/Desktop/project3/Read_the_docs/project_files/project3/dft_1024_precomputed/dft.comp/hls/syn/report/csynth_design_size.rpt
INFO: [HLS 200-1995] There were 146 instructions in the design after the 'Performance (step 3)' phase of compilation. See the Design Size Report for more details: /home/linux/ieng6/students/186/dnwadhwani/Desktop/project3/Read_the_docs/project_files/project3/dft_1024_precomputed/dft.comp/hls/syn/report/csynth_design_size.rpt
INFO: [HLS 200-1995] There were 146 instructions in the design after the 'Performance (step 4)' phase of compilation. See the Design Size Report for more details: /home/linux/ieng6/students/186/dnwadhwani/Desktop/project3/Read_the_docs/project_files/project3/dft_1024_precomputed/dft.comp/hls/syn/report/csynth_design_size.rpt
INFO: [HLS 200-1995] There were 134 instructions in the design after the 'HW Transforms (step 1)' phase of compilation. See the Design Size Report for more details: /home/linux/ieng6/students/186/dnwadhwani/Desktop/project3/Read_the_docs/project_files/project3/dft_1024_precomputed/dft.comp/hls/syn/report/csynth_design_size.rpt
INFO: [HLS 200-1995] There were 140 instructions in the design after the 'HW Transforms (step 2)' phase of compilation. See the Design Size Report for more details: /home/linux/ieng6/students/186/dnwadhwani/Desktop/project3/Read_the_docs/project_files/project3/dft_1024_precomputed/dft.comp/hls/syn/report/csynth_design_size.rpt
INFO: [HLS 214-376] automatically set the pipeline for Loop< VITIS_LOOP_21_1> at dft.cpp:21:19 
INFO: [HLS 214-376] automatically set the pipeline for Loop< VITIS_LOOP_44_3> at dft.cpp:44:21 
INFO: [HLS 214-376] automatically set the pipeline for Loop< VITIS_LOOP_67_4> at dft.cpp:67:19 
INFO: [HLS 200-111] Finished Compiling Optimization and Transform: CPU user time: 3.51 seconds. CPU system time: 0.78 seconds. Elapsed time: 8.91 seconds; current allocated memory: 670.004 MB.
INFO: [HLS 200-111] Finished Checking Pragmas: CPU user time: 0 seconds. CPU system time: 0 seconds. Elapsed time: 0 seconds; current allocated memory: 670.004 MB.
INFO: [HLS 200-10] Starting code transformations ...
INFO: [HLS 200-111] Finished Standard Transforms: CPU user time: 0.01 seconds. CPU system time: 0 seconds. Elapsed time: 0.04 seconds; current allocated memory: 670.141 MB.
INFO: [HLS 200-10] Checking synthesizability ...
INFO: [HLS 200-111] Finished Checking Synthesizability: CPU user time: 0.02 seconds. CPU system time: 0.01 seconds. Elapsed time: 0.03 seconds; current allocated memory: 670.184 MB.
INFO: [HLS 200-111] Finished Loop, function and other optimizations: CPU user time: 0.06 seconds. CPU system time: 0.01 seconds. Elapsed time: 0.08 seconds; current allocated memory: 691.984 MB.
INFO: [HLS 200-2061] Successfully converted nested loops 'VITIS_LOOP_43_2'(dft.cpp:43:20) and 'VITIS_LOOP_44_3'(dft.cpp:44:21) in function 'dft' into perfectly nested loops.
INFO: [XFORM 203-541] Flattening a loop nest 'VITIS_LOOP_43_2' (dft.cpp:43:20) in function 'dft'.
INFO: [HLS 200-111] Finished Architecture Synthesis: CPU user time: 0.07 seconds. CPU system time: 0.01 seconds. Elapsed time: 0.1 seconds; current allocated memory: 711.500 MB.
INFO: [HLS 200-10] Starting hardware synthesis ...
INFO: [HLS 200-10] Synthesizing 'dft' ...
INFO: [HLS 200-10] ----------------------------------------------------------------
INFO: [HLS 200-42] -- Implementing module 'dft_Pipeline_VITIS_LOOP_21_1' 
INFO: [HLS 200-10] ----------------------------------------------------------------
INFO: [SCHED 204-11] Starting scheduling ...
INFO: [SCHED 204-61] Pipelining loop 'VITIS_LOOP_21_1'.
INFO: [HLS 200-1470] Pipelining result : Target II = NA, Final II = 1, Depth = 2, loop 'VITIS_LOOP_21_1'
INFO: [SCHED 204-11] Finished scheduling.
INFO: [HLS 200-111] Finished Scheduling: CPU user time: 0.05 seconds. CPU system time: 0.05 seconds. Elapsed time: 0.15 seconds; current allocated memory: 712.355 MB.
INFO: [BIND 205-100] Starting micro-architecture generation ...
INFO: [BIND 205-101] Performing variable lifetime analysis.
INFO: [BIND 205-101] Exploring resource sharing.
INFO: [BIND 205-101] Binding ...
INFO: [BIND 205-100] Finished micro-architecture generation.
INFO: [HLS 200-111] Finished Binding: CPU user time: 0.03 seconds. CPU system time: 0 seconds. Elapsed time: 0.05 seconds; current allocated memory: 712.355 MB.
INFO: [HLS 200-10] ----------------------------------------------------------------
INFO: [HLS 200-42] -- Implementing module 'dft_Pipeline_VITIS_LOOP_43_2_VITIS_LOOP_44_3' 
INFO: [HLS 200-10] ----------------------------------------------------------------
INFO: [SCHED 204-11] Starting scheduling ...
INFO: [SCHED 204-61] Pipelining loop 'VITIS_LOOP_43_2_VITIS_LOOP_44_3'.
WARNING: [HLS 200-880] The II Violation in module 'dft_Pipeline_VITIS_LOOP_43_2_VITIS_LOOP_44_3' (loop 'VITIS_LOOP_43_2_VITIS_LOOP_44_3'): Unable to enforce a carried dependence constraint (II = 1, distance = 1, offset = 1) between 'store' operation 0 bit ('add193_write_ln49', dft.cpp:49) of variable 'add', dft.cpp:49 on local variable 'add193' and 'fadd' operation 32 bit ('add', dft.cpp:49).
WARNING: [HLS 200-880] The II Violation in module 'dft_Pipeline_VITIS_LOOP_43_2_VITIS_LOOP_44_3' (loop 'VITIS_LOOP_43_2_VITIS_LOOP_44_3'): Unable to enforce a carried dependence constraint (II = 2, distance = 1, offset = 1) between 'store' operation 0 bit ('add193_write_ln49', dft.cpp:49) of variable 'add', dft.cpp:49 on local variable 'add193' and 'fadd' operation 32 bit ('add', dft.cpp:49).
WARNING: [HLS 200-880] The II Violation in module 'dft_Pipeline_VITIS_LOOP_43_2_VITIS_LOOP_44_3' (loop 'VITIS_LOOP_43_2_VITIS_LOOP_44_3'): Unable to enforce a carried dependence constraint (II = 3, distance = 1, offset = 1) between 'store' operation 0 bit ('add193_write_ln49', dft.cpp:49) of variable 'add', dft.cpp:49 on local variable 'add193' and 'fadd' operation 32 bit ('add', dft.cpp:49).
WARNING: [HLS 200-880] The II Violation in module 'dft_Pipeline_VITIS_LOOP_43_2_VITIS_LOOP_44_3' (loop 'VITIS_LOOP_43_2_VITIS_LOOP_44_3'): Unable to enforce a carried dependence constraint (II = 4, distance = 1, offset = 1) between 'store' operation 0 bit ('add193_write_ln49', dft.cpp:49) of variable 'add', dft.cpp:49 on local variable 'add193' and 'fadd' operation 32 bit ('add', dft.cpp:49).
WARNING: [HLS 200-880] The II Violation in module 'dft_Pipeline_VITIS_LOOP_43_2_VITIS_LOOP_44_3' (loop 'VITIS_LOOP_43_2_VITIS_LOOP_44_3'): Unable to enforce a carried dependence constraint (II = 5, distance = 1, offset = 1) between 'store' operation 0 bit ('add193_write_ln49', dft.cpp:49) of variable 'add', dft.cpp:49 on local variable 'add193' and 'fadd' operation 32 bit ('add', dft.cpp:49).
INFO: [HLS 200-1470] Pipelining result : Target II = NA, Final II = 6, Depth = 22, loop 'VITIS_LOOP_43_2_VITIS_LOOP_44_3'
INFO: [SCHED 204-11] Finished scheduling.
INFO: [HLS 200-111] Finished Scheduling: CPU user time: 0.1 seconds. CPU system time: 0.01 seconds. Elapsed time: 0.18 seconds; current allocated memory: 712.508 MB.
INFO: [BIND 205-100] Starting micro-architecture generation ...
INFO: [BIND 205-101] Performing variable lifetime analysis.
INFO: [BIND 205-101] Exploring resource sharing.
INFO: [BIND 205-101] Binding ...
INFO: [BIND 205-100] Finished micro-architecture generation.
INFO: [HLS 200-111] Finished Binding: CPU user time: 0.04 seconds. CPU system time: 0 seconds. Elapsed time: 0.07 seconds; current allocated memory: 712.508 MB.
INFO: [HLS 200-10] ----------------------------------------------------------------
INFO: [HLS 200-42] -- Implementing module 'dft_Pipeline_VITIS_LOOP_67_4' 
INFO: [HLS 200-10] ----------------------------------------------------------------
INFO: [SCHED 204-11] Starting scheduling ...
INFO: [SCHED 204-61] Pipelining loop 'VITIS_LOOP_67_4'.
INFO: [HLS 200-1470] Pipelining result : Target II = NA, Final II = 1, Depth = 2, loop 'VITIS_LOOP_67_4'
INFO: [SCHED 204-11] Finished scheduling.
INFO: [HLS 200-111] Finished Scheduling: CPU user time: 0.04 seconds. CPU system time: 0.01 seconds. Elapsed time: 0.08 seconds; current allocated memory: 712.508 MB.
INFO: [BIND 205-100] Starting micro-architecture generation ...
INFO: [BIND 205-101] Performing variable lifetime analysis.
INFO: [BIND 205-101] Exploring resource sharing.
INFO: [BIND 205-101] Binding ...
INFO: [BIND 205-100] Finished micro-architecture generation.
INFO: [HLS 200-111] Finished Binding: CPU user time: 0.03 seconds. CPU system time: 0 seconds. Elapsed time: 0.06 seconds; current allocated memory: 712.508 MB.
INFO: [HLS 200-10] ----------------------------------------------------------------
INFO: [HLS 200-42] -- Implementing module 'dft' 
INFO: [HLS 200-10] ----------------------------------------------------------------
INFO: [SCHED 204-11] Starting scheduling ...
INFO: [SCHED 204-11] Finished scheduling.
INFO: [HLS 200-111] Finished Scheduling: CPU user time: 0.04 seconds. CPU system time: 0.01 seconds. Elapsed time: 0.08 seconds; current allocated memory: 712.508 MB.
INFO: [BIND 205-100] Starting micro-architecture generation ...
INFO: [BIND 205-101] Performing variable lifetime analysis.
INFO: [BIND 205-101] Exploring resource sharing.
INFO: [BIND 205-101] Binding ...
INFO: [BIND 205-100] Finished micro-architecture generation.
INFO: [HLS 200-111] Finished Binding: CPU user time: 0.02 seconds. CPU system time: 0 seconds. Elapsed time: 0.06 seconds; current allocated memory: 712.508 MB.
INFO: [HLS 200-10] ----------------------------------------------------------------
INFO: [HLS 200-10] -- Generating RTL for module 'dft_Pipeline_VITIS_LOOP_21_1' 
INFO: [HLS 200-10] ----------------------------------------------------------------
INFO: [HLS 200-1030] Apply Unified Pipeline Control on module 'dft_Pipeline_VITIS_LOOP_21_1' pipeline 'VITIS_LOOP_21_1' pipeline type 'loop pipeline'
INFO: [RTGEN 206-100] Finished creating RTL model for 'dft_Pipeline_VITIS_LOOP_21_1'.
INFO: [HLS 200-111] Finished Creating RTL model: CPU user time: 0.04 seconds. CPU system time: 0.01 seconds. Elapsed time: 0.1 seconds; current allocated memory: 712.508 MB.
INFO: [HLS 200-10] ----------------------------------------------------------------
INFO: [HLS 200-10] -- Generating RTL for module 'dft_Pipeline_VITIS_LOOP_43_2_VITIS_LOOP_44_3' 
INFO: [HLS 200-10] ----------------------------------------------------------------
INFO: [HLS 200-1030] Apply Unified Pipeline Control on module 'dft_Pipeline_VITIS_LOOP_43_2_VITIS_LOOP_44_3' pipeline 'VITIS_LOOP_43_2_VITIS_LOOP_44_3' pipeline type 'loop pipeline'
INFO: [RTGEN 206-100] Generating core module 'faddfsub_32ns_32ns_32_5_full_dsp_1': 1 instance(s).
INFO: [RTGEN 206-100] Generating core module 'fmul_32ns_32ns_32_4_max_dsp_1': 1 instance(s).
INFO: [RTGEN 206-100] Generating core module 'mul_10s_10s_10_1_1': 1 instance(s).
INFO: [RTGEN 206-100] Finished creating RTL model for 'dft_Pipeline_VITIS_LOOP_43_2_VITIS_LOOP_44_3'.
INFO: [RTMG 210-279] Implementing memory 'dft_dft_Pipeline_VITIS_LOOP_43_2_VITIS_LOOP_44_3_cos_coefficients_table_ROM_AUTO_1R' using auto ROMs.
INFO: [RTMG 210-279] Implementing memory 'dft_dft_Pipeline_VITIS_LOOP_43_2_VITIS_LOOP_44_3_sin_coefficients_table_ROM_AUTO_1R' using auto ROMs.
INFO: [HLS 200-111] Finished Creating RTL model: CPU user time: 0.13 seconds. CPU system time: 0.02 seconds. Elapsed time: 0.29 seconds; current allocated memory: 714.047 MB.
INFO: [HLS 200-10] ----------------------------------------------------------------
INFO: [HLS 200-10] -- Generating RTL for module 'dft_Pipeline_VITIS_LOOP_67_4' 
INFO: [HLS 200-10] ----------------------------------------------------------------
INFO: [HLS 200-1030] Apply Unified Pipeline Control on module 'dft_Pipeline_VITIS_LOOP_67_4' pipeline 'VITIS_LOOP_67_4' pipeline type 'loop pipeline'
INFO: [RTGEN 206-100] Finished creating RTL model for 'dft_Pipeline_VITIS_LOOP_67_4'.
INFO: [HLS 200-111] Finished Creating RTL model: CPU user time: 0.12 seconds. CPU system time: 0.01 seconds. Elapsed time: 0.21 seconds; current allocated memory: 714.801 MB.
INFO: [HLS 200-10] ----------------------------------------------------------------
INFO: [HLS 200-10] -- Generating RTL for module 'dft' 
INFO: [HLS 200-10] ----------------------------------------------------------------
WARNING: [RTGEN 206-101] Design contains AXI ports. Reset is fixed to synchronous and active low.
INFO: [RTGEN 206-500] Setting interface mode on port 'dft/real_sample_V_data_V' to 'axis' (register, both mode).
INFO: [RTGEN 206-500] Setting interface mode on port 'dft/real_sample_V_keep_V' to 'axis' (register, both mode).
INFO: [RTGEN 206-500] Setting interface mode on port 'dft/real_sample_V_strb_V' to 'axis' (register, both mode).
INFO: [RTGEN 206-500] Setting interface mode on port 'dft/real_sample_V_last_V' to 'axis' (register, both mode).
INFO: [RTGEN 206-500] Setting interface mode on port 'dft/imag_sample_V_data_V' to 'axis' (register, both mode).
INFO: [RTGEN 206-500] Setting interface mode on port 'dft/imag_sample_V_keep_V' to 'axis' (register, both mode).
INFO: [RTGEN 206-500] Setting interface mode on port 'dft/imag_sample_V_strb_V' to 'axis' (register, both mode).
INFO: [RTGEN 206-500] Setting interface mode on port 'dft/imag_sample_V_last_V' to 'axis' (register, both mode).
INFO: [RTGEN 206-500] Setting interface mode on port 'dft/real_op_V_data_V' to 'axis' (register, both mode).
INFO: [RTGEN 206-500] Setting interface mode on port 'dft/real_op_V_keep_V' to 'axis' (register, both mode).
INFO: [RTGEN 206-500] Setting interface mode on port 'dft/real_op_V_strb_V' to 'axis' (register, both mode).
INFO: [RTGEN 206-500] Setting interface mode on port 'dft/real_op_V_last_V' to 'axis' (register, both mode).
INFO: [RTGEN 206-500] Setting interface mode on port 'dft/imag_op_V_data_V' to 'axis' (register, both mode).
INFO: [RTGEN 206-500] Setting interface mode on port 'dft/imag_op_V_keep_V' to 'axis' (register, both mode).
INFO: [RTGEN 206-500] Setting interface mode on port 'dft/imag_op_V_strb_V' to 'axis' (register, both mode).
INFO: [RTGEN 206-500] Setting interface mode on port 'dft/imag_op_V_last_V' to 'axis' (register, both mode).
INFO: [RTGEN 206-500] Setting interface mode on function 'dft' to 's_axilite & ap_ctrl_hs'.
INFO: [RTGEN 206-100] Bundling port 'return' to AXI-Lite port control.
INFO: [RTGEN 206-100] Finished creating RTL model for 'dft'.
INFO: [RTMG 210-278] Implementing memory 'dft_real_sample_data_RAM_AUTO_1R1W' using auto RAMs.
INFO: [HLS 200-111] Finished Creating RTL model: CPU user time: 0.13 seconds. CPU system time: 0.02 seconds. Elapsed time: 0.35 seconds; current allocated memory: 716.434 MB.
INFO: [HLS 200-111] Finished Generating all RTL models: CPU user time: 0.39 seconds. CPU system time: 0.08 seconds. Elapsed time: 0.87 seconds; current allocated memory: 719.629 MB.
INFO: [HLS 200-111] Finished Updating report files: CPU user time: 0.53 seconds. CPU system time: 0.07 seconds. Elapsed time: 0.82 seconds; current allocated memory: 723.969 MB.
INFO: [VHDL 208-304] Generating VHDL RTL for dft.
INFO: [VLOG 209-307] Generating Verilog RTL for dft.
INFO: [HLS 200-790] **** Loop Constraint Status: All loop constraints were NOT satisfied.
INFO: [HLS 200-789] **** Estimated Fmax: 137.82 MHz
INFO: [HLS 200-2161] Finished Command csynth_design Elapsed time: 00:00:21; Allocated memory: 81.121 MB.
==============================================================
Vitis HLS - High-Level Synthesis from C, C++ and OpenCL v2024.2 (64-bit)
Tool Version Limit: 2024.11
Copyright 1986-2022 Xilinx, Inc. All Rights Reserved.
Copyright 2022-2024 Advanced Micro Devices, Inc. All Rights Reserved.

==============================================================
INFO: [SYN 201-201] Setting up clock 'default' with a period of 10ns.
INFO: [HLS 200-1611] Setting target device to 'xc7z020-clg400-1'
INFO: [HLS 200-1505] Using flow_target 'vivado'
INFO: [HLS 200-1465] Applying ini 'syn.file=../dft.cpp' from /home/linux/ieng6/students/186/dnwadhwani/Desktop/project3/Read_the_docs/project_files/project3/dft_1024_precomputed/dft.comp/hls_config.cfg(6)
INFO: [HLS 200-10] Adding design file 'dft.cpp' to the project
INFO: [HLS 200-1465] Applying ini 'tb.file=../dft_test.cpp' from /home/linux/ieng6/students/186/dnwadhwani/Desktop/project3/Read_the_docs/project_files/project3/dft_1024_precomputed/dft.comp/hls_config.cfg(8)
INFO: [HLS 200-10] Adding test bench file 'dft_test.cpp' to the project
INFO: [HLS 200-1465] Applying ini 'syn.top=dft' from /home/linux/ieng6/students/186/dnwadhwani/Desktop/project3/Read_the_docs/project_files/project3/dft_1024_precomputed/dft.comp/hls_config.cfg(7)
INFO: [HLS 200-1465] Applying ini 'flow_target=vivado' from /home/linux/ieng6/students/186/dnwadhwani/Desktop/project3/Read_the_docs/project_files/project3/dft_1024_precomputed/dft.comp/hls_config.cfg(5)
INFO: [HLS 200-1505] Using flow_target 'vivado'
INFO: [HLS 200-1465] Applying ini 'part=xc7z020-clg400-1' from /home/linux/ieng6/students/186/dnwadhwani/Desktop/project3/Read_the_docs/project_files/project3/dft_1024_precomputed/dft.comp/hls_config.cfg(1)
INFO: [HLS 200-1465] Applying ini 'clock=10ns' from /home/linux/ieng6/students/186/dnwadhwani/Desktop/project3/Read_the_docs/project_files/project3/dft_1024_precomputed/dft.comp/hls_config.cfg(4)
INFO: [SYN 201-201] Setting up clock 'default' with a period of 10ns.
INFO: [HLS 200-1510] Running: export_design -format ip_catalog -rtl verilog -version 1.0 -ipname dft 
INFO: [IMPL 213-8] Exporting RTL as a Vivado IP.
INFO: [HLS 200-802] Generated output file dft.comp/hls/impl/export.zip
INFO: [HLS 200-2161] Finished Command export_design Elapsed time: 00:00:47; Allocated memory: 21.875 MB.
