

================================================================
== Vitis HLS Report for 'dft'
================================================================
* Date:           Sat Nov  8 22:24:17 2025

* Version:        2024.2 (Build 5238294 on Nov  8 2024)
* Project:        dft.comp
* Solution:       hls (Vivado IP Flow Target)
* Product family: zynq
* Target device:  xc7z020-clg400-1


================================================================
== Performance Estimates
================================================================
+ Timing: 
    * Summary: 
    +--------+----------+----------+------------+
    |  Clock |  Target  | Estimated| Uncertainty|
    +--------+----------+----------+------------+
    |ap_clk  |  10.00 ns|  7.256 ns|     2.70 ns|
    +--------+----------+----------+------------+

+ Latency: 
    * Summary: 
    +---------+---------+----------+----------+--------+--------+-------------------------------------------------+
    |  Latency (cycles) |  Latency (absolute) |     Interval    |                     Pipeline                    |
    |   min   |   max   |    min   |    max   |   min  |   max  |                       Type                      |
    +---------+---------+----------+----------+--------+--------+-------------------------------------------------+
    |   131092|   131092|  1.311 ms|  1.311 ms|  131091|  131091|  loop auto-rewind stp (delay=19 clock cycles(s))|
    +---------+---------+----------+----------+--------+--------+-------------------------------------------------+

    + Detail: 
        * Instance: 
        N/A

        * Loop: 
        +-----------------------------------+---------+---------+----------+-----------+-----------+--------+----------+
        |                                   |  Latency (cycles) | Iteration|  Initiation Interval  |  Trip  |          |
        |             Loop Name             |   min   |   max   |  Latency |  achieved |   target  |  Count | Pipelined|
        +-----------------------------------+---------+---------+----------+-----------+-----------+--------+----------+
        |- VITIS_LOOP_16_1_VITIS_LOOP_22_2  |   131090|   131090|        20|          1|          1|  131072|       yes|
        +-----------------------------------+---------+---------+----------+-----------+-----------+--------+----------+



================================================================
== Utilization Estimates
================================================================
* Summary: 
+-----------------+---------+-----+--------+-------+-----+
|       Name      | BRAM_18K| DSP |   FF   |  LUT  | URAM|
+-----------------+---------+-----+--------+-------+-----+
|DSP              |        -|    -|       -|      -|    -|
|Expression       |        -|    -|       0|    193|    -|
|FIFO             |        -|    -|       -|      -|    -|
|Instance         |        -|  160|   11136|  22815|    -|
|Memory           |       16|    -|       0|      0|    -|
|Multiplexer      |        -|    -|       0|     99|    -|
|Register         |        -|    -|    6298|   1280|    -|
+-----------------+---------+-----+--------+-------+-----+
|Total            |       16|  160|   17434|  24387|    0|
+-----------------+---------+-----+--------+-------+-----+
|Available        |      280|  220|  106400|  53200|    0|
+-----------------+---------+-----+--------+-------+-----+
|Utilization (%)  |        5|   72|      16|     45|    0|
+-----------------+---------+-----+--------+-------+-----+

+ Detail: 
    * Instance: 
    +------------------------------------+--------------------------------+---------+----+-----+-----+-----+
    |              Instance              |             Module             | BRAM_18K| DSP|  FF | LUT | URAM|
    +------------------------------------+--------------------------------+---------+----+-----+-----+-----+
    |fadd_32ns_32ns_32_5_full_dsp_1_U2   |fadd_32ns_32ns_32_5_full_dsp_1  |        0|   2|  205|  390|    0|
    |fadd_32ns_32ns_32_5_full_dsp_1_U4   |fadd_32ns_32ns_32_5_full_dsp_1  |        0|   2|  205|  390|    0|
    |fadd_32ns_32ns_32_5_full_dsp_1_U6   |fadd_32ns_32ns_32_5_full_dsp_1  |        0|   2|  205|  390|    0|
    |fadd_32ns_32ns_32_5_full_dsp_1_U8   |fadd_32ns_32ns_32_5_full_dsp_1  |        0|   2|  205|  390|    0|
    |fadd_32ns_32ns_32_5_full_dsp_1_U10  |fadd_32ns_32ns_32_5_full_dsp_1  |        0|   2|  205|  390|    0|
    |fadd_32ns_32ns_32_5_full_dsp_1_U12  |fadd_32ns_32ns_32_5_full_dsp_1  |        0|   2|  205|  390|    0|
    |fadd_32ns_32ns_32_5_full_dsp_1_U14  |fadd_32ns_32ns_32_5_full_dsp_1  |        0|   2|  205|  390|    0|
    |fadd_32ns_32ns_32_5_full_dsp_1_U16  |fadd_32ns_32ns_32_5_full_dsp_1  |        0|   2|  205|  390|    0|
    |fadd_32ns_32ns_32_5_full_dsp_1_U17  |fadd_32ns_32ns_32_5_full_dsp_1  |        0|   2|  205|  390|    0|
    |fadd_32ns_32ns_32_5_full_dsp_1_U18  |fadd_32ns_32ns_32_5_full_dsp_1  |        0|   2|  205|  390|    0|
    |fadd_32ns_32ns_32_5_full_dsp_1_U19  |fadd_32ns_32ns_32_5_full_dsp_1  |        0|   2|  205|  390|    0|
    |fadd_32ns_32ns_32_5_full_dsp_1_U20  |fadd_32ns_32ns_32_5_full_dsp_1  |        0|   2|  205|  390|    0|
    |fadd_32ns_32ns_32_5_full_dsp_1_U21  |fadd_32ns_32ns_32_5_full_dsp_1  |        0|   2|  205|  390|    0|
    |fadd_32ns_32ns_32_5_full_dsp_1_U22  |fadd_32ns_32ns_32_5_full_dsp_1  |        0|   2|  205|  390|    0|
    |fadd_32ns_32ns_32_5_full_dsp_1_U23  |fadd_32ns_32ns_32_5_full_dsp_1  |        0|   2|  205|  390|    0|
    |fadd_32ns_32ns_32_5_full_dsp_1_U24  |fadd_32ns_32ns_32_5_full_dsp_1  |        0|   2|  205|  390|    0|
    |fadd_32ns_32ns_32_5_full_dsp_1_U25  |fadd_32ns_32ns_32_5_full_dsp_1  |        0|   2|  205|  390|    0|
    |fadd_32ns_32ns_32_5_full_dsp_1_U26  |fadd_32ns_32ns_32_5_full_dsp_1  |        0|   2|  205|  390|    0|
    |fadd_32ns_32ns_32_5_full_dsp_1_U27  |fadd_32ns_32ns_32_5_full_dsp_1  |        0|   2|  205|  390|    0|
    |fadd_32ns_32ns_32_5_full_dsp_1_U28  |fadd_32ns_32ns_32_5_full_dsp_1  |        0|   2|  205|  390|    0|
    |fadd_32ns_32ns_32_5_full_dsp_1_U29  |fadd_32ns_32ns_32_5_full_dsp_1  |        0|   2|  205|  390|    0|
    |fadd_32ns_32ns_32_5_full_dsp_1_U30  |fadd_32ns_32ns_32_5_full_dsp_1  |        0|   2|  205|  390|    0|
    |fadd_32ns_32ns_32_5_full_dsp_1_U31  |fadd_32ns_32ns_32_5_full_dsp_1  |        0|   2|  205|  390|    0|
    |fadd_32ns_32ns_32_5_full_dsp_1_U32  |fadd_32ns_32ns_32_5_full_dsp_1  |        0|   2|  205|  390|    0|
    |fmul_32ns_32ns_32_4_max_dsp_1_U33   |fmul_32ns_32ns_32_4_max_dsp_1   |        0|   3|  143|  321|    0|
    |fmul_32ns_32ns_32_4_max_dsp_1_U34   |fmul_32ns_32ns_32_4_max_dsp_1   |        0|   3|  143|  321|    0|
    |fmul_32ns_32ns_32_4_max_dsp_1_U35   |fmul_32ns_32ns_32_4_max_dsp_1   |        0|   3|  143|  321|    0|
    |fmul_32ns_32ns_32_4_max_dsp_1_U36   |fmul_32ns_32ns_32_4_max_dsp_1   |        0|   3|  143|  321|    0|
    |fmul_32ns_32ns_32_4_max_dsp_1_U37   |fmul_32ns_32ns_32_4_max_dsp_1   |        0|   3|  143|  321|    0|
    |fmul_32ns_32ns_32_4_max_dsp_1_U38   |fmul_32ns_32ns_32_4_max_dsp_1   |        0|   3|  143|  321|    0|
    |fmul_32ns_32ns_32_4_max_dsp_1_U39   |fmul_32ns_32ns_32_4_max_dsp_1   |        0|   3|  143|  321|    0|
    |fmul_32ns_32ns_32_4_max_dsp_1_U40   |fmul_32ns_32ns_32_4_max_dsp_1   |        0|   3|  143|  321|    0|
    |fmul_32ns_32ns_32_4_max_dsp_1_U41   |fmul_32ns_32ns_32_4_max_dsp_1   |        0|   3|  143|  321|    0|
    |fmul_32ns_32ns_32_4_max_dsp_1_U42   |fmul_32ns_32ns_32_4_max_dsp_1   |        0|   3|  143|  321|    0|
    |fmul_32ns_32ns_32_4_max_dsp_1_U43   |fmul_32ns_32ns_32_4_max_dsp_1   |        0|   3|  143|  321|    0|
    |fmul_32ns_32ns_32_4_max_dsp_1_U44   |fmul_32ns_32ns_32_4_max_dsp_1   |        0|   3|  143|  321|    0|
    |fmul_32ns_32ns_32_4_max_dsp_1_U45   |fmul_32ns_32ns_32_4_max_dsp_1   |        0|   3|  143|  321|    0|
    |fmul_32ns_32ns_32_4_max_dsp_1_U46   |fmul_32ns_32ns_32_4_max_dsp_1   |        0|   3|  143|  321|    0|
    |fmul_32ns_32ns_32_4_max_dsp_1_U47   |fmul_32ns_32ns_32_4_max_dsp_1   |        0|   3|  143|  321|    0|
    |fmul_32ns_32ns_32_4_max_dsp_1_U48   |fmul_32ns_32ns_32_4_max_dsp_1   |        0|   3|  143|  321|    0|
    |fmul_32ns_32ns_32_4_max_dsp_1_U49   |fmul_32ns_32ns_32_4_max_dsp_1   |        0|   3|  143|  321|    0|
    |fmul_32ns_32ns_32_4_max_dsp_1_U50   |fmul_32ns_32ns_32_4_max_dsp_1   |        0|   3|  143|  321|    0|
    |fmul_32ns_32ns_32_4_max_dsp_1_U51   |fmul_32ns_32ns_32_4_max_dsp_1   |        0|   3|  143|  321|    0|
    |fmul_32ns_32ns_32_4_max_dsp_1_U52   |fmul_32ns_32ns_32_4_max_dsp_1   |        0|   3|  143|  321|    0|
    |fmul_32ns_32ns_32_4_max_dsp_1_U53   |fmul_32ns_32ns_32_4_max_dsp_1   |        0|   3|  143|  321|    0|
    |fmul_32ns_32ns_32_4_max_dsp_1_U54   |fmul_32ns_32ns_32_4_max_dsp_1   |        0|   3|  143|  321|    0|
    |fmul_32ns_32ns_32_4_max_dsp_1_U55   |fmul_32ns_32ns_32_4_max_dsp_1   |        0|   3|  143|  321|    0|
    |fmul_32ns_32ns_32_4_max_dsp_1_U56   |fmul_32ns_32ns_32_4_max_dsp_1   |        0|   3|  143|  321|    0|
    |fmul_32ns_32ns_32_4_max_dsp_1_U57   |fmul_32ns_32ns_32_4_max_dsp_1   |        0|   3|  143|  321|    0|
    |fmul_32ns_32ns_32_4_max_dsp_1_U58   |fmul_32ns_32ns_32_4_max_dsp_1   |        0|   3|  143|  321|    0|
    |fmul_32ns_32ns_32_4_max_dsp_1_U59   |fmul_32ns_32ns_32_4_max_dsp_1   |        0|   3|  143|  321|    0|
    |fmul_32ns_32ns_32_4_max_dsp_1_U60   |fmul_32ns_32ns_32_4_max_dsp_1   |        0|   3|  143|  321|    0|
    |fmul_32ns_32ns_32_4_max_dsp_1_U61   |fmul_32ns_32ns_32_4_max_dsp_1   |        0|   3|  143|  321|    0|
    |fmul_32ns_32ns_32_4_max_dsp_1_U62   |fmul_32ns_32ns_32_4_max_dsp_1   |        0|   3|  143|  321|    0|
    |fmul_32ns_32ns_32_4_max_dsp_1_U63   |fmul_32ns_32ns_32_4_max_dsp_1   |        0|   3|  143|  321|    0|
    |fmul_32ns_32ns_32_4_max_dsp_1_U64   |fmul_32ns_32ns_32_4_max_dsp_1   |        0|   3|  143|  321|    0|
    |fsub_32ns_32ns_32_5_full_dsp_1_U1   |fsub_32ns_32ns_32_5_full_dsp_1  |        0|   2|  205|  390|    0|
    |fsub_32ns_32ns_32_5_full_dsp_1_U3   |fsub_32ns_32ns_32_5_full_dsp_1  |        0|   2|  205|  390|    0|
    |fsub_32ns_32ns_32_5_full_dsp_1_U5   |fsub_32ns_32ns_32_5_full_dsp_1  |        0|   2|  205|  390|    0|
    |fsub_32ns_32ns_32_5_full_dsp_1_U7   |fsub_32ns_32ns_32_5_full_dsp_1  |        0|   2|  205|  390|    0|
    |fsub_32ns_32ns_32_5_full_dsp_1_U9   |fsub_32ns_32ns_32_5_full_dsp_1  |        0|   2|  205|  390|    0|
    |fsub_32ns_32ns_32_5_full_dsp_1_U11  |fsub_32ns_32ns_32_5_full_dsp_1  |        0|   2|  205|  390|    0|
    |fsub_32ns_32ns_32_5_full_dsp_1_U13  |fsub_32ns_32ns_32_5_full_dsp_1  |        0|   2|  205|  390|    0|
    |fsub_32ns_32ns_32_5_full_dsp_1_U15  |fsub_32ns_32ns_32_5_full_dsp_1  |        0|   2|  205|  390|    0|
    |mul_10s_10s_10_1_1_U65              |mul_10s_10s_10_1_1              |        0|   0|    0|   63|    0|
    +------------------------------------+--------------------------------+---------+----+-----+-----+-----+
    |Total                               |                                |        0| 160|11136|22815|    0|
    +------------------------------------+--------------------------------+---------+----+-----+-----+-----+

    * DSP: 
    N/A

    * Memory: 
    +--------------------------+------------------------------------+---------+---+----+-----+------+-----+------+-------------+
    |          Memory          |               Module               | BRAM_18K| FF| LUT| URAM| Words| Bits| Banks| W*Bits*Banks|
    +--------------------------+------------------------------------+---------+---+----+-----+------+-----+------+-------------+
    |cos_coefficients_table_U  |cos_coefficients_table_ROM_AUTO_1R  |        8|  0|   0|    0|  1024|   32|     1|        32768|
    |sin_coefficients_table_U  |sin_coefficients_table_ROM_AUTO_1R  |        8|  0|   0|    0|  1024|   32|     1|        32768|
    +--------------------------+------------------------------------+---------+---+----+-----+------+-----+------+-------------+
    |Total                     |                                    |       16|  0|   0|    0|  2048|   64|     2|        65536|
    +--------------------------+------------------------------------+---------+---+----+-----+------+-----+------+-------------+

    * FIFO: 
    N/A

    * Expression: 
    +-----------------------+----------+----+---+----+------------+------------+
    |     Variable Name     | Operation| DSP| FF| LUT| Bitwidth P0| Bitwidth P1|
    +-----------------------+----------+----+---+----+------------+------------+
    |add_ln16_1_fu_986_p2   |         +|   0|  0|  24|          17|           1|
    |add_ln16_fu_1006_p2    |         +|   0|  0|  12|          11|           1|
    |add_ln24_2_fu_1092_p2  |         +|   0|  0|  13|          10|          10|
    |add_ln24_4_fu_1131_p2  |         +|   0|  0|  13|          10|          10|
    |add_ln24_fu_1053_p2    |         +|   0|  0|  13|          10|          10|
    |i_fu_980_p2            |         +|   0|  0|  12|          11|           4|
    |index_1_fu_1043_p2     |         +|   0|  0|  13|          10|          10|
    |index_3_fu_1082_p2     |         +|   0|  0|  13|          10|          10|
    |index_5_fu_1120_p2     |         +|   0|  0|  13|          10|          10|
    |index_7_fu_1146_p2     |         +|   0|  0|  13|          10|          10|
    |ap_condition_2521      |       and|   0|  0|   2|           1|           1|
    |ap_condition_716       |       and|   0|  0|   2|           1|           1|
    |icmp_ln16_fu_1012_p2   |      icmp|   0|  0|  24|          17|           2|
    |j_fu_922_p3            |    select|   0|  0|  11|           1|          11|
    |select_ln16_fu_914_p3  |    select|   0|  0|  11|           1|          11|
    |ap_enable_pp0          |       xor|   0|  0|   2|           1|           2|
    |xor_ln22_fu_1000_p2    |       xor|   0|  0|   2|           1|           2|
    +-----------------------+----------+----+---+----+------------+------------+
    |Total                  |          |   0|  0| 193|         132|         106|
    +-----------------------+----------+----+---+----+------------+------------+

    * Multiplexer: 
    +---------------------------------------+----+-----------+-----+-----------+
    |                  Name                 | LUT| Input Size| Bits| Total Bits|
    +---------------------------------------+----+-----------+-----+-----------+
    |add_ln166_fu_120                       |   9|          2|   11|         22|
    |ap_done_int                            |   9|          2|    1|          2|
    |ap_loop_exit_ready_pp0_iter19_reg      |   9|          2|    1|          2|
    |ap_phi_mux_icmp_ln225_phi_fu_619_p4    |   9|          2|    1|          2|
    |ap_sig_allocacmp_add_ln166_load        |   9|          2|   11|         22|
    |ap_sig_allocacmp_i4_load               |   9|          2|   11|         22|
    |ap_sig_allocacmp_indvar_flatten2_load  |   9|          2|   17|         34|
    |ap_sig_allocacmp_j3_load               |   9|          2|   11|         22|
    |i4_fu_116                              |   9|          2|   11|         22|
    |indvar_flatten2_fu_108                 |   9|          2|   17|         34|
    |j3_fu_112                              |   9|          2|   11|         22|
    +---------------------------------------+----+-----------+-----+-----------+
    |Total                                  |  99|         22|  103|        206|
    +---------------------------------------+----+-----------+-----+-----------+

    * Register: 
    +---------------------------------------------------+----+----+-----+-----------+
    |                        Name                       | FF | LUT| Bits| Const Bits|
    +---------------------------------------------------+----+----+-----+-----------+
    |add17_1_reg_1972                                   |  32|   0|   32|          0|
    |add17_2_reg_1982                                   |  32|   0|   32|          0|
    |add17_3_reg_2022                                   |  32|   0|   32|          0|
    |add17_4_reg_2032                                   |  32|   0|   32|          0|
    |add17_5_reg_2042                                   |  32|   0|   32|          0|
    |add17_6_reg_2082                                   |  32|   0|   32|          0|
    |add17_7_reg_2092                                   |  32|   0|   32|          0|
    |add1_reg_1962                                      |  32|   0|   32|          0|
    |add20_1_reg_2132                                   |  32|   0|   32|          0|
    |add20_2_reg_2142                                   |  32|   0|   32|          0|
    |add20_3_reg_2152                                   |  32|   0|   32|          0|
    |add20_3_reg_2152_pp0_iter18_reg                    |  32|   0|   32|          0|
    |add20_4_reg_2162                                   |  32|   0|   32|          0|
    |add20_4_reg_2162_pp0_iter18_reg                    |  32|   0|   32|          0|
    |add20_5_reg_2172                                   |  32|   0|   32|          0|
    |add20_5_reg_2172_pp0_iter18_reg                    |  32|   0|   32|          0|
    |add20_6_reg_2182                                   |  32|   0|   32|          0|
    |add20_7_reg_2192                                   |  32|   0|   32|          0|
    |add2_reg_2122                                      |  32|   0|   32|          0|
    |add_1_reg_2127                                     |  32|   0|   32|          0|
    |add_2_reg_2137                                     |  32|   0|   32|          0|
    |add_3_reg_2147                                     |  32|   0|   32|          0|
    |add_3_reg_2147_pp0_iter18_reg                      |  32|   0|   32|          0|
    |add_4_reg_2157                                     |  32|   0|   32|          0|
    |add_4_reg_2157_pp0_iter18_reg                      |  32|   0|   32|          0|
    |add_5_reg_2167                                     |  32|   0|   32|          0|
    |add_5_reg_2167_pp0_iter18_reg                      |  32|   0|   32|          0|
    |add_6_reg_2177                                     |  32|   0|   32|          0|
    |add_7_reg_2187                                     |  32|   0|   32|          0|
    |add_ln166_fu_120                                   |  11|   0|   11|          0|
    |add_reg_2117                                       |  32|   0|   32|          0|
    |ap_CS_fsm                                          |   1|   0|    1|          0|
    |ap_condition_exit_pp0_iter0_stage0_pp0_iter10_reg  |   1|   0|    1|          0|
    |ap_condition_exit_pp0_iter0_stage0_pp0_iter11_reg  |   1|   0|    1|          0|
    |ap_condition_exit_pp0_iter0_stage0_pp0_iter12_reg  |   1|   0|    1|          0|
    |ap_condition_exit_pp0_iter0_stage0_pp0_iter13_reg  |   1|   0|    1|          0|
    |ap_condition_exit_pp0_iter0_stage0_pp0_iter14_reg  |   1|   0|    1|          0|
    |ap_condition_exit_pp0_iter0_stage0_pp0_iter15_reg  |   1|   0|    1|          0|
    |ap_condition_exit_pp0_iter0_stage0_pp0_iter16_reg  |   1|   0|    1|          0|
    |ap_condition_exit_pp0_iter0_stage0_pp0_iter17_reg  |   1|   0|    1|          0|
    |ap_condition_exit_pp0_iter0_stage0_pp0_iter18_reg  |   1|   0|    1|          0|
    |ap_condition_exit_pp0_iter0_stage0_pp0_iter19_reg  |   1|   0|    1|          0|
    |ap_condition_exit_pp0_iter0_stage0_pp0_iter1_reg   |   1|   0|    1|          0|
    |ap_condition_exit_pp0_iter0_stage0_pp0_iter2_reg   |   1|   0|    1|          0|
    |ap_condition_exit_pp0_iter0_stage0_pp0_iter3_reg   |   1|   0|    1|          0|
    |ap_condition_exit_pp0_iter0_stage0_pp0_iter4_reg   |   1|   0|    1|          0|
    |ap_condition_exit_pp0_iter0_stage0_pp0_iter5_reg   |   1|   0|    1|          0|
    |ap_condition_exit_pp0_iter0_stage0_pp0_iter6_reg   |   1|   0|    1|          0|
    |ap_condition_exit_pp0_iter0_stage0_pp0_iter7_reg   |   1|   0|    1|          0|
    |ap_condition_exit_pp0_iter0_stage0_pp0_iter8_reg   |   1|   0|    1|          0|
    |ap_condition_exit_pp0_iter0_stage0_pp0_iter9_reg   |   1|   0|    1|          0|
    |ap_done_reg                                        |   1|   0|    1|          0|
    |ap_enable_reg_pp0_iter1                            |   1|   0|    1|          0|
    |ap_enable_reg_pp0_iter10                           |   1|   0|    1|          0|
    |ap_enable_reg_pp0_iter11                           |   1|   0|    1|          0|
    |ap_enable_reg_pp0_iter12                           |   1|   0|    1|          0|
    |ap_enable_reg_pp0_iter13                           |   1|   0|    1|          0|
    |ap_enable_reg_pp0_iter14                           |   1|   0|    1|          0|
    |ap_enable_reg_pp0_iter15                           |   1|   0|    1|          0|
    |ap_enable_reg_pp0_iter16                           |   1|   0|    1|          0|
    |ap_enable_reg_pp0_iter17                           |   1|   0|    1|          0|
    |ap_enable_reg_pp0_iter18                           |   1|   0|    1|          0|
    |ap_enable_reg_pp0_iter19                           |   1|   0|    1|          0|
    |ap_enable_reg_pp0_iter2                            |   1|   0|    1|          0|
    |ap_enable_reg_pp0_iter3                            |   1|   0|    1|          0|
    |ap_enable_reg_pp0_iter4                            |   1|   0|    1|          0|
    |ap_enable_reg_pp0_iter5                            |   1|   0|    1|          0|
    |ap_enable_reg_pp0_iter6                            |   1|   0|    1|          0|
    |ap_enable_reg_pp0_iter7                            |   1|   0|    1|          0|
    |ap_enable_reg_pp0_iter8                            |   1|   0|    1|          0|
    |ap_enable_reg_pp0_iter9                            |   1|   0|    1|          0|
    |ap_loop_exit_ready_pp0_iter10_reg                  |   1|   0|    1|          0|
    |ap_loop_exit_ready_pp0_iter11_reg                  |   1|   0|    1|          0|
    |ap_loop_exit_ready_pp0_iter12_reg                  |   1|   0|    1|          0|
    |ap_loop_exit_ready_pp0_iter13_reg                  |   1|   0|    1|          0|
    |ap_loop_exit_ready_pp0_iter14_reg                  |   1|   0|    1|          0|
    |ap_loop_exit_ready_pp0_iter15_reg                  |   1|   0|    1|          0|
    |ap_loop_exit_ready_pp0_iter16_reg                  |   1|   0|    1|          0|
    |ap_loop_exit_ready_pp0_iter17_reg                  |   1|   0|    1|          0|
    |ap_loop_exit_ready_pp0_iter18_reg                  |   1|   0|    1|          0|
    |ap_loop_exit_ready_pp0_iter19_reg                  |   1|   0|    1|          0|
    |ap_loop_exit_ready_pp0_iter1_reg                   |   1|   0|    1|          0|
    |ap_loop_exit_ready_pp0_iter2_reg                   |   1|   0|    1|          0|
    |ap_loop_exit_ready_pp0_iter3_reg                   |   1|   0|    1|          0|
    |ap_loop_exit_ready_pp0_iter4_reg                   |   1|   0|    1|          0|
    |ap_loop_exit_ready_pp0_iter5_reg                   |   1|   0|    1|          0|
    |ap_loop_exit_ready_pp0_iter6_reg                   |   1|   0|    1|          0|
    |ap_loop_exit_ready_pp0_iter7_reg                   |   1|   0|    1|          0|
    |ap_loop_exit_ready_pp0_iter8_reg                   |   1|   0|    1|          0|
    |ap_loop_exit_ready_pp0_iter9_reg                   |   1|   0|    1|          0|
    |c_1_reg_1613                                       |  32|   0|   32|          0|
    |c_2_reg_1625                                       |  32|   0|   32|          0|
    |c_3_reg_1717                                       |  32|   0|   32|          0|
    |c_4_reg_1729                                       |  32|   0|   32|          0|
    |c_5_reg_1741                                       |  32|   0|   32|          0|
    |c_6_reg_1773                                       |  32|   0|   32|          0|
    |c_7_reg_1785                                       |  32|   0|   32|          0|
    |c_reg_1601                                         |  32|   0|   32|          0|
    |i4_fu_116                                          |  11|   0|   11|          0|
    |icmp_ln16_reg_1471                                 |   1|   0|    1|          0|
    |ij_reg_1697                                        |  32|   0|   32|          0|
    |imag_op_0_addr_reg_1376                            |   7|   0|    7|          0|
    |imag_op_0_load_reg_1500                            |  32|   0|   32|          0|
    |imag_op_1_addr_reg_1388                            |   7|   0|    7|          0|
    |imag_op_1_load_reg_1520                            |  32|   0|   32|          0|
    |imag_op_2_addr_reg_1400                            |   7|   0|    7|          0|
    |imag_op_2_load_reg_1540                            |  32|   0|   32|          0|
    |imag_op_3_addr_reg_1412                            |   7|   0|    7|          0|
    |imag_op_3_load_reg_1556                            |  32|   0|   32|          0|
    |imag_op_4_addr_reg_1424                            |   7|   0|    7|          0|
    |imag_op_4_load_reg_1566                            |  32|   0|   32|          0|
    |imag_op_5_addr_reg_1436                            |   7|   0|    7|          0|
    |imag_op_5_load_reg_1576                            |  32|   0|   32|          0|
    |imag_op_6_addr_reg_1448                            |   7|   0|    7|          0|
    |imag_op_6_load_reg_1586                            |  32|   0|   32|          0|
    |imag_op_7_addr_reg_1460                            |   7|   0|    7|          0|
    |imag_op_7_load_reg_1596                            |  32|   0|   32|          0|
    |imag_sample_load_reg_1480                          |  32|   0|   32|          0|
    |imag_sample_load_reg_1480_pp0_iter2_reg            |  32|   0|   32|          0|
    |index_3_reg_1545                                   |  10|   0|   10|          0|
    |index_7_reg_1672                                   |  10|   0|   10|          0|
    |index_reg_1364                                     |  10|   0|   10|          0|
    |indvar_flatten2_fu_108                             |  17|   0|   17|          0|
    |j3_fu_112                                          |  11|   0|   11|          0|
    |mul11_1_reg_1817                                   |  32|   0|   32|          0|
    |mul11_2_reg_1837                                   |  32|   0|   32|          0|
    |mul11_3_reg_1857                                   |  32|   0|   32|          0|
    |mul11_4_reg_1877                                   |  32|   0|   32|          0|
    |mul11_5_reg_1897                                   |  32|   0|   32|          0|
    |mul11_6_reg_1917                                   |  32|   0|   32|          0|
    |mul11_7_reg_1937                                   |  32|   0|   32|          0|
    |mul12_1_reg_1822                                   |  32|   0|   32|          0|
    |mul12_2_reg_1842                                   |  32|   0|   32|          0|
    |mul12_3_reg_1862                                   |  32|   0|   32|          0|
    |mul12_4_reg_1882                                   |  32|   0|   32|          0|
    |mul12_5_reg_1902                                   |  32|   0|   32|          0|
    |mul12_6_reg_1922                                   |  32|   0|   32|          0|
    |mul12_7_reg_1942                                   |  32|   0|   32|          0|
    |mul15_1_reg_1827                                   |  32|   0|   32|          0|
    |mul15_2_reg_1847                                   |  32|   0|   32|          0|
    |mul15_3_reg_1867                                   |  32|   0|   32|          0|
    |mul15_4_reg_1887                                   |  32|   0|   32|          0|
    |mul15_5_reg_1907                                   |  32|   0|   32|          0|
    |mul15_6_reg_1927                                   |  32|   0|   32|          0|
    |mul15_7_reg_1947                                   |  32|   0|   32|          0|
    |mul16_1_reg_1832                                   |  32|   0|   32|          0|
    |mul16_2_reg_1852                                   |  32|   0|   32|          0|
    |mul16_3_reg_1872                                   |  32|   0|   32|          0|
    |mul16_4_reg_1892                                   |  32|   0|   32|          0|
    |mul16_5_reg_1912                                   |  32|   0|   32|          0|
    |mul16_6_reg_1932                                   |  32|   0|   32|          0|
    |mul16_7_reg_1952                                   |  32|   0|   32|          0|
    |mul1_reg_1802                                      |  32|   0|   32|          0|
    |mul2_reg_1807                                      |  32|   0|   32|          0|
    |mul3_reg_1812                                      |  32|   0|   32|          0|
    |mul_reg_1797                                       |  32|   0|   32|          0|
    |real_op_0_addr_reg_1370                            |   7|   0|    7|          0|
    |real_op_0_load_reg_1495                            |  32|   0|   32|          0|
    |real_op_1_addr_reg_1382                            |   7|   0|    7|          0|
    |real_op_1_load_reg_1515                            |  32|   0|   32|          0|
    |real_op_2_addr_reg_1394                            |   7|   0|    7|          0|
    |real_op_2_load_reg_1535                            |  32|   0|   32|          0|
    |real_op_3_addr_reg_1406                            |   7|   0|    7|          0|
    |real_op_3_load_reg_1551                            |  32|   0|   32|          0|
    |real_op_4_addr_reg_1418                            |   7|   0|    7|          0|
    |real_op_4_load_reg_1561                            |  32|   0|   32|          0|
    |real_op_5_addr_reg_1430                            |   7|   0|    7|          0|
    |real_op_5_load_reg_1571                            |  32|   0|   32|          0|
    |real_op_6_addr_reg_1442                            |   7|   0|    7|          0|
    |real_op_6_load_reg_1581                            |  32|   0|   32|          0|
    |real_op_7_addr_reg_1454                            |   7|   0|    7|          0|
    |real_op_7_load_reg_1591                            |  32|   0|   32|          0|
    |real_sample_load_reg_1475                          |  32|   0|   32|          0|
    |real_sample_load_reg_1475_pp0_iter2_reg            |  32|   0|   32|          0|
    |rj_reg_1677                                        |  32|   0|   32|          0|
    |s_1_reg_1619                                       |  32|   0|   32|          0|
    |s_2_reg_1631                                       |  32|   0|   32|          0|
    |s_3_reg_1723                                       |  32|   0|   32|          0|
    |s_4_reg_1735                                       |  32|   0|   32|          0|
    |s_5_reg_1747                                       |  32|   0|   32|          0|
    |s_6_reg_1779                                       |  32|   0|   32|          0|
    |s_7_reg_1791                                       |  32|   0|   32|          0|
    |s_reg_1607                                         |  32|   0|   32|          0|
    |sub_1_reg_1967                                     |  32|   0|   32|          0|
    |sub_2_reg_1977                                     |  32|   0|   32|          0|
    |sub_3_reg_2017                                     |  32|   0|   32|          0|
    |sub_4_reg_2027                                     |  32|   0|   32|          0|
    |sub_5_reg_2037                                     |  32|   0|   32|          0|
    |sub_6_reg_2077                                     |  32|   0|   32|          0|
    |sub_7_reg_2087                                     |  32|   0|   32|          0|
    |sub_reg_1957                                       |  32|   0|   32|          0|
    |tmp_2_reg_1667                                     |   9|   0|    9|          0|
    |trunc_ln24_reg_1343                                |  10|   0|   10|          0|
    |trunc_ln24_reg_1343_pp0_iter1_reg                  |  10|   0|   10|          0|
    |xor_ln22_reg_1466                                  |   1|   0|    1|          0|
    |add20_1_reg_2132                                   |  64|  32|   32|          0|
    |add20_2_reg_2142                                   |  64|  32|   32|          0|
    |add2_reg_2122                                      |  64|  32|   32|          0|
    |add_1_reg_2127                                     |  64|  32|   32|          0|
    |add_2_reg_2137                                     |  64|  32|   32|          0|
    |add_reg_2117                                       |  64|  32|   32|          0|
    |ij_reg_1697                                        |  64|  32|   32|          0|
    |imag_op_0_addr_reg_1376                            |  64|  32|    7|          0|
    |imag_op_0_load_reg_1500                            |  64|  32|   32|          0|
    |imag_op_1_addr_reg_1388                            |  64|  32|    7|          0|
    |imag_op_1_load_reg_1520                            |  64|  32|   32|          0|
    |imag_op_2_addr_reg_1400                            |  64|  32|    7|          0|
    |imag_op_2_load_reg_1540                            |  64|  32|   32|          0|
    |imag_op_3_addr_reg_1412                            |  64|  32|    7|          0|
    |imag_op_3_load_reg_1556                            |  64|  32|   32|          0|
    |imag_op_4_addr_reg_1424                            |  64|  32|    7|          0|
    |imag_op_4_load_reg_1566                            |  64|  32|   32|          0|
    |imag_op_5_addr_reg_1436                            |  64|  32|    7|          0|
    |imag_op_5_load_reg_1576                            |  64|  32|   32|          0|
    |imag_op_6_addr_reg_1448                            |  64|  32|    7|          0|
    |imag_op_6_load_reg_1586                            |  64|  32|   32|          0|
    |imag_op_7_addr_reg_1460                            |  64|  32|    7|          0|
    |imag_op_7_load_reg_1596                            |  64|  32|   32|          0|
    |real_op_0_addr_reg_1370                            |  64|  32|    7|          0|
    |real_op_0_load_reg_1495                            |  64|  32|   32|          0|
    |real_op_1_addr_reg_1382                            |  64|  32|    7|          0|
    |real_op_1_load_reg_1515                            |  64|  32|   32|          0|
    |real_op_2_addr_reg_1394                            |  64|  32|    7|          0|
    |real_op_2_load_reg_1535                            |  64|  32|   32|          0|
    |real_op_3_addr_reg_1406                            |  64|  32|    7|          0|
    |real_op_3_load_reg_1551                            |  64|  32|   32|          0|
    |real_op_4_addr_reg_1418                            |  64|  32|    7|          0|
    |real_op_4_load_reg_1561                            |  64|  32|   32|          0|
    |real_op_5_addr_reg_1430                            |  64|  32|    7|          0|
    |real_op_5_load_reg_1571                            |  64|  32|   32|          0|
    |real_op_6_addr_reg_1442                            |  64|  32|    7|          0|
    |real_op_6_load_reg_1581                            |  64|  32|   32|          0|
    |real_op_7_addr_reg_1454                            |  64|  32|    7|          0|
    |real_op_7_load_reg_1591                            |  64|  32|   32|          0|
    |rj_reg_1677                                        |  64|  32|   32|          0|
    +---------------------------------------------------+----+----+-----+-----------+
    |Total                                              |6298|1280| 4618|          0|
    +---------------------------------------------------+----+----+-----+-----------+



================================================================
== Interface
================================================================
* Summary: 
+----------------------+-----+-----+------------+--------------+--------------+
|       RTL Ports      | Dir | Bits|  Protocol  | Source Object|    C Type    |
+----------------------+-----+-----+------------+--------------+--------------+
|ap_clk                |   in|    1|  ap_ctrl_hs|           dft|  return value|
|ap_rst                |   in|    1|  ap_ctrl_hs|           dft|  return value|
|ap_start              |   in|    1|  ap_ctrl_hs|           dft|  return value|
|ap_done               |  out|    1|  ap_ctrl_hs|           dft|  return value|
|ap_idle               |  out|    1|  ap_ctrl_hs|           dft|  return value|
|ap_ready              |  out|    1|  ap_ctrl_hs|           dft|  return value|
|real_sample_address0  |  out|   10|   ap_memory|   real_sample|         array|
|real_sample_ce0       |  out|    1|   ap_memory|   real_sample|         array|
|real_sample_q0        |   in|   32|   ap_memory|   real_sample|         array|
|imag_sample_address0  |  out|   10|   ap_memory|   imag_sample|         array|
|imag_sample_ce0       |  out|    1|   ap_memory|   imag_sample|         array|
|imag_sample_q0        |   in|   32|   ap_memory|   imag_sample|         array|
|real_op_0_address0    |  out|    7|   ap_memory|     real_op_0|         array|
|real_op_0_ce0         |  out|    1|   ap_memory|     real_op_0|         array|
|real_op_0_we0         |  out|    1|   ap_memory|     real_op_0|         array|
|real_op_0_d0          |  out|   32|   ap_memory|     real_op_0|         array|
|real_op_0_address1    |  out|    7|   ap_memory|     real_op_0|         array|
|real_op_0_ce1         |  out|    1|   ap_memory|     real_op_0|         array|
|real_op_0_q1          |   in|   32|   ap_memory|     real_op_0|         array|
|real_op_1_address0    |  out|    7|   ap_memory|     real_op_1|         array|
|real_op_1_ce0         |  out|    1|   ap_memory|     real_op_1|         array|
|real_op_1_we0         |  out|    1|   ap_memory|     real_op_1|         array|
|real_op_1_d0          |  out|   32|   ap_memory|     real_op_1|         array|
|real_op_1_address1    |  out|    7|   ap_memory|     real_op_1|         array|
|real_op_1_ce1         |  out|    1|   ap_memory|     real_op_1|         array|
|real_op_1_q1          |   in|   32|   ap_memory|     real_op_1|         array|
|real_op_2_address0    |  out|    7|   ap_memory|     real_op_2|         array|
|real_op_2_ce0         |  out|    1|   ap_memory|     real_op_2|         array|
|real_op_2_we0         |  out|    1|   ap_memory|     real_op_2|         array|
|real_op_2_d0          |  out|   32|   ap_memory|     real_op_2|         array|
|real_op_2_address1    |  out|    7|   ap_memory|     real_op_2|         array|
|real_op_2_ce1         |  out|    1|   ap_memory|     real_op_2|         array|
|real_op_2_q1          |   in|   32|   ap_memory|     real_op_2|         array|
|real_op_3_address0    |  out|    7|   ap_memory|     real_op_3|         array|
|real_op_3_ce0         |  out|    1|   ap_memory|     real_op_3|         array|
|real_op_3_we0         |  out|    1|   ap_memory|     real_op_3|         array|
|real_op_3_d0          |  out|   32|   ap_memory|     real_op_3|         array|
|real_op_3_address1    |  out|    7|   ap_memory|     real_op_3|         array|
|real_op_3_ce1         |  out|    1|   ap_memory|     real_op_3|         array|
|real_op_3_q1          |   in|   32|   ap_memory|     real_op_3|         array|
|real_op_4_address0    |  out|    7|   ap_memory|     real_op_4|         array|
|real_op_4_ce0         |  out|    1|   ap_memory|     real_op_4|         array|
|real_op_4_we0         |  out|    1|   ap_memory|     real_op_4|         array|
|real_op_4_d0          |  out|   32|   ap_memory|     real_op_4|         array|
|real_op_4_address1    |  out|    7|   ap_memory|     real_op_4|         array|
|real_op_4_ce1         |  out|    1|   ap_memory|     real_op_4|         array|
|real_op_4_q1          |   in|   32|   ap_memory|     real_op_4|         array|
|real_op_5_address0    |  out|    7|   ap_memory|     real_op_5|         array|
|real_op_5_ce0         |  out|    1|   ap_memory|     real_op_5|         array|
|real_op_5_we0         |  out|    1|   ap_memory|     real_op_5|         array|
|real_op_5_d0          |  out|   32|   ap_memory|     real_op_5|         array|
|real_op_5_address1    |  out|    7|   ap_memory|     real_op_5|         array|
|real_op_5_ce1         |  out|    1|   ap_memory|     real_op_5|         array|
|real_op_5_q1          |   in|   32|   ap_memory|     real_op_5|         array|
|real_op_6_address0    |  out|    7|   ap_memory|     real_op_6|         array|
|real_op_6_ce0         |  out|    1|   ap_memory|     real_op_6|         array|
|real_op_6_we0         |  out|    1|   ap_memory|     real_op_6|         array|
|real_op_6_d0          |  out|   32|   ap_memory|     real_op_6|         array|
|real_op_6_address1    |  out|    7|   ap_memory|     real_op_6|         array|
|real_op_6_ce1         |  out|    1|   ap_memory|     real_op_6|         array|
|real_op_6_q1          |   in|   32|   ap_memory|     real_op_6|         array|
|real_op_7_address0    |  out|    7|   ap_memory|     real_op_7|         array|
|real_op_7_ce0         |  out|    1|   ap_memory|     real_op_7|         array|
|real_op_7_we0         |  out|    1|   ap_memory|     real_op_7|         array|
|real_op_7_d0          |  out|   32|   ap_memory|     real_op_7|         array|
|real_op_7_address1    |  out|    7|   ap_memory|     real_op_7|         array|
|real_op_7_ce1         |  out|    1|   ap_memory|     real_op_7|         array|
|real_op_7_q1          |   in|   32|   ap_memory|     real_op_7|         array|
|imag_op_0_address0    |  out|    7|   ap_memory|     imag_op_0|         array|
|imag_op_0_ce0         |  out|    1|   ap_memory|     imag_op_0|         array|
|imag_op_0_we0         |  out|    1|   ap_memory|     imag_op_0|         array|
|imag_op_0_d0          |  out|   32|   ap_memory|     imag_op_0|         array|
|imag_op_0_address1    |  out|    7|   ap_memory|     imag_op_0|         array|
|imag_op_0_ce1         |  out|    1|   ap_memory|     imag_op_0|         array|
|imag_op_0_q1          |   in|   32|   ap_memory|     imag_op_0|         array|
|imag_op_1_address0    |  out|    7|   ap_memory|     imag_op_1|         array|
|imag_op_1_ce0         |  out|    1|   ap_memory|     imag_op_1|         array|
|imag_op_1_we0         |  out|    1|   ap_memory|     imag_op_1|         array|
|imag_op_1_d0          |  out|   32|   ap_memory|     imag_op_1|         array|
|imag_op_1_address1    |  out|    7|   ap_memory|     imag_op_1|         array|
|imag_op_1_ce1         |  out|    1|   ap_memory|     imag_op_1|         array|
|imag_op_1_q1          |   in|   32|   ap_memory|     imag_op_1|         array|
|imag_op_2_address0    |  out|    7|   ap_memory|     imag_op_2|         array|
|imag_op_2_ce0         |  out|    1|   ap_memory|     imag_op_2|         array|
|imag_op_2_we0         |  out|    1|   ap_memory|     imag_op_2|         array|
|imag_op_2_d0          |  out|   32|   ap_memory|     imag_op_2|         array|
|imag_op_2_address1    |  out|    7|   ap_memory|     imag_op_2|         array|
|imag_op_2_ce1         |  out|    1|   ap_memory|     imag_op_2|         array|
|imag_op_2_q1          |   in|   32|   ap_memory|     imag_op_2|         array|
|imag_op_3_address0    |  out|    7|   ap_memory|     imag_op_3|         array|
|imag_op_3_ce0         |  out|    1|   ap_memory|     imag_op_3|         array|
|imag_op_3_we0         |  out|    1|   ap_memory|     imag_op_3|         array|
|imag_op_3_d0          |  out|   32|   ap_memory|     imag_op_3|         array|
|imag_op_3_address1    |  out|    7|   ap_memory|     imag_op_3|         array|
|imag_op_3_ce1         |  out|    1|   ap_memory|     imag_op_3|         array|
|imag_op_3_q1          |   in|   32|   ap_memory|     imag_op_3|         array|
|imag_op_4_address0    |  out|    7|   ap_memory|     imag_op_4|         array|
|imag_op_4_ce0         |  out|    1|   ap_memory|     imag_op_4|         array|
|imag_op_4_we0         |  out|    1|   ap_memory|     imag_op_4|         array|
|imag_op_4_d0          |  out|   32|   ap_memory|     imag_op_4|         array|
|imag_op_4_address1    |  out|    7|   ap_memory|     imag_op_4|         array|
|imag_op_4_ce1         |  out|    1|   ap_memory|     imag_op_4|         array|
|imag_op_4_q1          |   in|   32|   ap_memory|     imag_op_4|         array|
|imag_op_5_address0    |  out|    7|   ap_memory|     imag_op_5|         array|
|imag_op_5_ce0         |  out|    1|   ap_memory|     imag_op_5|         array|
|imag_op_5_we0         |  out|    1|   ap_memory|     imag_op_5|         array|
|imag_op_5_d0          |  out|   32|   ap_memory|     imag_op_5|         array|
|imag_op_5_address1    |  out|    7|   ap_memory|     imag_op_5|         array|
|imag_op_5_ce1         |  out|    1|   ap_memory|     imag_op_5|         array|
|imag_op_5_q1          |   in|   32|   ap_memory|     imag_op_5|         array|
|imag_op_6_address0    |  out|    7|   ap_memory|     imag_op_6|         array|
|imag_op_6_ce0         |  out|    1|   ap_memory|     imag_op_6|         array|
|imag_op_6_we0         |  out|    1|   ap_memory|     imag_op_6|         array|
|imag_op_6_d0          |  out|   32|   ap_memory|     imag_op_6|         array|
|imag_op_6_address1    |  out|    7|   ap_memory|     imag_op_6|         array|
|imag_op_6_ce1         |  out|    1|   ap_memory|     imag_op_6|         array|
|imag_op_6_q1          |   in|   32|   ap_memory|     imag_op_6|         array|
|imag_op_7_address0    |  out|    7|   ap_memory|     imag_op_7|         array|
|imag_op_7_ce0         |  out|    1|   ap_memory|     imag_op_7|         array|
|imag_op_7_we0         |  out|    1|   ap_memory|     imag_op_7|         array|
|imag_op_7_d0          |  out|   32|   ap_memory|     imag_op_7|         array|
|imag_op_7_address1    |  out|    7|   ap_memory|     imag_op_7|         array|
|imag_op_7_ce1         |  out|    1|   ap_memory|     imag_op_7|         array|
|imag_op_7_q1          |   in|   32|   ap_memory|     imag_op_7|         array|
+----------------------+-----+-----+------------+--------------+--------------+

